MPLINK 4.48, Linker
Linker Map File - Created Fri Jun 18 11:42:17 2021

                                 Section Info
                  Section       Type    Address   Location Size(Bytes)
                ---------  ---------  ---------  ---------  ---------
               _entry_scn       code   0x000000    program   0x000006
      .romdata_MRF24J40.o    romdata   0x000006    program   0x000002
               highVector       code   0x000008    program   0x000006
       .code__user_putc.o       code   0x00000e    program   0x000002
           .code___init.o       code   0x000010    program   0x000002
       .idata_MiWiPRO.o_i    romdata   0x000012    program   0x000000
    .romdata_LcdDisplay.o    romdata   0x000012    program   0x000000
    .idata_LcdDisplay.o_i    romdata   0x000012    program   0x000004
          .romdata_Demo.o    romdata   0x000012    program   0x000000
    .romdata_SymbolTime.o    romdata   0x000012    program   0x000000
    .idata_SymbolTime.o_i    romdata   0x000012    program   0x000000
          .romdata_MSPI.o    romdata   0x000012    program   0x000000
       .romdata_MRF89XA.o    romdata   0x000012    program   0x000000
     .romdata_TimeDelay.o    romdata   0x000012    program   0x000000
     .idata_TimeDelay.o_i    romdata   0x000012    program   0x000000
           .romdata_P2P.o    romdata   0x000012    program   0x000000
           .idata_P2P.o_i    romdata   0x000012    program   0x000000
       .romdata_MiWiPRO.o    romdata   0x000012    program   0x000000
           .idata_NVM.o_i    romdata   0x000012    program   0x000000
           .romdata_NVM.o    romdata   0x000012    program   0x000000
        .idata___init.o_i    romdata   0x000012    program   0x000000
        .romdata___init.o    romdata   0x000012    program   0x000000
       .idata_sprintf.o_i    romdata   0x000012    program   0x000000
       .romdata_sprintf.o    romdata   0x000012    program   0x000000
      .idata_vfprintf.o_i    romdata   0x000012    program   0x000000
          .idata_putc.o_i    romdata   0x000012    program   0x000000
          .romdata_putc.o    romdata   0x000012    program   0x000000
    .idata__user_putc.o_i    romdata   0x000012    program   0x000000
    .romdata__user_putc.o    romdata   0x000012    program   0x000000
       .idata_c018i_e.o_i    romdata   0x000012    program   0x000000
           .idata_crc.o_i    romdata   0x000012    program   0x000000
       .romdata_c018i_e.o    romdata   0x000012    program   0x000000
           .romdata_crc.o    romdata   0x000012    program   0x000000
      .romdata_security.o    romdata   0x000012    program   0x000000
      .idata_security.o_i    romdata   0x000012    program   0x000000
.romdata_HardwareProfile.o    romdata   0x000012    program   0x000000
       .romdata_Console.o    romdata   0x000012    program   0x000000
       .romdata_MRF49XA.o    romdata   0x000012    program   0x000000
         .code_security.o       code   0x000016    program   0x000000
          .code_MiWiPRO.o       code   0x000016    program   0x000000
              .code_crc.o       code   0x000016    program   0x000000
          .code_MRF49XA.o       code   0x000016    program   0x000000
       .idata_Console.o_i    romdata   0x000016    program   0x000000
          .code_Console.o       code   0x000016    program   0x000000
          .code_MRF89XA.o       code   0x000016    program   0x000000
.idata_HardwareProfile.o_i    romdata   0x000016    program   0x000000
              .code_P2P.o       code   0x000016    program   0x000000
          .code_c018i_e.o       code   0x000016    program   0x000000
               lowhVector       code   0x000018    program   0x000006
          .idata_MiWi.o_i    romdata   0x00001e    program   0x00000d
          .idata_MSPI.o_i    romdata   0x00002b    program   0x000000
       .idata_MRF89XA.o_i    romdata   0x00002b    program   0x000000
       .idata_MRF49XA.o_i    romdata   0x00002b    program   0x000000
      .idata_MRF24J40.o_i    romdata   0x00002b    program   0x000003
              securityKey    romdata   0x00002e    program   0x000010
                   .cinit    romdata   0x00003e    program   0x000032
             .code_MiWi.o       code   0x000070    program   0x0018aa
         .code_MRF24J40.o       code   0x00191a    program   0x001086
             .code_Demo.o       code   0x0029a0    program   0x000b74
         .code_vfprintf.o       code   0x003514    program   0x000816
                     PROG       code   0x003d2a    program   0x000778
              .code_NVM.o       code   0x0044a2    program   0x0001e2
        .code_TimeDelay.o       code   0x004684    program   0x00017a
       .code_LcdDisplay.o       code   0x0047fe    program   0x000156
             .stringtable    romdata   0x004954    program   0x000148
  .code_HardwareProfile.o       code   0x004a9c    program   0x0000f2
               _cinit_scn       code   0x004b8e    program   0x00009e
       .code_SymbolTime.o       code   0x004c2c    program   0x00007c
          .code_sprintf.o       code   0x004ca8    program   0x000072
                   STRING       code   0x004d1a    program   0x000066
             .code_putc.o       code   0x004d80    program   0x000066
             .code_MSPI.o       code   0x004de6    program   0x00005c
          .romdata_MiWi.o    romdata   0x004e42    program   0x00003c
                    CTYPE       code   0x004e7e    program   0x000024
                    .code       code   0x004ea2    program   0x000020
                    STDIO       code   0x004ec2    program   0x00001c
             _startup_scn       code   0x004ede    program   0x00001a
      .romdata_vfprintf.o    romdata   0x004ef8    program   0x000011
          .idata_Demo.o_i    romdata   0x004f09    program   0x000012
.config_fff8_HardwareProfile.o    romdata   0x00fff8    program   0x000001
.config_fff9_HardwareProfile.o    romdata   0x00fff9    program   0x000001
.config_fffa_HardwareProfile.o    romdata   0x00fffa    program   0x000001
.config_fffb_HardwareProfile.o    romdata   0x00fffb    program   0x000001
               TRX_BUFFER      udata   0x000000       data   0x00005b
 .udata_HardwareProfile.o      udata   0x00005b       data   0x000005
            BIGvariables1      udata   0x000060       data   0x0000a0
              MAC_RX_BUFF      udata   0x000100       data   0x0000b2
      .udata_LcdDisplay.o      udata   0x0001b2       data   0x000025
        .udata_MRF24J40.o      udata   0x0001d7       data   0x00001a
            .idata_MiWi.o      idata   0x0001f1       data   0x00000d
      .udata_SymbolTime.o      udata   0x0001fe       data   0x000002
            .udata_Demo.o      udata   0x000200       data   0x000099
            .idata_Demo.o      idata   0x000299       data   0x000012
             .udata_NVM.o      udata   0x0002ab       data   0x000010
                 .tmpdata      udata   0x0002bb       data   0x000008
                MATH_DATA      udata   0x0002c3       data   0x000004
              HighISR_tmp      udata   0x0002c7       data   0x000004
      .idata_LcdDisplay.o      idata   0x0002cb       data   0x000004
        .idata_MRF24J40.o      idata   0x0002cf       data   0x000003
                   .stack      udata   0x000d00       data   0x000100
            .udata_MiWi.o      udata   0x000e00       data   0x0000b5
         .udata_c018i_e.o      udata   0x000eb5       data   0x00000a
         .udata_MiWiPRO.o      udata   0x000ebf       data   0x000000
         .idata_MiWiPRO.o      idata   0x000ebf       data   0x000000
         .udata_Console.o      udata   0x000ebf       data   0x000000
             .idata_NVM.o      idata   0x000ebf       data   0x000000
             .idata_crc.o      idata   0x000ebf       data   0x000000
          .udata___init.o      udata   0x000ebf       data   0x000000
          .idata___init.o      idata   0x000ebf       data   0x000000
         .udata_sprintf.o      udata   0x000ebf       data   0x000000
         .idata_sprintf.o      idata   0x000ebf       data   0x000000
        .udata_vfprintf.o      udata   0x000ebf       data   0x000000
        .idata_vfprintf.o      idata   0x000ebf       data   0x000000
            .udata_putc.o      udata   0x000ebf       data   0x000000
            .idata_putc.o      idata   0x000ebf       data   0x000000
      .udata__user_putc.o      udata   0x000ebf       data   0x000000
      .idata__user_putc.o      idata   0x000ebf       data   0x000000
             .udata_crc.o      udata   0x000ebf       data   0x000000
        .udata_security.o      udata   0x000ebf       data   0x000000
         .idata_MRF49XA.o      idata   0x000ebf       data   0x000000
         .udata_MRF49XA.o      udata   0x000ebf       data   0x000000
             .udata_P2P.o      udata   0x000ebf       data   0x000000
             .idata_P2P.o      idata   0x000ebf       data   0x000000
       .udata_TimeDelay.o      udata   0x000ebf       data   0x000000
       .idata_TimeDelay.o      idata   0x000ebf       data   0x000000
         .udata_MRF89XA.o      udata   0x000ebf       data   0x000000
         .idata_MRF89XA.o      idata   0x000ebf       data   0x000000
            .udata_MSPI.o      udata   0x000ebf       data   0x000000
            .idata_MSPI.o      idata   0x000ebf       data   0x000000
 .idata_HardwareProfile.o      idata   0x000ebf       data   0x000000
      .idata_SymbolTime.o      idata   0x000ebf       data   0x000000
        .idata_security.o      idata   0x000ebf       data   0x000000
         .idata_c018i_e.o      idata   0x000ebf       data   0x000000
         .idata_Console.o      idata   0x000ebf       data   0x000000
              SFR_BANKED0      udata   0x000ec6       data   0x00000e
              SFR_BANKED1      udata   0x000ed7       data   0x000008
              SFR_BANKED2      udata   0x000ee7       data   0x000004
              SFR_BANKED3      udata   0x000eec       data   0x000003
              SFR_BANKED4      udata   0x000ef2       data   0x000002
              SFR_BANKED5      udata   0x000ef6       data   0x000002
              SFR_BANKED6      udata   0x000efb       data   0x000005
              SFR_BANKED7      udata   0x000f26       data   0x000014
              SFR_BANKED8      udata   0x000f3c       data   0x000007
              SFR_BANKED9      udata   0x000f48       data   0x000008
             SFR_BANKED10      udata   0x000f52       data   0x00000e
            SFR_UNBANKED0      udata   0x000f60       data   0x0000a0



                              Program Memory Usage 
                               Start         End      
                           ---------   ---------      
                            0x000000    0x000015      
                            0x000018    0x004f1a      
                            0x00fff8    0x00fffb      
            20253 out of 65538 program addresses used, program memory utilization is 30%



                              Symbols - Sorted by Name
                     Name    Address   Location    Storage File                     
                ---------  ---------  ---------  --------- ---------                
    AddNodeToNetworkTable   0x000a24    program     extern D:\microchip_solutions_v2013-06-15\Microchip\WirelessProtocols\MiWi\MiWi.c
                BoardInit   0x004a9c    program     extern D:\microchip_solutions_v2013-06-15\MiWi DE Demo\8-bit Wireless Development Kit - 2.4 GHz IEEE 802.15.4\Tutorial3 - RFD Device\HardwareProfile.c
          BroadcastJitter   0x000074    program     extern D:\microchip_solutions_v2013-06-15\Microchip\WirelessProtocols\MiWi\MiWi.c
             CheckForData   0x000aec    program     extern D:\microchip_solutions_v2013-06-15\Microchip\WirelessProtocols\MiWi\MiWi.c
                ConfigADC   0x003470    program     extern D:\microchip_solutions_v2013-06-15\MiWi DE Demo\8-bit Wireless Development Kit - 2.4 GHz IEEE 802.15.4\Tutorial3 - RFD Device\Demo.c
             CreateorJoin   0x002a70    program     static                          
                Delay10us   0x004684    program     extern D:\microchip_solutions_v2013-06-15\Microchip\Common\TimeDelay.c
                  DelayMs   0x004742    program     extern D:\microchip_solutions_v2013-06-15\Microchip\Common\TimeDelay.c
           DumpConnection   0x00084c    program     extern D:\microchip_solutions_v2013-06-15\Microchip\WirelessProtocols\MiWi\MiWi.c
                  HighISR   0x0022f0    program     extern D:\microchip_solutions_v2013-06-15\Microchip\Transceivers\MRF24J40\MRF24J40.c
               HighVector   0x000008    program     extern D:\microchip_solutions_v2013-06-15\Microchip\Transceivers\MRF24J40\MRF24J40.c
                  I2CTask   0x0047fe    program     extern D:\microchip_solutions_v2013-06-15\MiWi DE Demo\8-bit Wireless Development Kit - 2.4 GHz IEEE 802.15.4\Tutorial3 - RFD Device\LcdDisplay.c
                 I2CWrite   0x004866    program     extern D:\microchip_solutions_v2013-06-15\MiWi DE Demo\8-bit Wireless Development Kit - 2.4 GHz IEEE 802.15.4\Tutorial3 - RFD Device\LcdDisplay.c
             InitMRF24J40   0x001a62    program     extern D:\microchip_solutions_v2013-06-15\Microchip\Transceivers\MRF24J40\MRF24J40.c
          InitSymbolTimer   0x004c2c    program     extern D:\microchip_solutions_v2013-06-15\Microchip\WirelessProtocols\SymbolTime.c
          LCDBacklightOFF   0x004908    program     extern D:\microchip_solutions_v2013-06-15\MiWi DE Demo\8-bit Wireless Development Kit - 2.4 GHz IEEE 802.15.4\Tutorial3 - RFD Device\LcdDisplay.c
           LCDBacklightON   0x0048fa    program     extern D:\microchip_solutions_v2013-06-15\MiWi DE Demo\8-bit Wireless Development Kit - 2.4 GHz IEEE 802.15.4\Tutorial3 - RFD Device\LcdDisplay.c
               LCDDisplay   0x004b20    program     extern D:\microchip_solutions_v2013-06-15\MiWi DE Demo\8-bit Wireless Development Kit - 2.4 GHz IEEE 802.15.4\Tutorial3 - RFD Device\HardwareProfile.c
                 LCDErase   0x0048ba    program     extern D:\microchip_solutions_v2013-06-15\MiWi DE Demo\8-bit Wireless Development Kit - 2.4 GHz IEEE 802.15.4\Tutorial3 - RFD Device\LcdDisplay.c
                  LCDInit   0x00488c    program     extern D:\microchip_solutions_v2013-06-15\MiWi DE Demo\8-bit Wireless Development Kit - 2.4 GHz IEEE 802.15.4\Tutorial3 - RFD Device\LcdDisplay.c
                LCDUpdate   0x0048e2    program     extern D:\microchip_solutions_v2013-06-15\MiWi DE Demo\8-bit Wireless Development Kit - 2.4 GHz IEEE 802.15.4\Tutorial3 - RFD Device\LcdDisplay.c
                LowVector   0x000018    program     extern D:\microchip_solutions_v2013-06-15\Microchip\Transceivers\MRF24J40\MRF24J40.c
                 MacroNop   0x000070    program     extern D:\microchip_solutions_v2013-06-15\Microchip\WirelessProtocols\MiWi\MiWi.c
    MiApp_BroadcastPacket   0x001078    program     extern D:\microchip_solutions_v2013-06-15\Microchip\WirelessProtocols\MiWi\MiWi.c
     MiApp_ConnectionMode   0x000d1a    program     extern D:\microchip_solutions_v2013-06-15\Microchip\WirelessProtocols\MiWi\MiWi.c
     MiApp_DiscardMessage   0x001070    program     extern D:\microchip_solutions_v2013-06-15\Microchip\WirelessProtocols\MiWi\MiWi.c
MiApp_EstablishConnection   0x000e60    program     extern D:\microchip_solutions_v2013-06-15\Microchip\WirelessProtocols\MiWi\MiWi.c
   MiApp_MessageAvailable   0x001060    program     extern D:\microchip_solutions_v2013-06-15\Microchip\WirelessProtocols\MiWi\MiWi.c
       MiApp_ProtocolInit   0x000b4a    program     extern D:\microchip_solutions_v2013-06-15\Microchip\WirelessProtocols\MiWi\MiWi.c
   MiApp_RemoveConnection   0x0012f6    program     extern D:\microchip_solutions_v2013-06-15\Microchip\WirelessProtocols\MiWi\MiWi.c
   MiApp_SearchConnection   0x000d36    program     extern D:\microchip_solutions_v2013-06-15\Microchip\WirelessProtocols\MiWi\MiWi.c
         MiApp_SetChannel   0x000cf2    program     extern D:\microchip_solutions_v2013-06-15\Microchip\WirelessProtocols\MiWi\MiWi.c
    MiApp_StartConnection   0x0012e0    program     extern D:\microchip_solutions_v2013-06-15\Microchip\WirelessProtocols\MiWi\MiWi.c
MiApp_TransceiverPowerState   0x000c80    program     extern D:\microchip_solutions_v2013-06-15\Microchip\WirelessProtocols\MiWi\MiWi.c
     MiApp_UnicastAddress   0x00115c    program     extern D:\microchip_solutions_v2013-06-15\Microchip\WirelessProtocols\MiWi\MiWi.c
  MiApp_UnicastConnection   0x0010a0    program     extern D:\microchip_solutions_v2013-06-15\Microchip\WirelessProtocols\MiWi\MiWi.c
      MiMAC_DiscardPacket   0x001e18    program     extern D:\microchip_solutions_v2013-06-15\Microchip\Transceivers\MRF24J40\MRF24J40.c
               MiMAC_Init   0x002278    program     extern D:\microchip_solutions_v2013-06-15\Microchip\Transceivers\MRF24J40\MRF24J40.c
         MiMAC_PowerState   0x0020f4    program     extern D:\microchip_solutions_v2013-06-15\Microchip\Transceivers\MRF24J40\MRF24J40.c
     MiMAC_ReceivedPacket   0x001bb2    program     extern D:\microchip_solutions_v2013-06-15\Microchip\Transceivers\MRF24J40\MRF24J40.c
         MiMAC_SendPacket   0x001e28    program     extern D:\microchip_solutions_v2013-06-15\Microchip\Transceivers\MRF24J40\MRF24J40.c
      MiMAC_SetAltAddress   0x002216    program     extern D:\microchip_solutions_v2013-06-15\Microchip\Transceivers\MRF24J40\MRF24J40.c
         MiMAC_SetChannel   0x002170    program     extern D:\microchip_solutions_v2013-06-15\Microchip\Transceivers\MRF24J40\MRF24J40.c
           MiMAC_SetPower   0x0021a2    program     extern D:\microchip_solutions_v2013-06-15\Microchip\Transceivers\MRF24J40\MRF24J40.c
                MiWiTasks   0x0000e0    program     extern D:\microchip_solutions_v2013-06-15\Microchip\WirelessProtocols\MiWi\MiWi.c
             MiWi_TickGet   0x004c40    program     extern D:\microchip_solutions_v2013-06-15\Microchip\WirelessProtocols\SymbolTime.c
                  NVMInit   0x0045d2    program     extern D:\microchip_solutions_v2013-06-15\Microchip\WirelessProtocols\NVM.c
                  NVMRead   0x0044a2    program     extern D:\microchip_solutions_v2013-06-15\Microchip\WirelessProtocols\NVM.c
                 NVMWrite   0x0044ea    program     extern D:\microchip_solutions_v2013-06-15\Microchip\WirelessProtocols\NVM.c
                 NVMalloc   0x004576    program     extern D:\microchip_solutions_v2013-06-15\Microchip\WirelessProtocols\NVM.c
               OpenSocket   0x000902    program     extern D:\microchip_solutions_v2013-06-15\Microchip\WirelessProtocols\MiWi\MiWi.c
        PHYGetLongRAMAddr   0x0019e8    program     extern D:\microchip_solutions_v2013-06-15\Microchip\Transceivers\MRF24J40\MRF24J40.c
       PHYGetShortRAMAddr   0x0019b2    program     extern D:\microchip_solutions_v2013-06-15\Microchip\Transceivers\MRF24J40\MRF24J40.c
        PHYSetLongRAMAddr   0x00191a    program     extern D:\microchip_solutions_v2013-06-15\Microchip\Transceivers\MRF24J40\MRF24J40.c
       PHYSetShortRAMAddr   0x001986    program     extern D:\microchip_solutions_v2013-06-15\Microchip\Transceivers\MRF24J40\MRF24J40.c
             PrintTempLCD   0x00332e    program     extern D:\microchip_solutions_v2013-06-15\MiWi DE Demo\8-bit Wireless Development Kit - 2.4 GHz IEEE 802.15.4\Tutorial3 - RFD Device\Demo.c
                  RESTORE   0x0040ba    program     static E:\c18v3.46\pic18-lt\cxx-framework\src\extended\math\div08u.asm
                  RESTORE   0x004494    program     static E:\c18v3.46\pic18-lt\cxx-framework\src\extended\math\div32u.asm
              RETQUOTIENT   0x004484    program     static E:\c18v3.46\pic18-lt\cxx-framework\src\extended\math\div32u.asm
           ReadMacAddress   0x00326a    program     extern D:\microchip_solutions_v2013-06-15\MiWi DE Demo\8-bit Wireless Development Kit - 2.4 GHz IEEE 802.15.4\Tutorial3 - RFD Device\Demo.c
          Read_VBGVoltage   0x0032e6    program     extern D:\microchip_solutions_v2013-06-15\MiWi DE Demo\8-bit Wireless Development Kit - 2.4 GHz IEEE 802.15.4\Tutorial3 - RFD Device\Demo.c
                 SETUPSTK   0x004078    program     static E:\c18v3.46\pic18-lt\cxx-framework\src\extended\math\div08u.asm
                 SETUPSTK   0x0043fe    program     static E:\c18v3.46\pic18-lt\cxx-framework\src\extended\math\div32u.asm
                   SPIGet   0x004e04    program     extern D:\microchip_solutions_v2013-06-15\Microchip\WirelessProtocols\MSPI.c
                  SPIGet2   0x004e2a    program     extern D:\microchip_solutions_v2013-06-15\Microchip\WirelessProtocols\MSPI.c
                   SPIPut   0x004de6    program     extern D:\microchip_solutions_v2013-06-15\Microchip\WirelessProtocols\MSPI.c
                  SPIPut2   0x004e0e    program     extern D:\microchip_solutions_v2013-06-15\Microchip\WirelessProtocols\MSPI.c
                 ScanTime   0x004e42    program     extern D:\microchip_solutions_v2013-06-15\Microchip\WirelessProtocols\MiWi\MiWi.c
     SearchForLongAddress   0x0009c6    program     extern D:\microchip_solutions_v2013-06-15\Microchip\WirelessProtocols\MiWi\MiWi.c
    SearchForShortAddress   0x00097c    program     extern D:\microchip_solutions_v2013-06-15\Microchip\WirelessProtocols\MiWi\MiWi.c
            SendMACPacket   0x0007a8    program     extern D:\microchip_solutions_v2013-06-15\Microchip\WirelessProtocols\MiWi\MiWi.c
     UserInterruptHandler   0x004b76    program     extern D:\microchip_solutions_v2013-06-15\MiWi DE Demo\8-bit Wireless Development Kit - 2.4 GHz IEEE 802.15.4\Tutorial3 - RFD Device\HardwareProfile.c
                   _2jEnd   0x004d6a    program     static E:\c18v3.46\pic18-lt\cxx-framework\src\extended\stdclib\slenpgm.asm
              __FpCompare   0x0041a0    program     extern E:\c18v3.46\pic18-lt\cxx-framework\src\extended\math\compFP.asm
                 __FpPack   0x003e74    program     extern E:\c18v3.46\pic18-lt\cxx-framework\src\extended\math\packFP.asm
            __FpReturnNaN   0x003ef6    program     extern E:\c18v3.46\pic18-lt\cxx-framework\src\extended\math\packFP.asm
         __FpReturnNegInf   0x003f08    program     extern E:\c18v3.46\pic18-lt\cxx-framework\src\extended\math\packFP.asm
        __FpReturnNegZero   0x003f20    program     extern E:\c18v3.46\pic18-lt\cxx-framework\src\extended\math\packFP.asm
         __FpReturnPosInf   0x003f0e    program     extern E:\c18v3.46\pic18-lt\cxx-framework\src\extended\math\packFP.asm
        __FpReturnPosZero   0x003f28    program     extern E:\c18v3.46\pic18-lt\cxx-framework\src\extended\math\packFP.asm
        __FpReturnSignInf   0x003f04    program     extern E:\c18v3.46\pic18-lt\cxx-framework\src\extended\math\packFP.asm
       __FpReturnSignZero   0x003f1c    program     extern E:\c18v3.46\pic18-lt\cxx-framework\src\extended\math\packFP.asm
              __FpReturnW   0x003ecc    program     extern E:\c18v3.46\pic18-lt\cxx-framework\src\extended\math\packFP.asm
              __FpUnPackA   0x003f2e    program     extern E:\c18v3.46\pic18-lt\cxx-framework\src\extended\math\unpackFP.asm
              __FpUnPackB   0x003f5e    program     extern E:\c18v3.46\pic18-lt\cxx-framework\src\extended\math\unpackFP.asm
           ___do_lbl00035   0x002ef4    program     static                          
           ___do_lbl00036   0x002efc    program     static                          
           ___do_lbl00039   0x002dae    program     static                          
         ___else_lbl00004   0x004706    program     static                          
         ___else_lbl00011   0x0047c2    program     static                          
         ___else_lbl00020   0x002c72    program     static                          
         ___else_lbl00029   0x002cde    program     static                          
         ___else_lbl00047   0x0030fc    program     static                          
         ___else_lbl00062   0x003230    program     static                          
         ___else_lbl00068   0x003244    program     static                          
         ___else_lbl00070   0x003114    program     static                          
          ___for_lbl00012   0x002cd6    program     static                          
          ___for_lbl00013   0x002cda    program     static                          
          ___for_lbl00027   0x002ae4    program     static                          
          ___for_lbl00040   0x002f68    program     static                          
          ___for_lbl00041   0x002f6c    program     static                          
          ___for_lbl00042   0x002f08    program     static                          
          ___for_lbl00055   0x003222    program     static                          
          ___for_lbl00056   0x003226    program     static                          
          ___for_lbl00057   0x00321a    program     static                          
          ___for_lbl00058   0x00323a    program     static                          
          ___for_lbl00059   0x00323e    program     static                          
          ___for_lbl00060   0x003232    program     static                          
           ___if_lbl00003   0x00473a    program     static                          
           ___if_lbl00005   0x00473a    program     static                          
           ___if_lbl00005   0x002a08    program     static                          
           ___if_lbl00006   0x002a34    program     static                          
           ___if_lbl00007   0x002a36    program     static                          
           ___if_lbl00008   0x002a88    program     static                          
           ___if_lbl00010   0x0047f6    program     static                          
           ___if_lbl00011   0x002ac6    program     static                          
           ___if_lbl00018   0x002c38    program     static                          
           ___if_lbl00019   0x002cb8    program     static                          
           ___if_lbl00021   0x002cba    program     static                          
           ___if_lbl00024   0x002ccc    program     static                          
           ___if_lbl00025   0x002cce    program     static                          
           ___if_lbl00026   0x002cd6    program     static                          
           ___if_lbl00028   0x002cf2    program     static                          
           ___if_lbl00030   0x002cf4    program     static                          
           ___if_lbl00043   0x003048    program     static                          
           ___if_lbl00044   0x0030c4    program     static                          
           ___if_lbl00045   0x0030d0    program     static                          
           ___if_lbl00046   0x0030fe    program     static                          
           ___if_lbl00048   0x0031ca    program     static                          
           ___if_lbl00049   0x0031ca    program     static                          
           ___if_lbl00050   0x0031ca    program     static                          
           ___if_lbl00051   0x0031ca    program     static                          
           ___if_lbl00052   0x0031ca    program     static                          
           ___if_lbl00061   0x003242    program     static                          
           ___if_lbl00065   0x00325e    program     static                          
           ___if_lbl00066   0x003260    program     static                          
           ___if_lbl00067   0x003260    program     static                          
           ___if_lbl00069   0x003260    program     static                          
       ___return_lbl00000   0x00473a    program     static                          
       ___return_lbl00000   0x000072    program     static                          
       ___return_lbl00000   0x003262    program     static                          
       ___return_lbl00000   0x000004    program     static                          
       ___return_lbl00001   0x004ef6    program     static                          
       ___return_lbl00002   0x004c2a    program     static                          
       ___return_lbl00007   0x0047f6    program     static                          
       ___return_lbl00228   0x00000c    program     static                          
       ___return_lbl00229   0x00001c    program     static                          
        ___while_lbl00001   0x0029b8    program     static                          
        ___while_lbl00001   0x004706    program     static                          
        ___while_lbl00002   0x00473a    program     static                          
        ___while_lbl00002   0x0029bc    program     static                          
        ___while_lbl00003   0x0029d0    program     static                          
        ___while_lbl00004   0x002a36    program     static                          
        ___while_lbl00008   0x0047c2    program     static                          
        ___while_lbl00009   0x0047f6    program     static                          
        ___while_lbl00009   0x002aa8    program     static                          
        ___while_lbl00010   0x002cf4    program     static                          
        ___while_lbl00014   0x002c24    program     static                          
        ___while_lbl00015   0x002cd0    program     static                          
        ___while_lbl00016   0x002c28    program     static                          
        ___while_lbl00017   0x002c2c    program     static                          
        ___while_lbl00022   0x002cbe    program     static                          
        ___while_lbl00023   0x002cc2    program     static                          
        ___while_lbl00031   0x002d1c    program     static                          
        ___while_lbl00032   0x003262    program     static                          
        ___while_lbl00033   0x002d9a    program     static                          
        ___while_lbl00034   0x002d9e    program     static                          
        ___while_lbl00037   0x002dc2    program     static                          
        ___while_lbl00038   0x002dc6    program     static                          
        ___while_lbl00063   0x003248    program     static                          
        ___while_lbl00064   0x00324c    program     static                          
                  __addFP   0x003d2e    program     extern E:\c18v3.46\pic18-lt\cxx-framework\src\extended\math\addFP.asm
              __cast08sFP   0x003f8e    program     extern E:\c18v3.46\pic18-lt\cxx-framework\src\extended\math\cast08FP.asm
              __cast08uFP   0x003f8a    program     extern E:\c18v3.46\pic18-lt\cxx-framework\src\extended\math\cast08FP.asm
              __cast16sFP   0x003fc8    program     extern E:\c18v3.46\pic18-lt\cxx-framework\src\extended\math\cast16FP.asm
              __cast16uFP   0x003fc4    program     extern E:\c18v3.46\pic18-lt\cxx-framework\src\extended\math\cast16FP.asm
               __castFP08   0x004006    program     extern E:\c18v3.46\pic18-lt\cxx-framework\src\extended\math\castFP08.asm
               __config_0   0x00fff8    program     static D:\microchip_solutions_v2013-06-15\MiWi DE Demo\8-bit Wireless Development Kit - 2.4 GHz IEEE 802.15.4\Tutorial3 - RFD Device\HardwareProfile.c
               __config_1   0x00fff9    program     static D:\microchip_solutions_v2013-06-15\MiWi DE Demo\8-bit Wireless Development Kit - 2.4 GHz IEEE 802.15.4\Tutorial3 - RFD Device\HardwareProfile.c
               __config_2   0x00fffa    program     static D:\microchip_solutions_v2013-06-15\MiWi DE Demo\8-bit Wireless Development Kit - 2.4 GHz IEEE 802.15.4\Tutorial3 - RFD Device\HardwareProfile.c
               __config_3   0x00fffb    program     static D:\microchip_solutions_v2013-06-15\MiWi DE Demo\8-bit Wireless Development Kit - 2.4 GHz IEEE 802.15.4\Tutorial3 - RFD Device\HardwareProfile.c
                 __div08u   0x004090    program     extern E:\c18v3.46\pic18-lt\cxx-framework\src\extended\math\div08u.asm
                 __div32u   0x004416    program     extern E:\c18v3.46\pic18-lt\cxx-framework\src\extended\math\div32u.asm
                  __divFP   0x0040d4    program     extern E:\c18v3.46\pic18-lt\cxx-framework\src\extended\math\divFP.asm
                   __init   0x000010    program     extern E:\c18v3.46\pic18-lt\cxx-framework\src\extended\stdclib\__init.c
                   __ltFP   0x00418e    program     extern E:\c18v3.46\pic18-lt\cxx-framework\src\extended\math\ltFP.asm
                 __mod08u   0x004096    program     extern E:\c18v3.46\pic18-lt\cxx-framework\src\extended\math\div08u.asm
                 __mod32u   0x00441c    program     extern E:\c18v3.46\pic18-lt\cxx-framework\src\extended\math\div32u.asm
                  __mul32   0x00426e    program     extern E:\c18v3.46\pic18-lt\cxx-framework\src\extended\math\mul32.asm
                  __mulFP   0x004310    program     extern E:\c18v3.46\pic18-lt\cxx-framework\src\extended\math\mulFP.asm
                   __pa_0   0x004910    program     static D:\microchip_solutions_v2013-06-15\MiWi DE Demo\8-bit Wireless Development Kit - 2.4 GHz IEEE 802.15.4\Tutorial3 - RFD Device\LcdDisplay.c
                   __pa_0   0x002692    program     static D:\microchip_solutions_v2013-06-15\Microchip\Transceivers\MRF24J40\MRF24J40.c
                   __pa_0   0x00348a    program     static D:\microchip_solutions_v2013-06-15\MiWi DE Demo\8-bit Wireless Development Kit - 2.4 GHz IEEE 802.15.4\Tutorial3 - RFD Device\Demo.c
                   __pa_0   0x003bd6    program     static E:\c18v3.46\pic18-lt\cxx-framework\src\extended\stdclib\vfprintf.c
                   __pa_0   0x004634    program     static D:\microchip_solutions_v2013-06-15\Microchip\WirelessProtocols\NVM.c
                   __pa_0   0x004e34    program     static D:\microchip_solutions_v2013-06-15\Microchip\WirelessProtocols\MSPI.c
                   __pa_0   0x001396    program     static D:\microchip_solutions_v2013-06-15\Microchip\WirelessProtocols\MiWi\MiWi.c
                   __pa_1   0x004928    program     static D:\microchip_solutions_v2013-06-15\MiWi DE Demo\8-bit Wireless Development Kit - 2.4 GHz IEEE 802.15.4\Tutorial3 - RFD Device\LcdDisplay.c
                   __pa_1   0x004640    program     static D:\microchip_solutions_v2013-06-15\Microchip\WirelessProtocols\NVM.c
                   __pa_1   0x002698    program     static D:\microchip_solutions_v2013-06-15\Microchip\Transceivers\MRF24J40\MRF24J40.c
                   __pa_1   0x0013a4    program     static D:\microchip_solutions_v2013-06-15\Microchip\WirelessProtocols\MiWi\MiWi.c
                   __pa_1   0x0034a0    program     static D:\microchip_solutions_v2013-06-15\MiWi DE Demo\8-bit Wireless Development Kit - 2.4 GHz IEEE 802.15.4\Tutorial3 - RFD Device\Demo.c
                   __pa_1   0x003be4    program     static E:\c18v3.46\pic18-lt\cxx-framework\src\extended\stdclib\vfprintf.c
                  __pa_10   0x003c72    program     static E:\c18v3.46\pic18-lt\cxx-framework\src\extended\stdclib\vfprintf.c
                  __pa_10   0x001424    program     static D:\microchip_solutions_v2013-06-15\Microchip\WirelessProtocols\MiWi\MiWi.c
                  __pa_10   0x00272a    program     static D:\microchip_solutions_v2013-06-15\Microchip\Transceivers\MRF24J40\MRF24J40.c
                 __pa_100   0x0018e2    program     static D:\microchip_solutions_v2013-06-15\Microchip\WirelessProtocols\MiWi\MiWi.c
                 __pa_101   0x0018e8    program     static D:\microchip_solutions_v2013-06-15\Microchip\WirelessProtocols\MiWi\MiWi.c
                 __pa_102   0x0018f2    program     static D:\microchip_solutions_v2013-06-15\Microchip\WirelessProtocols\MiWi\MiWi.c
                 __pa_103   0x0018f8    program     static D:\microchip_solutions_v2013-06-15\Microchip\WirelessProtocols\MiWi\MiWi.c
                 __pa_104   0x001902    program     static D:\microchip_solutions_v2013-06-15\Microchip\WirelessProtocols\MiWi\MiWi.c
                 __pa_105   0x001908    program     static D:\microchip_solutions_v2013-06-15\Microchip\WirelessProtocols\MiWi\MiWi.c
                 __pa_106   0x00190e    program     static D:\microchip_solutions_v2013-06-15\Microchip\WirelessProtocols\MiWi\MiWi.c
                 __pa_107   0x001914    program     static D:\microchip_solutions_v2013-06-15\Microchip\WirelessProtocols\MiWi\MiWi.c
                  __pa_11   0x003c82    program     static E:\c18v3.46\pic18-lt\cxx-framework\src\extended\stdclib\vfprintf.c
                  __pa_11   0x002732    program     static D:\microchip_solutions_v2013-06-15\Microchip\Transceivers\MRF24J40\MRF24J40.c
                  __pa_11   0x00142a    program     static D:\microchip_solutions_v2013-06-15\Microchip\WirelessProtocols\MiWi\MiWi.c
                  __pa_12   0x003c92    program     static E:\c18v3.46\pic18-lt\cxx-framework\src\extended\stdclib\vfprintf.c
                  __pa_12   0x001430    program     static D:\microchip_solutions_v2013-06-15\Microchip\WirelessProtocols\MiWi\MiWi.c
                  __pa_12   0x00274c    program     static D:\microchip_solutions_v2013-06-15\Microchip\Transceivers\MRF24J40\MRF24J40.c
                  __pa_13   0x003ca0    program     static E:\c18v3.46\pic18-lt\cxx-framework\src\extended\stdclib\vfprintf.c
                  __pa_13   0x002758    program     static D:\microchip_solutions_v2013-06-15\Microchip\Transceivers\MRF24J40\MRF24J40.c
                  __pa_13   0x00143a    program     static D:\microchip_solutions_v2013-06-15\Microchip\WirelessProtocols\MiWi\MiWi.c
                  __pa_14   0x002778    program     static D:\microchip_solutions_v2013-06-15\Microchip\Transceivers\MRF24J40\MRF24J40.c
                  __pa_14   0x003cbe    program     static E:\c18v3.46\pic18-lt\cxx-framework\src\extended\stdclib\vfprintf.c
                  __pa_14   0x00144c    program     static D:\microchip_solutions_v2013-06-15\Microchip\WirelessProtocols\MiWi\MiWi.c
                  __pa_15   0x003cc8    program     static E:\c18v3.46\pic18-lt\cxx-framework\src\extended\stdclib\vfprintf.c
                  __pa_15   0x002788    program     static D:\microchip_solutions_v2013-06-15\Microchip\Transceivers\MRF24J40\MRF24J40.c
                  __pa_15   0x00145c    program     static D:\microchip_solutions_v2013-06-15\Microchip\WirelessProtocols\MiWi\MiWi.c
                  __pa_16   0x00146a    program     static D:\microchip_solutions_v2013-06-15\Microchip\WirelessProtocols\MiWi\MiWi.c
                  __pa_16   0x002790    program     static D:\microchip_solutions_v2013-06-15\Microchip\Transceivers\MRF24J40\MRF24J40.c
                  __pa_16   0x003cce    program     static E:\c18v3.46\pic18-lt\cxx-framework\src\extended\stdclib\vfprintf.c
                  __pa_17   0x00147e    program     static D:\microchip_solutions_v2013-06-15\Microchip\WirelessProtocols\MiWi\MiWi.c
                  __pa_17   0x002798    program     static D:\microchip_solutions_v2013-06-15\Microchip\Transceivers\MRF24J40\MRF24J40.c
                  __pa_17   0x003cde    program     static E:\c18v3.46\pic18-lt\cxx-framework\src\extended\stdclib\vfprintf.c
                  __pa_18   0x0027a8    program     static D:\microchip_solutions_v2013-06-15\Microchip\Transceivers\MRF24J40\MRF24J40.c
                  __pa_18   0x003cea    program     static E:\c18v3.46\pic18-lt\cxx-framework\src\extended\stdclib\vfprintf.c
                  __pa_18   0x00148a    program     static D:\microchip_solutions_v2013-06-15\Microchip\WirelessProtocols\MiWi\MiWi.c
                  __pa_19   0x003cf8    program     static E:\c18v3.46\pic18-lt\cxx-framework\src\extended\stdclib\vfprintf.c
                  __pa_19   0x0014a2    program     static D:\microchip_solutions_v2013-06-15\Microchip\WirelessProtocols\MiWi\MiWi.c
                  __pa_19   0x0027be    program     static D:\microchip_solutions_v2013-06-15\Microchip\Transceivers\MRF24J40\MRF24J40.c
                   __pa_2   0x00465a    program     static D:\microchip_solutions_v2013-06-15\Microchip\WirelessProtocols\NVM.c
                   __pa_2   0x0013b2    program     static D:\microchip_solutions_v2013-06-15\Microchip\WirelessProtocols\MiWi\MiWi.c
                   __pa_2   0x003bf4    program     static E:\c18v3.46\pic18-lt\cxx-framework\src\extended\stdclib\vfprintf.c
                   __pa_2   0x0034c6    program     static D:\microchip_solutions_v2013-06-15\MiWi DE Demo\8-bit Wireless Development Kit - 2.4 GHz IEEE 802.15.4\Tutorial3 - RFD Device\Demo.c
                   __pa_2   0x004938    program     static D:\microchip_solutions_v2013-06-15\MiWi DE Demo\8-bit Wireless Development Kit - 2.4 GHz IEEE 802.15.4\Tutorial3 - RFD Device\LcdDisplay.c
                   __pa_2   0x0026a4    program     static D:\microchip_solutions_v2013-06-15\Microchip\Transceivers\MRF24J40\MRF24J40.c
                  __pa_20   0x0014b8    program     static D:\microchip_solutions_v2013-06-15\Microchip\WirelessProtocols\MiWi\MiWi.c
                  __pa_20   0x0027c8    program     static D:\microchip_solutions_v2013-06-15\Microchip\Transceivers\MRF24J40\MRF24J40.c
                  __pa_20   0x003d02    program     static E:\c18v3.46\pic18-lt\cxx-framework\src\extended\stdclib\vfprintf.c
                  __pa_21   0x0027d4    program     static D:\microchip_solutions_v2013-06-15\Microchip\Transceivers\MRF24J40\MRF24J40.c
                  __pa_21   0x0014d4    program     static D:\microchip_solutions_v2013-06-15\Microchip\WirelessProtocols\MiWi\MiWi.c
                  __pa_21   0x003d0c    program     static E:\c18v3.46\pic18-lt\cxx-framework\src\extended\stdclib\vfprintf.c
                  __pa_22   0x0014e0    program     static D:\microchip_solutions_v2013-06-15\Microchip\WirelessProtocols\MiWi\MiWi.c
                  __pa_22   0x0027e6    program     static D:\microchip_solutions_v2013-06-15\Microchip\Transceivers\MRF24J40\MRF24J40.c
                  __pa_22   0x003d16    program     static E:\c18v3.46\pic18-lt\cxx-framework\src\extended\stdclib\vfprintf.c
                  __pa_23   0x0014f8    program     static D:\microchip_solutions_v2013-06-15\Microchip\WirelessProtocols\MiWi\MiWi.c
                  __pa_23   0x0027f8    program     static D:\microchip_solutions_v2013-06-15\Microchip\Transceivers\MRF24J40\MRF24J40.c
                  __pa_23   0x003d24    program     static E:\c18v3.46\pic18-lt\cxx-framework\src\extended\stdclib\vfprintf.c
                  __pa_24   0x002804    program     static D:\microchip_solutions_v2013-06-15\Microchip\Transceivers\MRF24J40\MRF24J40.c
                  __pa_24   0x001510    program     static D:\microchip_solutions_v2013-06-15\Microchip\WirelessProtocols\MiWi\MiWi.c
                  __pa_25   0x00280e    program     static D:\microchip_solutions_v2013-06-15\Microchip\Transceivers\MRF24J40\MRF24J40.c
                  __pa_25   0x00151a    program     static D:\microchip_solutions_v2013-06-15\Microchip\WirelessProtocols\MiWi\MiWi.c
                  __pa_26   0x00281a    program     static D:\microchip_solutions_v2013-06-15\Microchip\Transceivers\MRF24J40\MRF24J40.c
                  __pa_26   0x001538    program     static D:\microchip_solutions_v2013-06-15\Microchip\WirelessProtocols\MiWi\MiWi.c
                  __pa_27   0x002828    program     static D:\microchip_solutions_v2013-06-15\Microchip\Transceivers\MRF24J40\MRF24J40.c
                  __pa_27   0x001556    program     static D:\microchip_solutions_v2013-06-15\Microchip\WirelessProtocols\MiWi\MiWi.c
                  __pa_28   0x001574    program     static D:\microchip_solutions_v2013-06-15\Microchip\WirelessProtocols\MiWi\MiWi.c
                  __pa_28   0x002836    program     static D:\microchip_solutions_v2013-06-15\Microchip\Transceivers\MRF24J40\MRF24J40.c
                  __pa_29   0x001582    program     static D:\microchip_solutions_v2013-06-15\Microchip\WirelessProtocols\MiWi\MiWi.c
                  __pa_29   0x00283e    program     static D:\microchip_solutions_v2013-06-15\Microchip\Transceivers\MRF24J40\MRF24J40.c
                   __pa_3   0x0026b2    program     static D:\microchip_solutions_v2013-06-15\Microchip\Transceivers\MRF24J40\MRF24J40.c
                   __pa_3   0x004944    program     static D:\microchip_solutions_v2013-06-15\MiWi DE Demo\8-bit Wireless Development Kit - 2.4 GHz IEEE 802.15.4\Tutorial3 - RFD Device\LcdDisplay.c
                   __pa_3   0x0034d8    program     static D:\microchip_solutions_v2013-06-15\MiWi DE Demo\8-bit Wireless Development Kit - 2.4 GHz IEEE 802.15.4\Tutorial3 - RFD Device\Demo.c
                   __pa_3   0x003c00    program     static E:\c18v3.46\pic18-lt\cxx-framework\src\extended\stdclib\vfprintf.c
                   __pa_3   0x004664    program     static D:\microchip_solutions_v2013-06-15\Microchip\WirelessProtocols\NVM.c
                   __pa_3   0x0013cc    program     static D:\microchip_solutions_v2013-06-15\Microchip\WirelessProtocols\MiWi\MiWi.c
                  __pa_30   0x001598    program     static D:\microchip_solutions_v2013-06-15\Microchip\WirelessProtocols\MiWi\MiWi.c
                  __pa_30   0x002846    program     static D:\microchip_solutions_v2013-06-15\Microchip\Transceivers\MRF24J40\MRF24J40.c
                  __pa_31   0x0015b2    program     static D:\microchip_solutions_v2013-06-15\Microchip\WirelessProtocols\MiWi\MiWi.c
                  __pa_31   0x00284e    program     static D:\microchip_solutions_v2013-06-15\Microchip\Transceivers\MRF24J40\MRF24J40.c
                  __pa_32   0x0015b8    program     static D:\microchip_solutions_v2013-06-15\Microchip\WirelessProtocols\MiWi\MiWi.c
                  __pa_32   0x00285c    program     static D:\microchip_solutions_v2013-06-15\Microchip\Transceivers\MRF24J40\MRF24J40.c
                  __pa_33   0x0015c0    program     static D:\microchip_solutions_v2013-06-15\Microchip\WirelessProtocols\MiWi\MiWi.c
                  __pa_33   0x00286c    program     static D:\microchip_solutions_v2013-06-15\Microchip\Transceivers\MRF24J40\MRF24J40.c
                  __pa_34   0x0015cc    program     static D:\microchip_solutions_v2013-06-15\Microchip\WirelessProtocols\MiWi\MiWi.c
                  __pa_34   0x002886    program     static D:\microchip_solutions_v2013-06-15\Microchip\Transceivers\MRF24J40\MRF24J40.c
                  __pa_35   0x002892    program     static D:\microchip_solutions_v2013-06-15\Microchip\Transceivers\MRF24J40\MRF24J40.c
                  __pa_35   0x0015d4    program     static D:\microchip_solutions_v2013-06-15\Microchip\WirelessProtocols\MiWi\MiWi.c
                  __pa_36   0x0028a0    program     static D:\microchip_solutions_v2013-06-15\Microchip\Transceivers\MRF24J40\MRF24J40.c
                  __pa_36   0x0015dc    program     static D:\microchip_solutions_v2013-06-15\Microchip\WirelessProtocols\MiWi\MiWi.c
                  __pa_37   0x0015f0    program     static D:\microchip_solutions_v2013-06-15\Microchip\WirelessProtocols\MiWi\MiWi.c
                  __pa_37   0x0028b0    program     static D:\microchip_solutions_v2013-06-15\Microchip\Transceivers\MRF24J40\MRF24J40.c
                  __pa_38   0x001602    program     static D:\microchip_solutions_v2013-06-15\Microchip\WirelessProtocols\MiWi\MiWi.c
                  __pa_38   0x0028d0    program     static D:\microchip_solutions_v2013-06-15\Microchip\Transceivers\MRF24J40\MRF24J40.c
                  __pa_39   0x0028de    program     static D:\microchip_solutions_v2013-06-15\Microchip\Transceivers\MRF24J40\MRF24J40.c
                  __pa_39   0x00160e    program     static D:\microchip_solutions_v2013-06-15\Microchip\WirelessProtocols\MiWi\MiWi.c
                   __pa_4   0x003c14    program     static E:\c18v3.46\pic18-lt\cxx-framework\src\extended\stdclib\vfprintf.c
                   __pa_4   0x0026bc    program     static D:\microchip_solutions_v2013-06-15\Microchip\Transceivers\MRF24J40\MRF24J40.c
                   __pa_4   0x004674    program     static D:\microchip_solutions_v2013-06-15\Microchip\WirelessProtocols\NVM.c
                   __pa_4   0x0013d2    program     static D:\microchip_solutions_v2013-06-15\Microchip\WirelessProtocols\MiWi\MiWi.c
                   __pa_4   0x0034e4    program     static D:\microchip_solutions_v2013-06-15\MiWi DE Demo\8-bit Wireless Development Kit - 2.4 GHz IEEE 802.15.4\Tutorial3 - RFD Device\Demo.c
                   __pa_4   0x00494c    program     static D:\microchip_solutions_v2013-06-15\MiWi DE Demo\8-bit Wireless Development Kit - 2.4 GHz IEEE 802.15.4\Tutorial3 - RFD Device\LcdDisplay.c
                  __pa_40   0x0028ea    program     static D:\microchip_solutions_v2013-06-15\Microchip\Transceivers\MRF24J40\MRF24J40.c
                  __pa_40   0x001612    program     static D:\microchip_solutions_v2013-06-15\Microchip\WirelessProtocols\MiWi\MiWi.c
                  __pa_41   0x0028f6    program     static D:\microchip_solutions_v2013-06-15\Microchip\Transceivers\MRF24J40\MRF24J40.c
                  __pa_41   0x00161e    program     static D:\microchip_solutions_v2013-06-15\Microchip\WirelessProtocols\MiWi\MiWi.c
                  __pa_42   0x001628    program     static D:\microchip_solutions_v2013-06-15\Microchip\WirelessProtocols\MiWi\MiWi.c
                  __pa_42   0x002900    program     static D:\microchip_solutions_v2013-06-15\Microchip\Transceivers\MRF24J40\MRF24J40.c
                  __pa_43   0x001632    program     static D:\microchip_solutions_v2013-06-15\Microchip\WirelessProtocols\MiWi\MiWi.c
                  __pa_43   0x00290a    program     static D:\microchip_solutions_v2013-06-15\Microchip\Transceivers\MRF24J40\MRF24J40.c
                  __pa_44   0x002918    program     static D:\microchip_solutions_v2013-06-15\Microchip\Transceivers\MRF24J40\MRF24J40.c
                  __pa_44   0x00163a    program     static D:\microchip_solutions_v2013-06-15\Microchip\WirelessProtocols\MiWi\MiWi.c
                  __pa_45   0x001646    program     static D:\microchip_solutions_v2013-06-15\Microchip\WirelessProtocols\MiWi\MiWi.c
                  __pa_45   0x002926    program     static D:\microchip_solutions_v2013-06-15\Microchip\Transceivers\MRF24J40\MRF24J40.c
                  __pa_46   0x001656    program     static D:\microchip_solutions_v2013-06-15\Microchip\WirelessProtocols\MiWi\MiWi.c
                  __pa_46   0x002936    program     static D:\microchip_solutions_v2013-06-15\Microchip\Transceivers\MRF24J40\MRF24J40.c
                  __pa_47   0x001666    program     static D:\microchip_solutions_v2013-06-15\Microchip\WirelessProtocols\MiWi\MiWi.c
                  __pa_47   0x00293e    program     static D:\microchip_solutions_v2013-06-15\Microchip\Transceivers\MRF24J40\MRF24J40.c
                  __pa_48   0x002946    program     static D:\microchip_solutions_v2013-06-15\Microchip\Transceivers\MRF24J40\MRF24J40.c
                  __pa_48   0x001676    program     static D:\microchip_solutions_v2013-06-15\Microchip\WirelessProtocols\MiWi\MiWi.c
                  __pa_49   0x00294c    program     static D:\microchip_solutions_v2013-06-15\Microchip\Transceivers\MRF24J40\MRF24J40.c
                  __pa_49   0x001686    program     static D:\microchip_solutions_v2013-06-15\Microchip\WirelessProtocols\MiWi\MiWi.c
                   __pa_5   0x0026ec    program     static D:\microchip_solutions_v2013-06-15\Microchip\Transceivers\MRF24J40\MRF24J40.c
                   __pa_5   0x003c26    program     static E:\c18v3.46\pic18-lt\cxx-framework\src\extended\stdclib\vfprintf.c
                   __pa_5   0x00467c    program     static D:\microchip_solutions_v2013-06-15\Microchip\WirelessProtocols\NVM.c
                   __pa_5   0x0013e8    program     static D:\microchip_solutions_v2013-06-15\Microchip\WirelessProtocols\MiWi\MiWi.c
                   __pa_5   0x0034f0    program     static D:\microchip_solutions_v2013-06-15\MiWi DE Demo\8-bit Wireless Development Kit - 2.4 GHz IEEE 802.15.4\Tutorial3 - RFD Device\Demo.c
                  __pa_50   0x001696    program     static D:\microchip_solutions_v2013-06-15\Microchip\WirelessProtocols\MiWi\MiWi.c
                  __pa_50   0x002954    program     static D:\microchip_solutions_v2013-06-15\Microchip\Transceivers\MRF24J40\MRF24J40.c
                  __pa_51   0x00169c    program     static D:\microchip_solutions_v2013-06-15\Microchip\WirelessProtocols\MiWi\MiWi.c
                  __pa_51   0x00295a    program     static D:\microchip_solutions_v2013-06-15\Microchip\Transceivers\MRF24J40\MRF24J40.c
                  __pa_52   0x0016aa    program     static D:\microchip_solutions_v2013-06-15\Microchip\WirelessProtocols\MiWi\MiWi.c
                  __pa_52   0x002960    program     static D:\microchip_solutions_v2013-06-15\Microchip\Transceivers\MRF24J40\MRF24J40.c
                  __pa_53   0x0016b8    program     static D:\microchip_solutions_v2013-06-15\Microchip\WirelessProtocols\MiWi\MiWi.c
                  __pa_53   0x002968    program     static D:\microchip_solutions_v2013-06-15\Microchip\Transceivers\MRF24J40\MRF24J40.c
                  __pa_54   0x0016c0    program     static D:\microchip_solutions_v2013-06-15\Microchip\WirelessProtocols\MiWi\MiWi.c
                  __pa_54   0x002972    program     static D:\microchip_solutions_v2013-06-15\Microchip\Transceivers\MRF24J40\MRF24J40.c
                  __pa_55   0x002978    program     static D:\microchip_solutions_v2013-06-15\Microchip\Transceivers\MRF24J40\MRF24J40.c
                  __pa_55   0x0016ca    program     static D:\microchip_solutions_v2013-06-15\Microchip\WirelessProtocols\MiWi\MiWi.c
                  __pa_56   0x00297e    program     static D:\microchip_solutions_v2013-06-15\Microchip\Transceivers\MRF24J40\MRF24J40.c
                  __pa_56   0x0016d2    program     static D:\microchip_solutions_v2013-06-15\Microchip\WirelessProtocols\MiWi\MiWi.c
                  __pa_57   0x0016dc    program     static D:\microchip_solutions_v2013-06-15\Microchip\WirelessProtocols\MiWi\MiWi.c
                  __pa_57   0x002986    program     static D:\microchip_solutions_v2013-06-15\Microchip\Transceivers\MRF24J40\MRF24J40.c
                  __pa_58   0x002990    program     static D:\microchip_solutions_v2013-06-15\Microchip\Transceivers\MRF24J40\MRF24J40.c
                  __pa_58   0x0016e2    program     static D:\microchip_solutions_v2013-06-15\Microchip\WirelessProtocols\MiWi\MiWi.c
                  __pa_59   0x001702    program     static D:\microchip_solutions_v2013-06-15\Microchip\WirelessProtocols\MiWi\MiWi.c
                  __pa_59   0x00299a    program     static D:\microchip_solutions_v2013-06-15\Microchip\Transceivers\MRF24J40\MRF24J40.c
                   __pa_6   0x003c36    program     static E:\c18v3.46\pic18-lt\cxx-framework\src\extended\stdclib\vfprintf.c
                   __pa_6   0x0013f0    program     static D:\microchip_solutions_v2013-06-15\Microchip\WirelessProtocols\MiWi\MiWi.c
                   __pa_6   0x0034fa    program     static D:\microchip_solutions_v2013-06-15\MiWi DE Demo\8-bit Wireless Development Kit - 2.4 GHz IEEE 802.15.4\Tutorial3 - RFD Device\Demo.c
                   __pa_6   0x002704    program     static D:\microchip_solutions_v2013-06-15\Microchip\Transceivers\MRF24J40\MRF24J40.c
                  __pa_60   0x00170a    program     static D:\microchip_solutions_v2013-06-15\Microchip\WirelessProtocols\MiWi\MiWi.c
                  __pa_61   0x001732    program     static D:\microchip_solutions_v2013-06-15\Microchip\WirelessProtocols\MiWi\MiWi.c
                  __pa_62   0x00173e    program     static D:\microchip_solutions_v2013-06-15\Microchip\WirelessProtocols\MiWi\MiWi.c
                  __pa_63   0x00174c    program     static D:\microchip_solutions_v2013-06-15\Microchip\WirelessProtocols\MiWi\MiWi.c
                  __pa_64   0x001758    program     static D:\microchip_solutions_v2013-06-15\Microchip\WirelessProtocols\MiWi\MiWi.c
                  __pa_65   0x00176a    program     static D:\microchip_solutions_v2013-06-15\Microchip\WirelessProtocols\MiWi\MiWi.c
                  __pa_66   0x00177a    program     static D:\microchip_solutions_v2013-06-15\Microchip\WirelessProtocols\MiWi\MiWi.c
                  __pa_67   0x001780    program     static D:\microchip_solutions_v2013-06-15\Microchip\WirelessProtocols\MiWi\MiWi.c
                  __pa_68   0x001786    program     static D:\microchip_solutions_v2013-06-15\Microchip\WirelessProtocols\MiWi\MiWi.c
                  __pa_69   0x00178e    program     static D:\microchip_solutions_v2013-06-15\Microchip\WirelessProtocols\MiWi\MiWi.c
                   __pa_7   0x00270a    program     static D:\microchip_solutions_v2013-06-15\Microchip\Transceivers\MRF24J40\MRF24J40.c
                   __pa_7   0x003c48    program     static E:\c18v3.46\pic18-lt\cxx-framework\src\extended\stdclib\vfprintf.c
                   __pa_7   0x0013f6    program     static D:\microchip_solutions_v2013-06-15\Microchip\WirelessProtocols\MiWi\MiWi.c
                   __pa_7   0x003504    program     static D:\microchip_solutions_v2013-06-15\MiWi DE Demo\8-bit Wireless Development Kit - 2.4 GHz IEEE 802.15.4\Tutorial3 - RFD Device\Demo.c
                  __pa_70   0x0017a6    program     static D:\microchip_solutions_v2013-06-15\Microchip\WirelessProtocols\MiWi\MiWi.c
                  __pa_71   0x0017b6    program     static D:\microchip_solutions_v2013-06-15\Microchip\WirelessProtocols\MiWi\MiWi.c
                  __pa_72   0x0017ce    program     static D:\microchip_solutions_v2013-06-15\Microchip\WirelessProtocols\MiWi\MiWi.c
                  __pa_73   0x0017e0    program     static D:\microchip_solutions_v2013-06-15\Microchip\WirelessProtocols\MiWi\MiWi.c
                  __pa_74   0x0017e6    program     static D:\microchip_solutions_v2013-06-15\Microchip\WirelessProtocols\MiWi\MiWi.c
                  __pa_75   0x0017f0    program     static D:\microchip_solutions_v2013-06-15\Microchip\WirelessProtocols\MiWi\MiWi.c
                  __pa_76   0x0017f6    program     static D:\microchip_solutions_v2013-06-15\Microchip\WirelessProtocols\MiWi\MiWi.c
                  __pa_77   0x0017fc    program     static D:\microchip_solutions_v2013-06-15\Microchip\WirelessProtocols\MiWi\MiWi.c
                  __pa_78   0x001802    program     static D:\microchip_solutions_v2013-06-15\Microchip\WirelessProtocols\MiWi\MiWi.c
                  __pa_79   0x001810    program     static D:\microchip_solutions_v2013-06-15\Microchip\WirelessProtocols\MiWi\MiWi.c
                   __pa_8   0x003c54    program     static E:\c18v3.46\pic18-lt\cxx-framework\src\extended\stdclib\vfprintf.c
                   __pa_8   0x002714    program     static D:\microchip_solutions_v2013-06-15\Microchip\Transceivers\MRF24J40\MRF24J40.c
                   __pa_8   0x0013fc    program     static D:\microchip_solutions_v2013-06-15\Microchip\WirelessProtocols\MiWi\MiWi.c
                  __pa_80   0x001818    program     static D:\microchip_solutions_v2013-06-15\Microchip\WirelessProtocols\MiWi\MiWi.c
                  __pa_81   0x001822    program     static D:\microchip_solutions_v2013-06-15\Microchip\WirelessProtocols\MiWi\MiWi.c
                  __pa_82   0x00182a    program     static D:\microchip_solutions_v2013-06-15\Microchip\WirelessProtocols\MiWi\MiWi.c
                  __pa_83   0x001832    program     static D:\microchip_solutions_v2013-06-15\Microchip\WirelessProtocols\MiWi\MiWi.c
                  __pa_84   0x001842    program     static D:\microchip_solutions_v2013-06-15\Microchip\WirelessProtocols\MiWi\MiWi.c
                  __pa_85   0x00184a    program     static D:\microchip_solutions_v2013-06-15\Microchip\WirelessProtocols\MiWi\MiWi.c
                  __pa_86   0x001858    program     static D:\microchip_solutions_v2013-06-15\Microchip\WirelessProtocols\MiWi\MiWi.c
                  __pa_87   0x001862    program     static D:\microchip_solutions_v2013-06-15\Microchip\WirelessProtocols\MiWi\MiWi.c
                  __pa_88   0x00186c    program     static D:\microchip_solutions_v2013-06-15\Microchip\WirelessProtocols\MiWi\MiWi.c
                  __pa_89   0x001874    program     static D:\microchip_solutions_v2013-06-15\Microchip\WirelessProtocols\MiWi\MiWi.c
                   __pa_9   0x003c66    program     static E:\c18v3.46\pic18-lt\cxx-framework\src\extended\stdclib\vfprintf.c
                   __pa_9   0x002720    program     static D:\microchip_solutions_v2013-06-15\Microchip\Transceivers\MRF24J40\MRF24J40.c
                   __pa_9   0x00140c    program     static D:\microchip_solutions_v2013-06-15\Microchip\WirelessProtocols\MiWi\MiWi.c
                  __pa_90   0x00187a    program     static D:\microchip_solutions_v2013-06-15\Microchip\WirelessProtocols\MiWi\MiWi.c
                  __pa_91   0x001882    program     static D:\microchip_solutions_v2013-06-15\Microchip\WirelessProtocols\MiWi\MiWi.c
                  __pa_92   0x001888    program     static D:\microchip_solutions_v2013-06-15\Microchip\WirelessProtocols\MiWi\MiWi.c
                  __pa_93   0x00188e    program     static D:\microchip_solutions_v2013-06-15\Microchip\WirelessProtocols\MiWi\MiWi.c
                  __pa_94   0x0018a0    program     static D:\microchip_solutions_v2013-06-15\Microchip\WirelessProtocols\MiWi\MiWi.c
                  __pa_95   0x0018a6    program     static D:\microchip_solutions_v2013-06-15\Microchip\WirelessProtocols\MiWi\MiWi.c
                  __pa_96   0x0018b4    program     static D:\microchip_solutions_v2013-06-15\Microchip\WirelessProtocols\MiWi\MiWi.c
                  __pa_97   0x0018c0    program     static D:\microchip_solutions_v2013-06-15\Microchip\WirelessProtocols\MiWi\MiWi.c
                  __pa_98   0x0018cc    program     static D:\microchip_solutions_v2013-06-15\Microchip\WirelessProtocols\MiWi\MiWi.c
                  __pa_99   0x0018d8    program     static D:\microchip_solutions_v2013-06-15\Microchip\WirelessProtocols\MiWi\MiWi.c
               __string_0   0x004a7b    program     static D:\microchip_solutions_v2013-06-15\MiWi DE Demo\8-bit Wireless Development Kit - 2.4 GHz IEEE 802.15.4\Tutorial3 - RFD Device\Demo.c
               __string_1   0x004a5e    program     static D:\microchip_solutions_v2013-06-15\MiWi DE Demo\8-bit Wireless Development Kit - 2.4 GHz IEEE 802.15.4\Tutorial3 - RFD Device\Demo.c
              __string_10   0x004981    program     static D:\microchip_solutions_v2013-06-15\MiWi DE Demo\8-bit Wireless Development Kit - 2.4 GHz IEEE 802.15.4\Tutorial3 - RFD Device\Demo.c
              __string_11   0x004974    program     static D:\microchip_solutions_v2013-06-15\MiWi DE Demo\8-bit Wireless Development Kit - 2.4 GHz IEEE 802.15.4\Tutorial3 - RFD Device\Demo.c
              __string_12   0x004967    program     static D:\microchip_solutions_v2013-06-15\MiWi DE Demo\8-bit Wireless Development Kit - 2.4 GHz IEEE 802.15.4\Tutorial3 - RFD Device\Demo.c
              __string_13   0x004965    program     static D:\microchip_solutions_v2013-06-15\MiWi DE Demo\8-bit Wireless Development Kit - 2.4 GHz IEEE 802.15.4\Tutorial3 - RFD Device\Demo.c
              __string_14   0x004961    program     static D:\microchip_solutions_v2013-06-15\MiWi DE Demo\8-bit Wireless Development Kit - 2.4 GHz IEEE 802.15.4\Tutorial3 - RFD Device\Demo.c
              __string_15   0x00495d    program     static D:\microchip_solutions_v2013-06-15\MiWi DE Demo\8-bit Wireless Development Kit - 2.4 GHz IEEE 802.15.4\Tutorial3 - RFD Device\Demo.c
              __string_16   0x00495b    program     static D:\microchip_solutions_v2013-06-15\MiWi DE Demo\8-bit Wireless Development Kit - 2.4 GHz IEEE 802.15.4\Tutorial3 - RFD Device\Demo.c
              __string_17   0x004956    program     static D:\microchip_solutions_v2013-06-15\MiWi DE Demo\8-bit Wireless Development Kit - 2.4 GHz IEEE 802.15.4\Tutorial3 - RFD Device\Demo.c
              __string_18   0x004954    program     static D:\microchip_solutions_v2013-06-15\MiWi DE Demo\8-bit Wireless Development Kit - 2.4 GHz IEEE 802.15.4\Tutorial3 - RFD Device\Demo.c
               __string_2   0x004a40    program     static D:\microchip_solutions_v2013-06-15\MiWi DE Demo\8-bit Wireless Development Kit - 2.4 GHz IEEE 802.15.4\Tutorial3 - RFD Device\Demo.c
               __string_3   0x004a1f    program     static D:\microchip_solutions_v2013-06-15\MiWi DE Demo\8-bit Wireless Development Kit - 2.4 GHz IEEE 802.15.4\Tutorial3 - RFD Device\Demo.c
               __string_4   0x0049fe    program     static D:\microchip_solutions_v2013-06-15\MiWi DE Demo\8-bit Wireless Development Kit - 2.4 GHz IEEE 802.15.4\Tutorial3 - RFD Device\Demo.c
               __string_5   0x0049ea    program     static D:\microchip_solutions_v2013-06-15\MiWi DE Demo\8-bit Wireless Development Kit - 2.4 GHz IEEE 802.15.4\Tutorial3 - RFD Device\Demo.c
               __string_6   0x0049d8    program     static D:\microchip_solutions_v2013-06-15\MiWi DE Demo\8-bit Wireless Development Kit - 2.4 GHz IEEE 802.15.4\Tutorial3 - RFD Device\Demo.c
               __string_7   0x0049c9    program     static D:\microchip_solutions_v2013-06-15\MiWi DE Demo\8-bit Wireless Development Kit - 2.4 GHz IEEE 802.15.4\Tutorial3 - RFD Device\Demo.c
               __string_8   0x0049aa    program     static D:\microchip_solutions_v2013-06-15\MiWi DE Demo\8-bit Wireless Development Kit - 2.4 GHz IEEE 802.15.4\Tutorial3 - RFD Device\Demo.c
               __string_9   0x00498d    program     static D:\microchip_solutions_v2013-06-15\MiWi DE Demo\8-bit Wireless Development Kit - 2.4 GHz IEEE 802.15.4\Tutorial3 - RFD Device\Demo.c
                  __subFP   0x003d2a    program     extern E:\c18v3.46\pic18-lt\cxx-framework\src\extended\math\addFP.asm
               __tmplbl_0   0x002d8a    program     static                          
               __tmplbl_1   0x002d86    program     static                          
              __tmplbl_10   0x0031f6    program     static                          
              __tmplbl_11   0x0031e0    program     static                          
               __tmplbl_2   0x002d84    program     static                          
              __tmplbl_27   0x002836    program     static                          
              __tmplbl_28   0x002836    program     static                          
              __tmplbl_29   0x00283e    program     static                          
               __tmplbl_3   0x002d3a    program     static                          
              __tmplbl_30   0x00283e    program     static                          
               __tmplbl_4   0x002d36    program     static                          
               __tmplbl_5   0x00315c    program     static                          
               __tmplbl_6   0x003158    program     static                          
              __tmplbl_62   0x0015d4    program     static                          
              __tmplbl_63   0x0015b8    program     static                          
              __tmplbl_64   0x0016ca    program     static                          
              __tmplbl_65   0x0015b8    program     static                          
              __tmplbl_66   0x0015b8    program     static                          
              __tmplbl_67   0x0016ca    program     static                          
               __tmplbl_7   0x003140    program     static                          
              __tmplbl_72   0x0016ca    program     static                          
              __tmplbl_73   0x0015b8    program     static                          
              __tmplbl_74   0x0015b8    program     static                          
              __tmplbl_77   0x0015b8    program     static                          
              __tmplbl_78   0x0015d4    program     static                          
              __tmplbl_79   0x0015d4    program     static                          
               __tmplbl_8   0x00313c    program     static                          
               __tmplbl_9   0x00320c    program     static                          
            __zero_memory   0x004ea2    program     extern E:\c18v3.46\pic18-lt\cxx-framework\src\extended\proc\p18f46j50.asm
                _do_cinit   0x004b8e    program     extern E:\c18v3.46\pic18-lt\cxx-framework\src\extended\startup\c018i_e.c
            _early08uexit   0x00409a    program     extern E:\c18v3.46\pic18-lt\cxx-framework\src\extended\math\div08u.asm
            _early32uexit   0x004420    program     extern E:\c18v3.46\pic18-lt\cxx-framework\src\extended\math\div32u.asm
                   _entry   0x000000    program     extern E:\c18v3.46\pic18-lt\cxx-framework\src\extended\startup\c018i_e.c
                   _false   0x004464    program     static E:\c18v3.46\pic18-lt\cxx-framework\src\extended\math\div32u.asm
                 _startup   0x004ede    program     extern E:\c18v3.46\pic18-lt\cxx-framework\src\extended\startup\c018i_e.c
              _usart_putc   0x004ec2    program     extern E:\c18v3.46\pic18-lt\cxx-framework\src\pmc_common\USART\_usartpc.asm
               _user_putc   0x00000e    program     extern E:\c18v3.46\pic18-lt\cxx-framework\src\extended\stdclib\_user_putc.c
                compare_l   0x004eb8    program     static E:\c18v3.46\pic18-lt\cxx-framework\src\extended\proc\p18f46j50.asm
                copy_loop   0x004c00    program     static                          
            copy_one_byte   0x004c06    program     static                          
                divmod08u   0x00409c    program     static E:\c18v3.46\pic18-lt\cxx-framework\src\extended\math\div08u.asm
                divmod32u   0x004422    program     static E:\c18v3.46\pic18-lt\cxx-framework\src\extended\math\div32u.asm
                     done   0x004c2a    program     static                          
             done_copying   0x004c14    program     static                          
                  endloop   0x0040b2    program     static E:\c18v3.46\pic18-lt\cxx-framework\src\extended\math\div08u.asm
     findNextNetworkEntry   0x00082a    program     extern D:\microchip_solutions_v2013-06-15\Microchip\WirelessProtocols\MiWi\MiWi.c
            isSameAddress   0x000aae    program     extern D:\microchip_solutions_v2013-06-15\Microchip\WirelessProtocols\MiWi\MiWi.c
                  isdigit   0x004e7e    program     extern E:\c18v3.46\pic18-lt\cxx-framework\src\extended\stdclib\isdigit.asm
                 jANotInf   0x004342    program     static E:\c18v3.46\pic18-lt\cxx-framework\src\extended\math\mulFP.asm
                 jANotInf   0x003d70    program     static E:\c18v3.46\pic18-lt\cxx-framework\src\extended\math\addFP.asm
                 jANotNeg   0x003e04    program     static E:\c18v3.46\pic18-lt\cxx-framework\src\extended\math\addFP.asm
              jAandWsetup   0x003dd4    program     static E:\c18v3.46\pic18-lt\cxx-framework\src\extended\math\addFP.asm
                  jAisNeg   0x004230    program     static E:\c18v3.46\pic18-lt\cxx-framework\src\extended\math\compFP.asm
                 jAltBexp   0x003dc2    program     static E:\c18v3.46\pic18-lt\cxx-framework\src\extended\math\addFP.asm
                jBANotInf   0x003d66    program     static E:\c18v3.46\pic18-lt\cxx-framework\src\extended\math\addFP.asm
                 jBNotInf   0x003d7e    program     static E:\c18v3.46\pic18-lt\cxx-framework\src\extended\math\addFP.asm
                     jBeg   0x003d30    program     static E:\c18v3.46\pic18-lt\cxx-framework\src\extended\math\addFP.asm
                     jBeg   0x003fca    program     static E:\c18v3.46\pic18-lt\cxx-framework\src\extended\math\cast16FP.asm
                     jBeg   0x003f90    program     static E:\c18v3.46\pic18-lt\cxx-framework\src\extended\math\cast08FP.asm
              jBothFinite   0x004350    program     static E:\c18v3.46\pic18-lt\cxx-framework\src\extended\math\mulFP.asm
             jBothNotZero   0x00435c    program     static E:\c18v3.46\pic18-lt\cxx-framework\src\extended\math\mulFP.asm
             jBothNotZero   0x0041d2    program     static E:\c18v3.46\pic18-lt\cxx-framework\src\extended\math\compFP.asm
            jDifOrPosSign   0x003d92    program     static E:\c18v3.46\pic18-lt\cxx-framework\src\extended\math\addFP.asm
              jDivANotInf   0x004106    program     static E:\c18v3.46\pic18-lt\cxx-framework\src\extended\math\divFP.asm
             jDivANotZero   0x00411a    program     static E:\c18v3.46\pic18-lt\cxx-framework\src\extended\math\divFP.asm
                 jDivLoop   0x004142    program     static E:\c18v3.46\pic18-lt\cxx-framework\src\extended\math\divFP.asm
                 jDivNext   0x004168    program     static E:\c18v3.46\pic18-lt\cxx-framework\src\extended\math\divFP.asm
                    jDone   0x004066    program     static E:\c18v3.46\pic18-lt\cxx-framework\src\extended\math\castFP08.asm
                      jEQ   0x0041ee    program     static E:\c18v3.46\pic18-lt\cxx-framework\src\extended\math\compFP.asm
                     jEnd   0x004d34    program     static E:\c18v3.46\pic18-lt\cxx-framework\src\extended\stdclib\strlen.asm
                     jEnd   0x004d6c    program     static E:\c18v3.46\pic18-lt\cxx-framework\src\extended\stdclib\slenpgm.asm
                    jExch   0x0041fa    program     static E:\c18v3.46\pic18-lt\cxx-framework\src\extended\math\compFP.asm
                    jExit   0x00406a    program     static E:\c18v3.46\pic18-lt\cxx-framework\src\extended\math\castFP08.asm
                    jExit   0x00425e    program     static E:\c18v3.46\pic18-lt\cxx-framework\src\extended\math\compFP.asm
                    jExit   0x003ee8    program     static E:\c18v3.46\pic18-lt\cxx-framework\src\extended\math\packFP.asm
                   jExpEQ   0x004240    program     static E:\c18v3.46\pic18-lt\cxx-framework\src\extended\math\compFP.asm
                   jFinal   0x004224    program     static E:\c18v3.46\pic18-lt\cxx-framework\src\extended\math\compFP.asm
               jFinalSign   0x003e6c    program     static E:\c18v3.46\pic18-lt\cxx-framework\src\extended\math\addFP.asm
                jHaveZero   0x004358    program     static E:\c18v3.46\pic18-lt\cxx-framework\src\extended\math\mulFP.asm
                    jLoop   0x00404e    program     static E:\c18v3.46\pic18-lt\cxx-framework\src\extended\math\castFP08.asm
                    jLoop   0x004d2a    program     static E:\c18v3.46\pic18-lt\cxx-framework\src\extended\stdclib\strlen.asm
                    jLoop   0x004d54    program     static E:\c18v3.46\pic18-lt\cxx-framework\src\extended\stdclib\slenpgm.asm
                jLoopExit   0x00405c    program     static E:\c18v3.46\pic18-lt\cxx-framework\src\extended\math\castFP08.asm
                   jMatch   0x004e9e    program     static E:\c18v3.46\pic18-lt\cxx-framework\src\extended\stdclib\isdigit.asm
                     jMax   0x00402a    program     static E:\c18v3.46\pic18-lt\cxx-framework\src\extended\math\castFP08.asm
                  jMaxNeg   0x004034    program     static E:\c18v3.46\pic18-lt\cxx-framework\src\extended\math\castFP08.asm
                  jMaxPos   0x00402e    program     static E:\c18v3.46\pic18-lt\cxx-framework\src\extended\math\castFP08.asm
                      jNE   0x0041f2    program     static E:\c18v3.46\pic18-lt\cxx-framework\src\extended\math\compFP.asm
                jNoAdjust   0x004166    program     static E:\c18v3.46\pic18-lt\cxx-framework\src\extended\math\divFP.asm
                  jNoExch   0x00421a    program     static E:\c18v3.46\pic18-lt\cxx-framework\src\extended\math\compFP.asm
                 jNoMatch   0x004ea0    program     static E:\c18v3.46\pic18-lt\cxx-framework\src\extended\stdclib\isdigit.asm
             jNotBothZero   0x003d96    program     static E:\c18v3.46\pic18-lt\cxx-framework\src\extended\math\addFP.asm
                  jNotInf   0x00403e    program     static E:\c18v3.46\pic18-lt\cxx-framework\src\extended\math\castFP08.asm
                  jNotNeg   0x003fb0    program     static E:\c18v3.46\pic18-lt\cxx-framework\src\extended\math\cast08FP.asm
                  jNotNeg   0x003ff0    program     static E:\c18v3.46\pic18-lt\cxx-framework\src\extended\math\cast16FP.asm
                  jPkLoop   0x003e82    program     static E:\c18v3.46\pic18-lt\cxx-framework\src\extended\math\packFP.asm
             jPkRoundDone   0x003ecc    program     static E:\c18v3.46\pic18-lt\cxx-framework\src\extended\math\packFP.asm
               jPkRoundIt   0x003eb4    program     static E:\c18v3.46\pic18-lt\cxx-framework\src\extended\math\packFP.asm
             jPkShiftDone   0x003e9e    program     static E:\c18v3.46\pic18-lt\cxx-framework\src\extended\math\packFP.asm
           jReturnPosInf0   0x003f12    program     static E:\c18v3.46\pic18-lt\cxx-framework\src\extended\math\packFP.asm
                  jRotate   0x00424c    program     static E:\c18v3.46\pic18-lt\cxx-framework\src\extended\math\compFP.asm
                   jShift   0x004236    program     static E:\c18v3.46\pic18-lt\cxx-framework\src\extended\math\compFP.asm
               jShiftDone   0x003e2c    program     static E:\c18v3.46\pic18-lt\cxx-framework\src\extended\math\addFP.asm
               jShiftLoop   0x003e1e    program     static E:\c18v3.46\pic18-lt\cxx-framework\src\extended\math\addFP.asm
                jSignDone   0x003e5c    program     static E:\c18v3.46\pic18-lt\cxx-framework\src\extended\math\addFP.asm
                 jSignsEQ   0x0041d6    program     static E:\c18v3.46\pic18-lt\cxx-framework\src\extended\math\compFP.asm
                  jUnpkA1   0x003f38    program     static E:\c18v3.46\pic18-lt\cxx-framework\src\extended\math\unpackFP.asm
                  jUnpkA2   0x003f50    program     static E:\c18v3.46\pic18-lt\cxx-framework\src\extended\math\unpackFP.asm
                 jUnpkANZ   0x003f46    program     static E:\c18v3.46\pic18-lt\cxx-framework\src\extended\math\unpackFP.asm
                  jUnpkB1   0x003f68    program     static E:\c18v3.46\pic18-lt\cxx-framework\src\extended\math\unpackFP.asm
                  jUnpkB2   0x003f80    program     static E:\c18v3.46\pic18-lt\cxx-framework\src\extended\math\unpackFP.asm
                 jUnpkBNZ   0x003f76    program     static E:\c18v3.46\pic18-lt\cxx-framework\src\extended\math\unpackFP.asm
                 jUnpkNaN   0x003f5a    program     static E:\c18v3.46\pic18-lt\cxx-framework\src\extended\math\unpackFP.asm
                 jWNotNeg   0x003e18    program     static E:\c18v3.46\pic18-lt\cxx-framework\src\extended\math\addFP.asm
                    jZero   0x00403a    program     static E:\c18v3.46\pic18-lt\cxx-framework\src\extended\math\castFP08.asm
               jZero1and2   0x003f16    program     static E:\c18v3.46\pic18-lt\cxx-framework\src\extended\math\packFP.asm
                     loop   0x004ed2    program     static E:\c18v3.46\pic18-lt\cxx-framework\src\pmc_common\USART\_usartpc.asm
                     loop   0x004430    program     static E:\c18v3.46\pic18-lt\cxx-framework\src\extended\math\div32u.asm
                     loop   0x0040a4    program     static E:\c18v3.46\pic18-lt\cxx-framework\src\extended\math\div08u.asm
                     loop   0x004eec    program     static                          
                   loop_h   0x004eb0    program     static E:\c18v3.46\pic18-lt\cxx-framework\src\extended\proc\p18f46j50.asm
                   loop_l   0x004eba    program     static E:\c18v3.46\pic18-lt\cxx-framework\src\extended\proc\p18f46j50.asm
[...]
               TXSTA2bits   0x000fa8       data     extern E:\c18v3.46\pic18-lt\cxx-framework\src\extended\proc\p18f46j50.asm
                   TXSTA2   0x000fa8       data     extern E:\c18v3.46\pic18-lt\cxx-framework\src\extended\proc\p18f46j50.asm
                   TXREG2   0x000fa9       data     extern E:\c18v3.46\pic18-lt\cxx-framework\src\extended\proc\p18f46j50.asm
                   RCREG2   0x000faa       data     extern E:\c18v3.46\pic18-lt\cxx-framework\src\extended\proc\p18f46j50.asm
                   SPBRG2   0x000fab       data     extern E:\c18v3.46\pic18-lt\cxx-framework\src\extended\proc\p18f46j50.asm
                RCSTAbits   0x000fac       data     extern E:\c18v3.46\pic18-lt\cxx-framework\src\extended\proc\p18f46j50.asm
               RCSTA1bits   0x000fac       data     extern E:\c18v3.46\pic18-lt\cxx-framework\src\extended\proc\p18f46j50.asm
                   RCSTA1   0x000fac       data     extern E:\c18v3.46\pic18-lt\cxx-framework\src\extended\proc\p18f46j50.asm
                    RCSTA   0x000fac       data     extern E:\c18v3.46\pic18-lt\cxx-framework\src\extended\proc\p18f46j50.asm
                TXSTAbits   0x000fad       data     extern E:\c18v3.46\pic18-lt\cxx-framework\src\extended\proc\p18f46j50.asm
                    TXSTA   0x000fad       data     extern E:\c18v3.46\pic18-lt\cxx-framework\src\extended\proc\p18f46j50.asm
               TXSTA1bits   0x000fad       data     extern E:\c18v3.46\pic18-lt\cxx-framework\src\extended\proc\p18f46j50.asm
                   TXSTA1   0x000fad       data     extern E:\c18v3.46\pic18-lt\cxx-framework\src\extended\proc\p18f46j50.asm
                    TXREG   0x000fae       data     extern E:\c18v3.46\pic18-lt\cxx-framework\src\extended\proc\p18f46j50.asm
                   TXREG1   0x000fae       data     extern E:\c18v3.46\pic18-lt\cxx-framework\src\extended\proc\p18f46j50.asm
                   RCREG1   0x000faf       data     extern E:\c18v3.46\pic18-lt\cxx-framework\src\extended\proc\p18f46j50.asm
                    RCREG   0x000faf       data     extern E:\c18v3.46\pic18-lt\cxx-framework\src\extended\proc\p18f46j50.asm
                    SPBRG   0x000fb0       data     extern E:\c18v3.46\pic18-lt\cxx-framework\src\extended\proc\p18f46j50.asm
                   SPBRG1   0x000fb0       data     extern E:\c18v3.46\pic18-lt\cxx-framework\src\extended\proc\p18f46j50.asm
             CTMUICONbits   0x000fb1       data     extern E:\c18v3.46\pic18-lt\cxx-framework\src\extended\proc\p18f46j50.asm
                 CTMUICON   0x000fb1       data     extern E:\c18v3.46\pic18-lt\cxx-framework\src\extended\proc\p18f46j50.asm
             CTMUCONLbits   0x000fb2       data     extern E:\c18v3.46\pic18-lt\cxx-framework\src\extended\proc\p18f46j50.asm
                 CTMUCONL   0x000fb2       data     extern E:\c18v3.46\pic18-lt\cxx-framework\src\extended\proc\p18f46j50.asm
             CTMUCONHbits   0x000fb3       data     extern E:\c18v3.46\pic18-lt\cxx-framework\src\extended\proc\p18f46j50.asm
                 CTMUCONH   0x000fb3       data     extern E:\c18v3.46\pic18-lt\cxx-framework\src\extended\proc\p18f46j50.asm
                 ECCP2CON   0x000fb4       data     extern E:\c18v3.46\pic18-lt\cxx-framework\src\extended\proc\p18f46j50.asm
             ECCP2CONbits   0x000fb4       data     extern E:\c18v3.46\pic18-lt\cxx-framework\src\extended\proc\p18f46j50.asm
              CCP2CONbits   0x000fb4       data     extern E:\c18v3.46\pic18-lt\cxx-framework\src\extended\proc\p18f46j50.asm
                  CCP2CON   0x000fb4       data     extern E:\c18v3.46\pic18-lt\cxx-framework\src\extended\proc\p18f46j50.asm
                    CCPR2   0x000fb5       data     extern E:\c18v3.46\pic18-lt\cxx-framework\src\extended\proc\p18f46j50.asm
                   CCPR2L   0x000fb5       data     extern E:\c18v3.46\pic18-lt\cxx-framework\src\extended\proc\p18f46j50.asm
                   CCPR2H   0x000fb6       data     extern E:\c18v3.46\pic18-lt\cxx-framework\src\extended\proc\p18f46j50.asm
              PWM2CONbits   0x000fb7       data     extern E:\c18v3.46\pic18-lt\cxx-framework\src\extended\proc\p18f46j50.asm
                  PWM2CON   0x000fb7       data     extern E:\c18v3.46\pic18-lt\cxx-framework\src\extended\proc\p18f46j50.asm
                 ECCP2DEL   0x000fb7       data     extern E:\c18v3.46\pic18-lt\cxx-framework\src\extended\proc\p18f46j50.asm
             ECCP2DELbits   0x000fb7       data     extern E:\c18v3.46\pic18-lt\cxx-framework\src\extended\proc\p18f46j50.asm
                  ECCP2AS   0x000fb8       data     extern E:\c18v3.46\pic18-lt\cxx-framework\src\extended\proc\p18f46j50.asm
              ECCP2ASbits   0x000fb8       data     extern E:\c18v3.46\pic18-lt\cxx-framework\src\extended\proc\p18f46j50.asm
             PSTR2CONbits   0x000fb9       data     extern E:\c18v3.46\pic18-lt\cxx-framework\src\extended\proc\p18f46j50.asm
                 PSTR2CON   0x000fb9       data     extern E:\c18v3.46\pic18-lt\cxx-framework\src\extended\proc\p18f46j50.asm
             ECCP1CONbits   0x000fba       data     extern E:\c18v3.46\pic18-lt\cxx-framework\src\extended\proc\p18f46j50.asm
                 ECCP1CON   0x000fba       data     extern E:\c18v3.46\pic18-lt\cxx-framework\src\extended\proc\p18f46j50.asm
              CCP1CONbits   0x000fba       data     extern E:\c18v3.46\pic18-lt\cxx-framework\src\extended\proc\p18f46j50.asm
                  CCP1CON   0x000fba       data     extern E:\c18v3.46\pic18-lt\cxx-framework\src\extended\proc\p18f46j50.asm
                    CCPR1   0x000fbb       data     extern E:\c18v3.46\pic18-lt\cxx-framework\src\extended\proc\p18f46j50.asm
                   CCPR1L   0x000fbb       data     extern E:\c18v3.46\pic18-lt\cxx-framework\src\extended\proc\p18f46j50.asm
                   CCPR1H   0x000fbc       data     extern E:\c18v3.46\pic18-lt\cxx-framework\src\extended\proc\p18f46j50.asm
                  PWM1CON   0x000fbd       data     extern E:\c18v3.46\pic18-lt\cxx-framework\src\extended\proc\p18f46j50.asm
              PWM1CONbits   0x000fbd       data     extern E:\c18v3.46\pic18-lt\cxx-framework\src\extended\proc\p18f46j50.asm
             ECCP1DELbits   0x000fbd       data     extern E:\c18v3.46\pic18-lt\cxx-framework\src\extended\proc\p18f46j50.asm
                 ECCP1DEL   0x000fbd       data     extern E:\c18v3.46\pic18-lt\cxx-framework\src\extended\proc\p18f46j50.asm
              ECCP1ASbits   0x000fbe       data     extern E:\c18v3.46\pic18-lt\cxx-framework\src\extended\proc\p18f46j50.asm
                  ECCP1AS   0x000fbe       data     extern E:\c18v3.46\pic18-lt\cxx-framework\src\extended\proc\p18f46j50.asm
             PSTR1CONbits   0x000fbf       data     extern E:\c18v3.46\pic18-lt\cxx-framework\src\extended\proc\p18f46j50.asm
                 PSTR1CON   0x000fbf       data     extern E:\c18v3.46\pic18-lt\cxx-framework\src\extended\proc\p18f46j50.asm
                   WDTCON   0x000fc0       data     extern E:\c18v3.46\pic18-lt\cxx-framework\src\extended\proc\p18f46j50.asm
               WDTCONbits   0x000fc0       data     extern E:\c18v3.46\pic18-lt\cxx-framework\src\extended\proc\p18f46j50.asm
               ADCON1bits   0x000fc1       data     extern E:\c18v3.46\pic18-lt\cxx-framework\src\extended\proc\p18f46j50.asm
                   ADCON1   0x000fc1       data     extern E:\c18v3.46\pic18-lt\cxx-framework\src\extended\proc\p18f46j50.asm
               ADCON0bits   0x000fc2       data     extern E:\c18v3.46\pic18-lt\cxx-framework\src\extended\proc\p18f46j50.asm
                   ADCON0   0x000fc2       data     extern E:\c18v3.46\pic18-lt\cxx-framework\src\extended\proc\p18f46j50.asm
                    ADRES   0x000fc3       data     extern E:\c18v3.46\pic18-lt\cxx-framework\src\extended\proc\p18f46j50.asm
                   ADRESL   0x000fc3       data     extern E:\c18v3.46\pic18-lt\cxx-framework\src\extended\proc\p18f46j50.asm
                   ADRESH   0x000fc4       data     extern E:\c18v3.46\pic18-lt\cxx-framework\src\extended\proc\p18f46j50.asm
                 SSP1CON2   0x000fc5       data     extern E:\c18v3.46\pic18-lt\cxx-framework\src\extended\proc\p18f46j50.asm
             SSP1CON2bits   0x000fc5       data     extern E:\c18v3.46\pic18-lt\cxx-framework\src\extended\proc\p18f46j50.asm
                  SSPCON2   0x000fc5       data     extern E:\c18v3.46\pic18-lt\cxx-framework\src\extended\proc\p18f46j50.asm
              SSPCON2bits   0x000fc5       data     extern E:\c18v3.46\pic18-lt\cxx-framework\src\extended\proc\p18f46j50.asm
             SSP1CON1bits   0x000fc6       data     extern E:\c18v3.46\pic18-lt\cxx-framework\src\extended\proc\p18f46j50.asm
                 SSP1CON1   0x000fc6       data     extern E:\c18v3.46\pic18-lt\cxx-framework\src\extended\proc\p18f46j50.asm
                  SSPCON1   0x000fc6       data     extern E:\c18v3.46\pic18-lt\cxx-framework\src\extended\proc\p18f46j50.asm
              SSPCON1bits   0x000fc6       data     extern E:\c18v3.46\pic18-lt\cxx-framework\src\extended\proc\p18f46j50.asm
                  SSPSTAT   0x000fc7       data     extern E:\c18v3.46\pic18-lt\cxx-framework\src\extended\proc\p18f46j50.asm
              SSPSTATbits   0x000fc7       data     extern E:\c18v3.46\pic18-lt\cxx-framework\src\extended\proc\p18f46j50.asm
             SSP1STATbits   0x000fc7       data     extern E:\c18v3.46\pic18-lt\cxx-framework\src\extended\proc\p18f46j50.asm
                 SSP1STAT   0x000fc7       data     extern E:\c18v3.46\pic18-lt\cxx-framework\src\extended\proc\p18f46j50.asm
               SSPADDbits   0x000fc8       data     extern E:\c18v3.46\pic18-lt\cxx-framework\src\extended\proc\p18f46j50.asm
                   SSPADD   0x000fc8       data     extern E:\c18v3.46\pic18-lt\cxx-framework\src\extended\proc\p18f46j50.asm
                  SSP1ADD   0x000fc8       data     extern E:\c18v3.46\pic18-lt\cxx-framework\src\extended\proc\p18f46j50.asm
              SSP1ADDbits   0x000fc8       data     extern E:\c18v3.46\pic18-lt\cxx-framework\src\extended\proc\p18f46j50.asm
                   SSPBUF   0x000fc9       data     extern E:\c18v3.46\pic18-lt\cxx-framework\src\extended\proc\p18f46j50.asm
                  SSP1BUF   0x000fc9       data     extern E:\c18v3.46\pic18-lt\cxx-framework\src\extended\proc\p18f46j50.asm
                T2CONbits   0x000fca       data     extern E:\c18v3.46\pic18-lt\cxx-framework\src\extended\proc\p18f46j50.asm
                    T2CON   0x000fca       data     extern E:\c18v3.46\pic18-lt\cxx-framework\src\extended\proc\p18f46j50.asm
                      PR2   0x000fcb       data     extern E:\c18v3.46\pic18-lt\cxx-framework\src\extended\proc\p18f46j50.asm
                     TMR2   0x000fcc       data     extern E:\c18v3.46\pic18-lt\cxx-framework\src\extended\proc\p18f46j50.asm
                T1CONbits   0x000fcd       data     extern E:\c18v3.46\pic18-lt\cxx-framework\src\extended\proc\p18f46j50.asm
                    T1CON   0x000fcd       data     extern E:\c18v3.46\pic18-lt\cxx-framework\src\extended\proc\p18f46j50.asm
                    TMR1L   0x000fce       data     extern E:\c18v3.46\pic18-lt\cxx-framework\src\extended\proc\p18f46j50.asm
                    TMR1H   0x000fcf       data     extern E:\c18v3.46\pic18-lt\cxx-framework\src\extended\proc\p18f46j50.asm
                 RCONbits   0x000fd0       data     extern E:\c18v3.46\pic18-lt\cxx-framework\src\extended\proc\p18f46j50.asm
                     RCON   0x000fd0       data     extern E:\c18v3.46\pic18-lt\cxx-framework\src\extended\proc\p18f46j50.asm
               CM2CONbits   0x000fd1       data     extern E:\c18v3.46\pic18-lt\cxx-framework\src\extended\proc\p18f46j50.asm
              CM2CON1bits   0x000fd1       data     extern E:\c18v3.46\pic18-lt\cxx-framework\src\extended\proc\p18f46j50.asm
                  CM2CON1   0x000fd1       data     extern E:\c18v3.46\pic18-lt\cxx-framework\src\extended\proc\p18f46j50.asm
                   CM2CON   0x000fd1       data     extern E:\c18v3.46\pic18-lt\cxx-framework\src\extended\proc\p18f46j50.asm
               CM1CONbits   0x000fd2       data     extern E:\c18v3.46\pic18-lt\cxx-framework\src\extended\proc\p18f46j50.asm
              CM1CON1bits   0x000fd2       data     extern E:\c18v3.46\pic18-lt\cxx-framework\src\extended\proc\p18f46j50.asm
                  CM1CON1   0x000fd2       data     extern E:\c18v3.46\pic18-lt\cxx-framework\src\extended\proc\p18f46j50.asm
                   CM1CON   0x000fd2       data     extern E:\c18v3.46\pic18-lt\cxx-framework\src\extended\proc\p18f46j50.asm
                   OSCCON   0x000fd3       data     extern E:\c18v3.46\pic18-lt\cxx-framework\src\extended\proc\p18f46j50.asm
               OSCCONbits   0x000fd3       data     extern E:\c18v3.46\pic18-lt\cxx-framework\src\extended\proc\p18f46j50.asm
                    T0CON   0x000fd5       data     extern E:\c18v3.46\pic18-lt\cxx-framework\src\extended\proc\p18f46j50.asm
                T0CONbits   0x000fd5       data     extern E:\c18v3.46\pic18-lt\cxx-framework\src\extended\proc\p18f46j50.asm
                    TMR0L   0x000fd6       data     extern E:\c18v3.46\pic18-lt\cxx-framework\src\extended\proc\p18f46j50.asm
                    TMR0H   0x000fd7       data     extern E:\c18v3.46\pic18-lt\cxx-framework\src\extended\proc\p18f46j50.asm
                   STATUS   0x000fd8       data     extern E:\c18v3.46\pic18-lt\cxx-framework\src\extended\proc\p18f46j50.asm
               STATUSbits   0x000fd8       data     extern E:\c18v3.46\pic18-lt\cxx-framework\src\extended\proc\p18f46j50.asm
                     FSR2   0x000fd9       data     extern E:\c18v3.46\pic18-lt\cxx-framework\src\extended\proc\p18f46j50.asm
                    FSR2L   0x000fd9       data     extern E:\c18v3.46\pic18-lt\cxx-framework\src\extended\proc\p18f46j50.asm
                    FSR2H   0x000fda       data     extern E:\c18v3.46\pic18-lt\cxx-framework\src\extended\proc\p18f46j50.asm
                   PLUSW2   0x000fdb       data     extern E:\c18v3.46\pic18-lt\cxx-framework\src\extended\proc\p18f46j50.asm
                  PREINC2   0x000fdc       data     extern E:\c18v3.46\pic18-lt\cxx-framework\src\extended\proc\p18f46j50.asm
                 POSTDEC2   0x000fdd       data     extern E:\c18v3.46\pic18-lt\cxx-framework\src\extended\proc\p18f46j50.asm
                 POSTINC2   0x000fde       data     extern E:\c18v3.46\pic18-lt\cxx-framework\src\extended\proc\p18f46j50.asm
                    INDF2   0x000fdf       data     extern E:\c18v3.46\pic18-lt\cxx-framework\src\extended\proc\p18f46j50.asm
                      BSR   0x000fe0       data     extern E:\c18v3.46\pic18-lt\cxx-framework\src\extended\proc\p18f46j50.asm
                    FSR1L   0x000fe1       data     extern E:\c18v3.46\pic18-lt\cxx-framework\src\extended\proc\p18f46j50.asm
                     FSR1   0x000fe1       data     extern E:\c18v3.46\pic18-lt\cxx-framework\src\extended\proc\p18f46j50.asm
                    FSR1H   0x000fe2       data     extern E:\c18v3.46\pic18-lt\cxx-framework\src\extended\proc\p18f46j50.asm
                   PLUSW1   0x000fe3       data     extern E:\c18v3.46\pic18-lt\cxx-framework\src\extended\proc\p18f46j50.asm
                  PREINC1   0x000fe4       data     extern E:\c18v3.46\pic18-lt\cxx-framework\src\extended\proc\p18f46j50.asm
                 POSTDEC1   0x000fe5       data     extern E:\c18v3.46\pic18-lt\cxx-framework\src\extended\proc\p18f46j50.asm
                 POSTINC1   0x000fe6       data     extern E:\c18v3.46\pic18-lt\cxx-framework\src\extended\proc\p18f46j50.asm
                    INDF1   0x000fe7       data     extern E:\c18v3.46\pic18-lt\cxx-framework\src\extended\proc\p18f46j50.asm
                     WREG   0x000fe8       data     extern E:\c18v3.46\pic18-lt\cxx-framework\src\extended\proc\p18f46j50.asm
                    FSR0L   0x000fe9       data     extern E:\c18v3.46\pic18-lt\cxx-framework\src\extended\proc\p18f46j50.asm
                     FSR0   0x000fe9       data     extern E:\c18v3.46\pic18-lt\cxx-framework\src\extended\proc\p18f46j50.asm
                    FSR0H   0x000fea       data     extern E:\c18v3.46\pic18-lt\cxx-framework\src\extended\proc\p18f46j50.asm
                   PLUSW0   0x000feb       data     extern E:\c18v3.46\pic18-lt\cxx-framework\src\extended\proc\p18f46j50.asm
                  PREINC0   0x000fec       data     extern E:\c18v3.46\pic18-lt\cxx-framework\src\extended\proc\p18f46j50.asm
                 POSTDEC0   0x000fed       data     extern E:\c18v3.46\pic18-lt\cxx-framework\src\extended\proc\p18f46j50.asm
                 POSTINC0   0x000fee       data     extern E:\c18v3.46\pic18-lt\cxx-framework\src\extended\proc\p18f46j50.asm
                    INDF0   0x000fef       data     extern E:\c18v3.46\pic18-lt\cxx-framework\src\extended\proc\p18f46j50.asm
                  INTCON3   0x000ff0       data     extern E:\c18v3.46\pic18-lt\cxx-framework\src\extended\proc\p18f46j50.asm
              INTCON3bits   0x000ff0       data     extern E:\c18v3.46\pic18-lt\cxx-framework\src\extended\proc\p18f46j50.asm
              INTCON2bits   0x000ff1       data     extern E:\c18v3.46\pic18-lt\cxx-framework\src\extended\proc\p18f46j50.asm
                  INTCON2   0x000ff1       data     extern E:\c18v3.46\pic18-lt\cxx-framework\src\extended\proc\p18f46j50.asm
                   INTCON   0x000ff2       data     extern E:\c18v3.46\pic18-lt\cxx-framework\src\extended\proc\p18f46j50.asm
               INTCONbits   0x000ff2       data     extern E:\c18v3.46\pic18-lt\cxx-framework\src\extended\proc\p18f46j50.asm
                     PROD   0x000ff3       data     extern E:\c18v3.46\pic18-lt\cxx-framework\src\extended\proc\p18f46j50.asm
                    PRODL   0x000ff3       data     extern E:\c18v3.46\pic18-lt\cxx-framework\src\extended\proc\p18f46j50.asm
                    PRODH   0x000ff4       data     extern E:\c18v3.46\pic18-lt\cxx-framework\src\extended\proc\p18f46j50.asm
                   TABLAT   0x000ff5       data     extern E:\c18v3.46\pic18-lt\cxx-framework\src\extended\proc\p18f46j50.asm
                   TBLPTR   0x000ff6       data     extern E:\c18v3.46\pic18-lt\cxx-framework\src\extended\proc\p18f46j50.asm
                  TBLPTRL   0x000ff6       data     extern E:\c18v3.46\pic18-lt\cxx-framework\src\extended\proc\p18f46j50.asm
                  TBLPTRH   0x000ff7       data     extern E:\c18v3.46\pic18-lt\cxx-framework\src\extended\proc\p18f46j50.asm
                  TBLPTRU   0x000ff8       data     extern E:\c18v3.46\pic18-lt\cxx-framework\src\extended\proc\p18f46j50.asm
                      PCL   0x000ff9       data     extern E:\c18v3.46\pic18-lt\cxx-framework\src\extended\proc\p18f46j50.asm
                       PC   0x000ff9       data     extern E:\c18v3.46\pic18-lt\cxx-framework\src\extended\proc\p18f46j50.asm
                   PCLATH   0x000ffa       data     extern E:\c18v3.46\pic18-lt\cxx-framework\src\extended\proc\p18f46j50.asm
                   PCLATU   0x000ffb       data     extern E:\c18v3.46\pic18-lt\cxx-framework\src\extended\proc\p18f46j50.asm
               STKPTRbits   0x000ffc       data     extern E:\c18v3.46\pic18-lt\cxx-framework\src\extended\proc\p18f46j50.asm
                   STKPTR   0x000ffc       data     extern E:\c18v3.46\pic18-lt\cxx-framework\src\extended\proc\p18f46j50.asm
                     TOSL   0x000ffd       data     extern E:\c18v3.46\pic18-lt\cxx-framework\src\extended\proc\p18f46j50.asm
                      TOS   0x000ffd       data     extern E:\c18v3.46\pic18-lt\cxx-framework\src\extended\proc\p18f46j50.asm
                     TOSH   0x000ffe       data     extern E:\c18v3.46\pic18-lt\cxx-framework\src\extended\proc\p18f46j50.asm
                     TOSU   0x000fff       data     extern E:\c18v3.46\pic18-lt\cxx-framework\src\extended\proc\p18f46j50.asm


