MPLINK 4.48, Linker
Linker Map File - Created Tue Oct 11 21:41:05 2022

                                 Section Info
                  Section       Type    Address   Location Size(Bytes)
                ---------  ---------  ---------  ---------  ---------
               _entry_scn       code   0x000000    program   0x000006
      .romdata_MRF24J40.o    romdata   0x000006    program   0x000002
               highVector       code   0x000008    program   0x000006
       .code__user_putc.o       code   0x00000e    program   0x000002
           .code___init.o       code   0x000010    program   0x000002
      .idata_MRF24J40.o_i    romdata   0x000012    program   0x000003
               lowhVector       code   0x000018    program   0x000006
       .romdata_Console.o    romdata   0x00001e    program   0x000010
              securityKey    romdata   0x00002e    program   0x000010
                   .cinit    romdata   0x00003e    program   0x00003e
             .code_MiWi.o       code   0x00007c    program   0x0066f6
         .code_MRF24J40.o       code   0x006772    program   0x001f88
             .code_Demo.o       code   0x0086fa    program   0x001e8a
             .stringtable    romdata   0x00a584    program   0x000cad
  .romdata_SelfTestMode.o    romdata   0x00b231    program   0x000000
  .idata_SelfTestMode.o_i    romdata   0x00b231    program   0x000001
     .idata_TimeDelay.o_i    romdata   0x00b231    program   0x000000
     .romdata_TimeDelay.o    romdata   0x00b231    program   0x000000
       .idata_sprintf.o_i    romdata   0x00b231    program   0x000000
       .romdata_sprintf.o    romdata   0x00b231    program   0x000000
          .romdata_MSPI.o    romdata   0x00b231    program   0x000000
      .idata_fxd3232u.o_i    romdata   0x00b231    program   0x000000
           .romdata_NVM.o    romdata   0x00b231    program   0x000000
.romdata_HardwareProfile.o    romdata   0x00b231    program   0x000000
      .romdata_fxd3232u.o    romdata   0x00b231    program   0x000000
          .idata_putc.o_i    romdata   0x00b231    program   0x000000
           .romdata_crc.o    romdata   0x00b231    program   0x000000
           .idata_crc.o_i    romdata   0x00b231    program   0x000000
          .romdata_putc.o    romdata   0x00b231    program   0x000000
          .romdata_Demo.o    romdata   0x00b231    program   0x000000
    .idata__user_putc.o_i    romdata   0x00b231    program   0x000000
    .romdata__user_putc.o    romdata   0x00b231    program   0x000000
       .romdata_MRF49XA.o    romdata   0x00b231    program   0x000000
         .code_vfprintf.o       code   0x00b232    program   0x000c22
                     PROG       code   0x00be54    program   0x00057c
     .code_SelfTestMode.o       code   0x00c3d0    program   0x0004d8
              .code_NVM.o       code   0x00c8a8    program   0x000360
        .code_TimeDelay.o       code   0x00cc08    program   0x000222
       .code_LcdDisplay.o       code   0x00ce2a    program   0x000200
          .code_Console.o       code   0x00d02a    program   0x000194
  .code_HardwareProfile.o       code   0x00d1be    program   0x000114
       .code_SymbolTime.o       code   0x00d2d2    program   0x0000c2
          .code_sprintf.o       code   0x00d394    program   0x0000ac
               _cinit_scn       code   0x00d440    program   0x00009e
             .code_putc.o       code   0x00d4de    program   0x000084
          .code_fxm3232.o       code   0x00d562    program   0x000070
             .code_MSPI.o       code   0x00d5d2    program   0x00006a
                   STRING       code   0x00d63c    program   0x000066
         .code_fxd3232u.o       code   0x00d6a2    program   0x000048
          .romdata_MiWi.o    romdata   0x00d6ea    program   0x00003c
                    CTYPE       code   0x00d726    program   0x000024
             _startup_scn       code   0x00d74a    program   0x00001c
                    STDIO       code   0x00d766    program   0x00001c
         .code_fxd0808u.o       code   0x00d782    program   0x00001c
      .romdata_vfprintf.o    romdata   0x00d79e    program   0x000011
       .idata_MRF49XA.o_i    romdata   0x00d7af    program   0x000000
      .idata_fxd0808u.o_i    romdata   0x00d7af    program   0x000000
      .romdata_fxd0808u.o    romdata   0x00d7af    program   0x000000
       .idata_fxm3232.o_i    romdata   0x00d7af    program   0x000000
       .romdata_fxm3232.o    romdata   0x00d7af    program   0x000000
        .idata___init.o_i    romdata   0x00d7af    program   0x000000
        .romdata___init.o    romdata   0x00d7af    program   0x000000
      .idata_vfprintf.o_i    romdata   0x00d7af    program   0x000000
.idata_HardwareProfile.o_i    romdata   0x00d7af    program   0x000000
      .romdata_security.o    romdata   0x00d7af    program   0x000000
      .idata_security.o_i    romdata   0x00d7af    program   0x000000
         .romdata_c018i.o    romdata   0x00d7af    program   0x000000
         .idata_c018i.o_i    romdata   0x00d7af    program   0x000000
       .romdata_MRF89XA.o    romdata   0x00d7af    program   0x000000
       .idata_MiWiPRO.o_i    romdata   0x00d7af    program   0x000000
       .romdata_MiWiPRO.o    romdata   0x00d7af    program   0x000000
          .idata_MSPI.o_i    romdata   0x00d7af    program   0x000000
           .idata_NVM.o_i    romdata   0x00d7af    program   0x000000
    .romdata_LcdDisplay.o    romdata   0x00d7af    program   0x000000
        .idata_EEPROM.o_i    romdata   0x00d7af    program   0x000000
        .romdata_EEPROM.o    romdata   0x00d7af    program   0x000000
       .idata_Console.o_i    romdata   0x00d7af    program   0x000000
       .idata_MRF89XA.o_i    romdata   0x00d7af    program   0x000000
    .idata_SymbolTime.o_i    romdata   0x00d7af    program   0x000000
           .romdata_P2P.o    romdata   0x00d7af    program   0x000000
           .idata_P2P.o_i    romdata   0x00d7af    program   0x000000
    .romdata_SymbolTime.o    romdata   0x00d7af    program   0x000000
          .code_MRF49XA.o       code   0x00d7b0    program   0x000000
         .code_security.o       code   0x00d7b0    program   0x000000
              .code_crc.o       code   0x00d7b0    program   0x000000
          .code_MRF89XA.o       code   0x00d7b0    program   0x000000
            .code_c018i.o       code   0x00d7b0    program   0x000000
          .code_MiWiPRO.o       code   0x00d7b0    program   0x000000
           .code_EEPROM.o       code   0x00d7b0    program   0x000000
              .code_P2P.o       code   0x00d7b0    program   0x000000
                    .code       code   0x00d7b0    program   0x00000e
          .idata_MiWi.o_i    romdata   0x00d7be    program   0x00000d
    .idata_LcdDisplay.o_i    romdata   0x00d7cb    program   0x000004
          .idata_Demo.o_i    romdata   0x00d7cf    program   0x000012
.config_fff8_HardwareProfile.o    romdata   0x00fff8    program   0x000001
.config_fff9_HardwareProfile.o    romdata   0x00fff9    program   0x000001
.config_fffa_HardwareProfile.o    romdata   0x00fffa    program   0x000001
.config_fffb_HardwareProfile.o    romdata   0x00fffb    program   0x000001
                MATH_DATA      udata   0x000000       data   0x000014
                 .tmpdata      udata   0x000014       data   0x00000c
              HighISR_tmp      udata   0x000020       data   0x000004
            BIGvariables1      udata   0x000060       data   0x0000a0
            .udata_MiWi.o      udata   0x000100       data   0x0000d1
      .udata_LcdDisplay.o      udata   0x0001d1       data   0x000025
           .udata_c018i.o      udata   0x0001f6       data   0x00000a
            .udata_Demo.o      udata   0x000200       data   0x000099
               TRX_BUFFER      udata   0x000299       data   0x00005b
 .udata_HardwareProfile.o      udata   0x0002f4       data   0x000005
      .idata_LcdDisplay.o      idata   0x0002f9       data   0x000004
        .idata_MRF24J40.o      idata   0x0002fd       data   0x000003
          INDIRECT_BUFFER      udata   0x000300       data   0x000086
        .udata_MRF24J40.o      udata   0x000386       data   0x00001a
             .udata_NVM.o      udata   0x0003a0       data   0x000016
            .idata_Demo.o      idata   0x0003b6       data   0x000012
      .udata_SymbolTime.o      udata   0x0003c8       data   0x000002
          .udata_EEPROM.o      udata   0x0003ca       data   0x000000
          .idata_EEPROM.o      idata   0x0003ca       data   0x000000
         .udata_Console.o      udata   0x0003ca       data   0x000000
      .idata__user_putc.o      idata   0x0003ca       data   0x000000
      .udata__user_putc.o      udata   0x0003ca       data   0x000000
         .idata_Console.o      idata   0x0003ca       data   0x000000
    .udata_SelfTestMode.o      udata   0x0003ca       data   0x000000
        .udata_fxd0808u.o      udata   0x0003ca       data   0x000000
        .idata_fxd0808u.o      idata   0x0003ca       data   0x000000
         .udata_fxm3232.o      udata   0x0003ca       data   0x000000
         .idata_fxm3232.o      idata   0x0003ca       data   0x000000
          .udata___init.o      udata   0x0003ca       data   0x000000
          .idata___init.o      idata   0x0003ca       data   0x000000
            .idata_putc.o      idata   0x0003ca       data   0x000000
            .udata_putc.o      udata   0x0003ca       data   0x000000
        .idata_fxd3232u.o      idata   0x0003ca       data   0x000000
         .udata_sprintf.o      udata   0x0003ca       data   0x000000
        .udata_fxd3232u.o      udata   0x0003ca       data   0x000000
         .idata_sprintf.o      idata   0x0003ca       data   0x000000
        .idata_vfprintf.o      idata   0x0003ca       data   0x000000
        .udata_vfprintf.o      udata   0x0003ca       data   0x000000
         .udata_MRF89XA.o      udata   0x0003ca       data   0x000000
         .idata_MRF89XA.o      idata   0x0003ca       data   0x000000
       .idata_TimeDelay.o      idata   0x0003ca       data   0x000000
       .udata_TimeDelay.o      udata   0x0003ca       data   0x000000
             .idata_P2P.o      idata   0x0003ca       data   0x000000
             .udata_P2P.o      udata   0x0003ca       data   0x000000
 .idata_HardwareProfile.o      idata   0x0003ca       data   0x000000
             .idata_crc.o      idata   0x0003ca       data   0x000000
             .udata_crc.o      udata   0x0003ca       data   0x000000
        .idata_security.o      idata   0x0003ca       data   0x000000
        .udata_security.o      udata   0x0003ca       data   0x000000
         .idata_MRF49XA.o      idata   0x0003ca       data   0x000000
         .udata_MRF49XA.o      udata   0x0003ca       data   0x000000
           .idata_c018i.o      idata   0x0003ca       data   0x000000
             .idata_NVM.o      idata   0x0003ca       data   0x000000
      .idata_SymbolTime.o      idata   0x0003ca       data   0x000000
            .udata_MSPI.o      udata   0x0003ca       data   0x000000
            .idata_MSPI.o      idata   0x0003ca       data   0x000000
         .udata_MiWiPRO.o      udata   0x0003ca       data   0x000000
         .idata_MiWiPRO.o      idata   0x0003ca       data   0x000000
                   .stack      udata   0x000d00       data   0x000100
              MAC_RX_BUFF      udata   0x000e00       data   0x0000b2
            .idata_MiWi.o      idata   0x000eb2       data   0x00000d
    .idata_SelfTestMode.o      idata   0x000ebf       data   0x000001
              SFR_BANKED0      udata   0x000ec6       data   0x00000e
              SFR_BANKED1      udata   0x000ed7       data   0x000008
              SFR_BANKED2      udata   0x000ee7       data   0x000004
              SFR_BANKED3      udata   0x000eec       data   0x000003
              SFR_BANKED4      udata   0x000ef2       data   0x000002
              SFR_BANKED5      udata   0x000ef6       data   0x000002
              SFR_BANKED6      udata   0x000efb       data   0x000005
              SFR_BANKED7      udata   0x000f26       data   0x000014
              SFR_BANKED8      udata   0x000f3c       data   0x000007
              SFR_BANKED9      udata   0x000f48       data   0x000008
             SFR_BANKED10      udata   0x000f52       data   0x00000e
            SFR_UNBANKED0      udata   0x000f60       data   0x0000a0



                              Program Memory Usage 
                               Start         End      
                           ---------   ---------      
                            0x000000    0x000014      
                            0x000018    0x00d7ae      
                            0x00d7b0    0x00d7e0      
                            0x00fff8    0x00fffb      
            55265 out of 65538 program addresses used, program memory utilization is 84%



                              Symbols - Sorted by Name
                     Name    Address   Location    Storage File                     
                ---------  ---------  ---------  --------- ---------                
    AddNodeToNetworkTable   0x0040f6    program     extern D:\microchip_solutions_v2013-06-15\Microchip\WirelessProtocols\MiWi\MiWi.c
                BoardInit   0x00d1be    program     extern D:\microchip_solutions_v2013-06-15\MiWi DE Demo\8-bit Wireless Development Kit - 2.4 GHz IEEE 802.15.4\8-bit WDK Demo\HardwareProfile.c
          BroadcastJitter   0x000080    program     extern D:\microchip_solutions_v2013-06-15\Microchip\WirelessProtocols\MiWi\MiWi.c
           CharacterArray   0x00001e    program     extern D:\microchip_solutions_v2013-06-15\Microchip\WirelessProtocols\Console.c
                ConfigADC   0x008da4    program     extern D:\microchip_solutions_v2013-06-15\MiWi DE Demo\8-bit Wireless Development Kit - 2.4 GHz IEEE 802.15.4\8-bit WDK Demo\Demo.c
               ConsoleGet   0x00d090    program     extern D:\microchip_solutions_v2013-06-15\Microchip\WirelessProtocols\Console.c
              ConsoleInit   0x00d02a    program     extern D:\microchip_solutions_v2013-06-15\Microchip\WirelessProtocols\Console.c
               ConsolePut   0x00d076    program     extern D:\microchip_solutions_v2013-06-15\Microchip\WirelessProtocols\Console.c
      ConsolePutROMString   0x00d03c    program     extern D:\microchip_solutions_v2013-06-15\Microchip\WirelessProtocols\Console.c
             CreateorJoin   0x008fae    program     static                          
                Delay10us   0x00cc08    program     extern D:\microchip_solutions_v2013-06-15\Microchip\Common\TimeDelay.c
                  DelayMs   0x00cd1c    program     extern D:\microchip_solutions_v2013-06-15\Microchip\Common\TimeDelay.c
           DumpConnection   0x002f1c    program     extern D:\microchip_solutions_v2013-06-15\Microchip\WirelessProtocols\MiWi\MiWi.c
               EEPROMTest   0x00c764    program     extern D:\microchip_solutions_v2013-06-15\MiWi DE Demo\8-bit Wireless Development Kit - 2.4 GHz IEEE 802.15.4\8-bit WDK Demo\SelfTestMode.c
                 FLO0832S   0x00be58    program     extern C:\MCC18\src\traditional\math\cast08FP.asm
                 FLO0832U   0x00be54    program     extern C:\MCC18\src\traditional\math\cast08FP.asm
                 FLO1632S   0x00be7a    program     extern C:\MCC18\src\traditional\math\cast16FP.asm
                 FLO1632U   0x00be76    program     extern C:\MCC18\src\traditional\math\cast16FP.asm
                    FPA32   0x00bea2    program     extern C:\MCC18\src\traditional\math\addFP.asm
                    FPD32   0x00bfce    program     extern C:\MCC18\src\traditional\math\divFP.asm
                    FPM32   0x00c074    program     extern C:\MCC18\src\traditional\math\mulFP.asm
                    FPS32   0x00bea0    program     extern C:\MCC18\src\traditional\math\addFP.asm
                 FXD0808U   0x00d782    program     extern C:\MCC18\src\traditional\math\fxd0808u.c
                 FXD3232U   0x00d6a2    program     extern C:\MCC18\src\traditional\math\fxd3232u.c
                 FXM1616S   0x00c376    program     extern C:\MCC18\src\traditional\math\fxm1616s.asm
                  FXM3232   0x00d562    program     extern C:\MCC18\src\traditional\math\fxm3232.c
                  HighISR   0x00805c    program     extern D:\microchip_solutions_v2013-06-15\Microchip\Transceivers\MRF24J40\MRF24J40.c
               HighVector   0x000008    program     extern D:\microchip_solutions_v2013-06-15\Microchip\Transceivers\MRF24J40\MRF24J40.c
                  I2CTask   0x00ce2a    program     extern D:\microchip_solutions_v2013-06-15\MiWi DE Demo\8-bit Wireless Development Kit - 2.4 GHz IEEE 802.15.4\8-bit WDK Demo\LcdDisplay.c
                 I2CWrite   0x00cec6    program     extern D:\microchip_solutions_v2013-06-15\MiWi DE Demo\8-bit Wireless Development Kit - 2.4 GHz IEEE 802.15.4\8-bit WDK Demo\LcdDisplay.c
                  INT3208   0x00c14e    program     extern C:\MCC18\src\traditional\math\castFP08.asm
             InitMRF24J40   0x00693a    program     extern D:\microchip_solutions_v2013-06-15\Microchip\Transceivers\MRF24J40\MRF24J40.c
          InitSymbolTimer   0x00d2d2    program     extern D:\microchip_solutions_v2013-06-15\Microchip\WirelessProtocols\SymbolTime.c
          LCDBacklightOFF   0x00d002    program     extern D:\microchip_solutions_v2013-06-15\MiWi DE Demo\8-bit Wireless Development Kit - 2.4 GHz IEEE 802.15.4\8-bit WDK Demo\LcdDisplay.c
           LCDBacklightON   0x00cfb4    program     extern D:\microchip_solutions_v2013-06-15\MiWi DE Demo\8-bit Wireless Development Kit - 2.4 GHz IEEE 802.15.4\8-bit WDK Demo\LcdDisplay.c
               LCDDisplay   0x00d246    program     extern D:\microchip_solutions_v2013-06-15\MiWi DE Demo\8-bit Wireless Development Kit - 2.4 GHz IEEE 802.15.4\8-bit WDK Demo\HardwareProfile.c
                 LCDErase   0x00cf66    program     extern D:\microchip_solutions_v2013-06-15\MiWi DE Demo\8-bit Wireless Development Kit - 2.4 GHz IEEE 802.15.4\8-bit WDK Demo\LcdDisplay.c
                  LCDInit   0x00ceee    program     extern D:\microchip_solutions_v2013-06-15\MiWi DE Demo\8-bit Wireless Development Kit - 2.4 GHz IEEE 802.15.4\8-bit WDK Demo\LcdDisplay.c
                LCDUpdate   0x00cf96    program     extern D:\microchip_solutions_v2013-06-15\MiWi DE Demo\8-bit Wireless Development Kit - 2.4 GHz IEEE 802.15.4\8-bit WDK Demo\LcdDisplay.c
                LEDStatus   0x00c880    program     extern D:\microchip_solutions_v2013-06-15\MiWi DE Demo\8-bit Wireless Development Kit - 2.4 GHz IEEE 802.15.4\8-bit WDK Demo\SelfTestMode.c
                  LEDTest   0x00c6a8    program     extern D:\microchip_solutions_v2013-06-15\MiWi DE Demo\8-bit Wireless Development Kit - 2.4 GHz IEEE 802.15.4\8-bit WDK Demo\SelfTestMode.c
                LowVector   0x000018    program     extern D:\microchip_solutions_v2013-06-15\Microchip\Transceivers\MRF24J40\MRF24J40.c
              MCP9700Test   0x00c7f8    program     extern D:\microchip_solutions_v2013-06-15\MiWi DE Demo\8-bit Wireless Development Kit - 2.4 GHz IEEE 802.15.4\8-bit WDK Demo\SelfTestMode.c
                 MacroNop   0x00007c    program     extern D:\microchip_solutions_v2013-06-15\Microchip\WirelessProtocols\MiWi\MiWi.c
    MiApp_BroadcastPacket   0x004fb2    program     extern D:\microchip_solutions_v2013-06-15\Microchip\WirelessProtocols\MiWi\MiWi.c
     MiApp_ConnectionMode   0x004818    program     extern D:\microchip_solutions_v2013-06-15\Microchip\WirelessProtocols\MiWi\MiWi.c
     MiApp_DiscardMessage   0x004faa    program     extern D:\microchip_solutions_v2013-06-15\Microchip\WirelessProtocols\MiWi\MiWi.c
MiApp_EstablishConnection   0x004a86    program     extern D:\microchip_solutions_v2013-06-15\Microchip\WirelessProtocols\MiWi\MiWi.c
 MiApp_InitChannelHopping   0x006066    program     extern D:\microchip_solutions_v2013-06-15\Microchip\WirelessProtocols\MiWi\MiWi.c
   MiApp_MessageAvailable   0x004f98    program     extern D:\microchip_solutions_v2013-06-15\Microchip\WirelessProtocols\MiWi\MiWi.c
     MiApp_NoiseDetection   0x005a38    program     extern D:\microchip_solutions_v2013-06-15\Microchip\WirelessProtocols\MiWi\MiWi.c
       MiApp_ProtocolInit   0x004298    program     extern D:\microchip_solutions_v2013-06-15\Microchip\WirelessProtocols\MiWi\MiWi.c
   MiApp_RemoveConnection   0x006140    program     extern D:\microchip_solutions_v2013-06-15\Microchip\WirelessProtocols\MiWi\MiWi.c
   MiApp_ResyncConnection   0x005cc0    program     extern D:\microchip_solutions_v2013-06-15\Microchip\WirelessProtocols\MiWi\MiWi.c
   MiApp_SearchConnection   0x004874    program     extern D:\microchip_solutions_v2013-06-15\Microchip\WirelessProtocols\MiWi\MiWi.c
         MiApp_SetChannel   0x0047c4    program     extern D:\microchip_solutions_v2013-06-15\Microchip\WirelessProtocols\MiWi\MiWi.c
    MiApp_StartConnection   0x0057de    program     extern D:\microchip_solutions_v2013-06-15\Microchip\WirelessProtocols\MiWi\MiWi.c
     MiApp_UnicastAddress   0x005312    program     extern D:\microchip_solutions_v2013-06-15\Microchip\WirelessProtocols\MiWi\MiWi.c
  MiApp_UnicastConnection   0x0050c6    program     extern D:\microchip_solutions_v2013-06-15\Microchip\WirelessProtocols\MiWi\MiWi.c
  MiMAC_ChannelAssessment   0x007d18    program     extern D:\microchip_solutions_v2013-06-15\Microchip\Transceivers\MRF24J40\MRF24J40.c
      MiMAC_DiscardPacket   0x007548    program     extern D:\microchip_solutions_v2013-06-15\Microchip\Transceivers\MRF24J40\MRF24J40.c
               MiMAC_Init   0x007f62    program     extern D:\microchip_solutions_v2013-06-15\Microchip\Transceivers\MRF24J40\MRF24J40.c
     MiMAC_ReceivedPacket   0x006b86    program     extern D:\microchip_solutions_v2013-06-15\Microchip\Transceivers\MRF24J40\MRF24J40.c
         MiMAC_SendPacket   0x007568    program     extern D:\microchip_solutions_v2013-06-15\Microchip\Transceivers\MRF24J40\MRF24J40.c
      MiMAC_SetAltAddress   0x007eb6    program     extern D:\microchip_solutions_v2013-06-15\Microchip\Transceivers\MRF24J40\MRF24J40.c
         MiMAC_SetChannel   0x007d84    program     extern D:\microchip_solutions_v2013-06-15\Microchip\Transceivers\MRF24J40\MRF24J40.c
           MiMAC_SetPower   0x007df4    program     extern D:\microchip_solutions_v2013-06-15\Microchip\Transceivers\MRF24J40\MRF24J40.c
                MiWiTasks   0x000144    program     extern D:\microchip_solutions_v2013-06-15\Microchip\WirelessProtocols\MiWi\MiWi.c
             MiWi_TickGet   0x00d2e6    program     extern D:\microchip_solutions_v2013-06-15\Microchip\WirelessProtocols\SymbolTime.c
                  NVMInit   0x00cae2    program     extern D:\microchip_solutions_v2013-06-15\Microchip\WirelessProtocols\NVM.c
                  NVMRead   0x00c8a8    program     extern D:\microchip_solutions_v2013-06-15\Microchip\WirelessProtocols\NVM.c
                 NVMWrite   0x00c94a    program     extern D:\microchip_solutions_v2013-06-15\Microchip\WirelessProtocols\NVM.c
                 NVMalloc   0x00ca6e    program     extern D:\microchip_solutions_v2013-06-15\Microchip\WirelessProtocols\NVM.c
             NetworkSetup   0x008dbe    program     extern D:\microchip_solutions_v2013-06-15\MiWi DE Demo\8-bit Wireless Development Kit - 2.4 GHz IEEE 802.15.4\8-bit WDK Demo\Demo.c
               OpenSocket   0x003778    program     extern D:\microchip_solutions_v2013-06-15\Microchip\WirelessProtocols\MiWi\MiWi.c
        PHYGetLongRAMAddr   0x00689a    program     extern D:\microchip_solutions_v2013-06-15\Microchip\Transceivers\MRF24J40\MRF24J40.c
       PHYGetShortRAMAddr   0x00683e    program     extern D:\microchip_solutions_v2013-06-15\Microchip\Transceivers\MRF24J40\MRF24J40.c
        PHYSetLongRAMAddr   0x006772    program     extern D:\microchip_solutions_v2013-06-15\Microchip\Transceivers\MRF24J40\MRF24J40.c
       PHYSetShortRAMAddr   0x0067f8    program     extern D:\microchip_solutions_v2013-06-15\Microchip\Transceivers\MRF24J40\MRF24J40.c
           PICTailSPITest   0x00c7fe    program     extern D:\microchip_solutions_v2013-06-15\MiWi DE Demo\8-bit Wireless Development Kit - 2.4 GHz IEEE 802.15.4\8-bit WDK Demo\SelfTestMode.c
                PrintChar   0x00d09e    program     extern D:\microchip_solutions_v2013-06-15\Microchip\WirelessProtocols\Console.c
                 PrintDec   0x00d102    program     extern D:\microchip_solutions_v2013-06-15\Microchip\WirelessProtocols\Console.c
             PrintTempLCD   0x00894c    program     extern D:\microchip_solutions_v2013-06-15\MiWi DE Demo\8-bit Wireless Development Kit - 2.4 GHz IEEE 802.15.4\8-bit WDK Demo\Demo.c
         ProcessRxMessage   0x009bfc    program     extern D:\microchip_solutions_v2013-06-15\MiWi DE Demo\8-bit Wireless Development Kit - 2.4 GHz IEEE 802.15.4\8-bit WDK Demo\Demo.c
           ReadMacAddress   0x0087fa    program     extern D:\microchip_solutions_v2013-06-15\MiWi DE Demo\8-bit Wireless Development Kit - 2.4 GHz IEEE 802.15.4\8-bit WDK Demo\Demo.c
           ReadTempSensor   0x0094e4    program     extern D:\microchip_solutions_v2013-06-15\MiWi DE Demo\8-bit Wireless Development Kit - 2.4 GHz IEEE 802.15.4\8-bit WDK Demo\Demo.c
          Read_VBGVoltage   0x0088e8    program     extern D:\microchip_solutions_v2013-06-15\MiWi DE Demo\8-bit Wireless Development Kit - 2.4 GHz IEEE 802.15.4\8-bit WDK Demo\Demo.c
             RouteMessage   0x002058    program     extern D:\microchip_solutions_v2013-06-15\Microchip\WirelessProtocols\MiWi\MiWi.c
                   SPIGet   0x00d5fc    program     extern D:\microchip_solutions_v2013-06-15\Microchip\WirelessProtocols\MSPI.c
                  SPIGet2   0x00d630    program     extern D:\microchip_solutions_v2013-06-15\Microchip\WirelessProtocols\MSPI.c
                   SPIPut   0x00d5d2    program     extern D:\microchip_solutions_v2013-06-15\Microchip\WirelessProtocols\MSPI.c
                  SPIPut2   0x00d608    program     extern D:\microchip_solutions_v2013-06-15\Microchip\WirelessProtocols\MSPI.c
      SaveIndirectMessage   0x003ad2    program     extern D:\microchip_solutions_v2013-06-15\Microchip\WirelessProtocols\MiWi\MiWi.c
                 ScanTime   0x00d6ea    program     extern D:\microchip_solutions_v2013-06-15\Microchip\WirelessProtocols\MiWi\MiWi.c
     SearchForLongAddress   0x004012    program     extern D:\microchip_solutions_v2013-06-15\Microchip\WirelessProtocols\MiWi\MiWi.c
    SearchForShortAddress   0x003e8c    program     extern D:\microchip_solutions_v2013-06-15\Microchip\WirelessProtocols\MiWi\MiWi.c
                 SelfTest   0x00c3d0    program     extern D:\microchip_solutions_v2013-06-15\MiWi DE Demo\8-bit Wireless Development Kit - 2.4 GHz IEEE 802.15.4\8-bit WDK Demo\SelfTestMode.c
               SendBeacon   0x003f30    program     extern D:\microchip_solutions_v2013-06-15\Microchip\WirelessProtocols\MiWi\MiWi.c
       SendIndirectPacket   0x002654    program     extern D:\microchip_solutions_v2013-06-15\Microchip\WirelessProtocols\MiWi\MiWi.c
            SendMACPacket   0x002576    program     extern D:\microchip_solutions_v2013-06-15\Microchip\WirelessProtocols\MiWi\MiWi.c
      StartChannelHopping   0x005f1e    program     extern D:\microchip_solutions_v2013-06-15\Microchip\WirelessProtocols\MiWi\MiWi.c
  SwitchToInteractiveMode   0x009f7a    program     extern D:\microchip_solutions_v2013-06-15\MiWi DE Demo\8-bit Wireless Development Kit - 2.4 GHz IEEE 802.15.4\8-bit WDK Demo\Demo.c
                  TAGTB32   0x00c19c    program     extern C:\MCC18\src\traditional\math\gtFP.asm
                  TALTB32   0x00c1ae    program     extern C:\MCC18\src\traditional\math\ltFP.asm
               TSIGN1616A   0x00c3c2    program     static C:\MCC18\src\traditional\math\fxm1616s.asm
          TransmitMessage   0x009ba4    program     extern D:\microchip_solutions_v2013-06-15\MiWi DE Demo\8-bit Wireless Development Kit - 2.4 GHz IEEE 802.15.4\8-bit WDK Demo\Demo.c
     UserInterruptHandler   0x00d2b8    program     extern D:\microchip_solutions_v2013-06-15\MiWi DE Demo\8-bit Wireless Development Kit - 2.4 GHz IEEE 802.15.4\8-bit WDK Demo\HardwareProfile.c
                   _2jEnd   0x00d68c    program     static C:\MCC18\src\traditional\stdclib\slenpgm.asm
              __FpCompare   0x00c1c0    program     extern C:\MCC18\src\traditional\math\compFP.asm
                 __FpExit   0x00c276    program     extern C:\MCC18\src\traditional\math\packFP.asm
                 __FpPack   0x00c2a2    program     extern C:\MCC18\src\traditional\math\packFP.asm
            __FpReturnNaN   0x00c26a    program     extern C:\MCC18\src\traditional\math\packFP.asm
         __FpReturnNegInf   0x00c27c    program     extern C:\MCC18\src\traditional\math\packFP.asm
        __FpReturnNegZero   0x00c294    program     extern C:\MCC18\src\traditional\math\packFP.asm
         __FpReturnPosInf   0x00c282    program     extern C:\MCC18\src\traditional\math\packFP.asm
        __FpReturnPosZero   0x00c29c    program     extern C:\MCC18\src\traditional\math\packFP.asm
        __FpReturnSignInf   0x00c278    program     extern C:\MCC18\src\traditional\math\packFP.asm
       __FpReturnSignZero   0x00c290    program     extern C:\MCC18\src\traditional\math\packFP.asm
              __FpReturnW   0x00c2fa    program     extern C:\MCC18\src\traditional\math\packFP.asm
              __FpUnPackA   0x00c31a    program     extern C:\MCC18\src\traditional\math\UnpackFP.asm
              __FpUnPackB   0x00c34a    program     extern C:\MCC18\src\traditional\math\UnpackFP.asm
       ___case_1_lbl00023   0x0088ba    program     static                          
       ___case_2_lbl00022   0x0088b2    program     static                          
       ___case_3_lbl00021   0x0088aa    program     static                          
       ___case_4_lbl00020   0x0088a4    program     static                          
       ___case_5_lbl00019   0x0088a0    program     static                          
       ___case_6_lbl00018   0x00889a    program     static                          
       ___case_7_lbl00017   0x008894    program     static                          
       ___case_8_lbl00016   0x008890    program     static                          
      ___default_lbl00024   0x0088c4    program     static                          
         ___else_lbl00004   0x00ccbc    program     static                          
         ___else_lbl00011   0x00cdca    program     static                          
         ___else_lbl00070   0x00940a    program     static                          
         ___else_lbl00073   0x00c7ea    program     static                          
         ___else_lbl00076   0x0075ce    program     static                          
         ___else_lbl00079   0x007624    program     static                          
         ___else_lbl00079   0x00949c    program     static                          
         ___else_lbl00081   0x007638    program     static                          
         ___else_lbl00082   0x008e86    program     static                          
         ___else_lbl00083   0x007648    program     static                          
         ___else_lbl00089   0x00770a    program     static                          
         ___else_lbl00094   0x007818    program     static                          
         ___else_lbl00096   0x0077ee    program     static                          
         ___else_lbl00098   0x0077c4    program     static                          
         ___else_lbl00103   0x00793c    program     static                          
         ___else_lbl00105   0x0078d8    program     static                          
         ___else_lbl00107   0x00779a    program     static                          
         ___else_lbl00113   0x007a0a    program     static                          
         ___else_lbl00128   0x007bfc    program     static                          
          ___for_lbl00059   0x009492    program     static                          
          ___for_lbl00060   0x009498    program     static                          
          ___for_lbl00061   0x00922c    program     static                          
          ___for_lbl00062   0x009232    program     static                          
          ___for_lbl00063   0x0091cc    program     static                          
          ___for_lbl00077   0x009122    program     static                          
          ___for_lbl00099   0x007986    program     static                          
          ___for_lbl00100   0x00798c    program     static                          
          ___for_lbl00101   0x007940    program     static                          
          ___for_lbl00109   0x007a4a    program     static                          
          ___for_lbl00110   0x007a50    program     static                          
          ___for_lbl00111   0x007a0e    program     static                          
          ___for_lbl00114   0x007aa2    program     static                          
          ___for_lbl00115   0x007aa8    program     static                          
          ___for_lbl00116   0x007a68    program     static                          
          ___for_lbl00119   0x007b52    program     static                          
          ___for_lbl00120   0x007b58    program     static                          
          ___for_lbl00121   0x007b0e    program     static                          
          ___for_lbl00123   0x007bbe    program     static                          
          ___for_lbl00124   0x007bc4    program     static                          
          ___for_lbl00125   0x007b76    program     static                          
           ___if_lbl00003   0x00cd08    program     static                          
           ___if_lbl00005   0x00cd08    program     static                          
           ___if_lbl00010   0x00ce16    program     static                          
           ___if_lbl00025   0x0088c8    program     static                          
           ___if_lbl00045   0x008e4c    program     static                          
           ___if_lbl00046   0x008e82    program     static                          
           ___if_lbl00049   0x009000    program     static                          
           ___if_lbl00054   0x0090aa    program     static                          
           ___if_lbl00057   0x0090c6    program     static                          
           ___if_lbl00058   0x009100    program     static                          
           ___if_lbl00068   0x0093ac    program     static                          
           ___if_lbl00069   0x009468    program     static                          
           ___if_lbl00071   0x00946a    program     static                          
           ___if_lbl00072   0x007598    program     static                          
           ___if_lbl00072   0x00c7ee    program     static                          
           ___if_lbl00073   0x0075ae    program     static                          
           ___if_lbl00074   0x0075ec    program     static                          
           ___if_lbl00074   0x009488    program     static                          
           ___if_lbl00075   0x0075ec    program     static                          
           ___if_lbl00075   0x00948a    program     static                          
           ___if_lbl00076   0x009492    program     static                          
           ___if_lbl00078   0x0094c6    program     static                          
           ___if_lbl00078   0x00762c    program     static                          
           ___if_lbl00080   0x0094c6    program     static                          
           ___if_lbl00080   0x00763c    program     static                          
           ___if_lbl00081   0x0094c8    program     static                          
           ___if_lbl00082   0x00764c    program     static                          
           ___if_lbl00084   0x007662    program     static                          
           ___if_lbl00086   0x00768a    program     static                          
           ___if_lbl00087   0x0076b8    program     static                          
           ___if_lbl00088   0x00772a    program     static                          
           ___if_lbl00093   0x007834    program     static                          
           ___if_lbl00095   0x007834    program     static                          
           ___if_lbl00097   0x007834    program     static                          
           ___if_lbl00102   0x00798c    program     static                          
           ___if_lbl00104   0x00798c    program     static                          
           ___if_lbl00106   0x00798c    program     static                          
           ___if_lbl00108   0x0079ca    program     static                          
           ___if_lbl00112   0x007a50    program     static                          
           ___if_lbl00118   0x007ae4    program     static                          
           ___if_lbl00122   0x007b72    program     static                          
           ___if_lbl00127   0x007c0a    program     static                          
           ___if_lbl00129   0x007c20    program     static                          
           ___if_lbl00132   0x007c52    program     static                          
           ___if_lbl00133   0x007c66    program     static                          
           ___if_lbl00134   0x007c68    program     static                          
           ___if_lbl00135   0x007cf8    program     static                          
       ___return_lbl00000   0x00d5d0    program     static                          
       ___return_lbl00000   0x00007e    program     static                          
       ___return_lbl00000   0x00d79c    program     static                          
       ___return_lbl00000   0x000004    program     static                          
       ___return_lbl00000   0x00cd08    program     static                          
       ___return_lbl00000   0x00d6e8    program     static                          
       ___return_lbl00001   0x00d764    program     static                          
       ___return_lbl00002   0x00d4dc    program     static                          
       ___return_lbl00007   0x00ce16    program     static                          
       ___return_lbl00012   0x0088d4    program     static                          
       ___return_lbl00040   0x0094cc    program     static                          
       ___return_lbl00071   0x00c7ee    program     static                          
       ___return_lbl00071   0x007d00    program     static                          
       ___return_lbl00218   0x00000c    program     static                          
       ___return_lbl00219   0x00001c    program     static                          
   ___switchexit_lbl00015   0x0088c6    program     static                          
        ___while_lbl00001   0x00ccbc    program     static                          
        ___while_lbl00002   0x00cd08    program     static                          
        ___while_lbl00008   0x00cdca    program     static                          
        ___while_lbl00009   0x00ce16    program     static                          
        ___while_lbl00041   0x008dce    program     static                          
        ___while_lbl00042   0x008dd2    program     static                          
        ___while_lbl00043   0x008dfc    program     static                          
        ___while_lbl00044   0x008e84    program     static                          
        ___while_lbl00047   0x008ffe    program     static                          
        ___while_lbl00048   0x009000    program     static                          
        ___while_lbl00050   0x009024    program     static                          
        ___while_lbl00051   0x0094c8    program     static                          
        ___while_lbl00052   0x00902e    program     static                          
        ___while_lbl00053   0x009032    program     static                          
        ___while_lbl00055   0x0090ae    program     static                          
        ___while_lbl00056   0x0090b2    program     static                          
        ___while_lbl00064   0x009398    program     static                          
        ___while_lbl00065   0x00948c    program     static                          
        ___while_lbl00066   0x00939c    program     static                          
        ___while_lbl00067   0x0093a0    program     static                          
        ___while_lbl00072   0x00946e    program     static                          
        ___while_lbl00073   0x009472    program     static                          
        ___while_lbl00130   0x007c4e    program     static                          
        ___while_lbl00131   0x007cfa    program     static                          
               __config_0   0x00fff8    program     static D:\microchip_solutions_v2013-06-15\MiWi DE Demo\8-bit Wireless Development Kit - 2.4 GHz IEEE 802.15.4\8-bit WDK Demo\HardwareProfile.c
               __config_1   0x00fff9    program     static D:\microchip_solutions_v2013-06-15\MiWi DE Demo\8-bit Wireless Development Kit - 2.4 GHz IEEE 802.15.4\8-bit WDK Demo\HardwareProfile.c
               __config_2   0x00fffa    program     static D:\microchip_solutions_v2013-06-15\MiWi DE Demo\8-bit Wireless Development Kit - 2.4 GHz IEEE 802.15.4\8-bit WDK Demo\HardwareProfile.c
               __config_3   0x00fffb    program     static D:\microchip_solutions_v2013-06-15\MiWi DE Demo\8-bit Wireless Development Kit - 2.4 GHz IEEE 802.15.4\8-bit WDK Demo\HardwareProfile.c
                   __init   0x000010    program     extern C:\MCC18\src\traditional\stdclib\__init.c
                   __pa_0   0x00bb72    program     static C:\MCC18\src\traditional\stdclib\vfprintf.c
                   __pa_1   0x00bb7a    program     static C:\MCC18\src\traditional\stdclib\vfprintf.c
                  __pa_10   0x00bc2e    program     static C:\MCC18\src\traditional\stdclib\vfprintf.c
                  __pa_11   0x00bc3c    program     static C:\MCC18\src\traditional\stdclib\vfprintf.c
                  __pa_12   0x00bc52    program     static C:\MCC18\src\traditional\stdclib\vfprintf.c
                  __pa_13   0x00bc6c    program     static C:\MCC18\src\traditional\stdclib\vfprintf.c
                  __pa_14   0x00bc84    program     static C:\MCC18\src\traditional\stdclib\vfprintf.c
                  __pa_15   0x00bc94    program     static C:\MCC18\src\traditional\stdclib\vfprintf.c
                  __pa_16   0x00bcaa    program     static C:\MCC18\src\traditional\stdclib\vfprintf.c
                  __pa_17   0x00bcbc    program     static C:\MCC18\src\traditional\stdclib\vfprintf.c
                  __pa_18   0x00bcce    program     static C:\MCC18\src\traditional\stdclib\vfprintf.c
                  __pa_19   0x00bcd8    program     static C:\MCC18\src\traditional\stdclib\vfprintf.c
                   __pa_2   0x00bb84    program     static C:\MCC18\src\traditional\stdclib\vfprintf.c
                  __pa_20   0x00bce8    program     static C:\MCC18\src\traditional\stdclib\vfprintf.c
                  __pa_21   0x00bcf8    program     static C:\MCC18\src\traditional\stdclib\vfprintf.c
                  __pa_22   0x00bd08    program     static C:\MCC18\src\traditional\stdclib\vfprintf.c
                  __pa_23   0x00bd14    program     static C:\MCC18\src\traditional\stdclib\vfprintf.c
                  __pa_24   0x00bd22    program     static C:\MCC18\src\traditional\stdclib\vfprintf.c
                  __pa_25   0x00bd2a    program     static C:\MCC18\src\traditional\stdclib\vfprintf.c
                  __pa_26   0x00bd34    program     static C:\MCC18\src\traditional\stdclib\vfprintf.c
                  __pa_27   0x00bd3e    program     static C:\MCC18\src\traditional\stdclib\vfprintf.c
                  __pa_28   0x00bd46    program     static C:\MCC18\src\traditional\stdclib\vfprintf.c
                  __pa_29   0x00bd54    program     static C:\MCC18\src\traditional\stdclib\vfprintf.c
                   __pa_3   0x00bb8e    program     static C:\MCC18\src\traditional\stdclib\vfprintf.c
                  __pa_30   0x00bd70    program     static C:\MCC18\src\traditional\stdclib\vfprintf.c
                  __pa_31   0x00bd8a    program     static C:\MCC18\src\traditional\stdclib\vfprintf.c
                  __pa_32   0x00bda4    program     static C:\MCC18\src\traditional\stdclib\vfprintf.c
                  __pa_33   0x00bdbc    program     static C:\MCC18\src\traditional\stdclib\vfprintf.c
                  __pa_34   0x00bdc6    program     static C:\MCC18\src\traditional\stdclib\vfprintf.c
                  __pa_35   0x00bdd4    program     static C:\MCC18\src\traditional\stdclib\vfprintf.c
                  __pa_36   0x00bddc    program     static C:\MCC18\src\traditional\stdclib\vfprintf.c
                  __pa_37   0x00bde6    program     static C:\MCC18\src\traditional\stdclib\vfprintf.c
                  __pa_38   0x00bdf6    program     static C:\MCC18\src\traditional\stdclib\vfprintf.c
                  __pa_39   0x00be04    program     static C:\MCC18\src\traditional\stdclib\vfprintf.c
                   __pa_4   0x00bba6    program     static C:\MCC18\src\traditional\stdclib\vfprintf.c
                  __pa_40   0x00be10    program     static C:\MCC18\src\traditional\stdclib\vfprintf.c
                  __pa_41   0x00be1c    program     static C:\MCC18\src\traditional\stdclib\vfprintf.c
                  __pa_42   0x00be24    program     static C:\MCC18\src\traditional\stdclib\vfprintf.c
                  __pa_43   0x00be2e    program     static C:\MCC18\src\traditional\stdclib\vfprintf.c
                  __pa_44   0x00be34    program     static C:\MCC18\src\traditional\stdclib\vfprintf.c
                  __pa_45   0x00be3e    program     static C:\MCC18\src\traditional\stdclib\vfprintf.c
                  __pa_46   0x00be4a    program     static C:\MCC18\src\traditional\stdclib\vfprintf.c
                   __pa_5   0x00bbba    program     static C:\MCC18\src\traditional\stdclib\vfprintf.c
                   __pa_6   0x00bbd6    program     static C:\MCC18\src\traditional\stdclib\vfprintf.c
                   __pa_7   0x00bbe0    program     static C:\MCC18\src\traditional\stdclib\vfprintf.c
                   __pa_8   0x00bbec    program     static C:\MCC18\src\traditional\stdclib\vfprintf.c
                   __pa_9   0x00bc0e    program     static C:\MCC18\src\traditional\stdclib\vfprintf.c
               __string_0   0x00a78f    program     static D:\microchip_solutions_v2013-06-15\Microchip\WirelessProtocols\MiWi\MiWi.c
               __string_0   0x00b210    program     static D:\microchip_solutions_v2013-06-15\MiWi DE Demo\8-bit Wireless Development Kit - 2.4 GHz IEEE 802.15.4\8-bit WDK Demo\SelfTestMode.c
               __string_0   0x00b174    program     static D:\microchip_solutions_v2013-06-15\MiWi DE Demo\8-bit Wireless Development Kit - 2.4 GHz IEEE 802.15.4\8-bit WDK Demo\Demo.c
               __string_1   0x00a779    program     static D:\microchip_solutions_v2013-06-15\Microchip\WirelessProtocols\MiWi\MiWi.c
               __string_1   0x00b166    program     static D:\microchip_solutions_v2013-06-15\MiWi DE Demo\8-bit Wireless Development Kit - 2.4 GHz IEEE 802.15.4\8-bit WDK Demo\Demo.c
               __string_1   0x00b1e2    program     static D:\microchip_solutions_v2013-06-15\MiWi DE Demo\8-bit Wireless Development Kit - 2.4 GHz IEEE 802.15.4\8-bit WDK Demo\SelfTestMode.c
              __string_10   0x00a692    program     static D:\microchip_solutions_v2013-06-15\Microchip\WirelessProtocols\MiWi\MiWi.c
              __string_10   0x00b129    program     static D:\microchip_solutions_v2013-06-15\MiWi DE Demo\8-bit Wireless Development Kit - 2.4 GHz IEEE 802.15.4\8-bit WDK Demo\Demo.c
              __string_11   0x00b127    program     static D:\microchip_solutions_v2013-06-15\MiWi DE Demo\8-bit Wireless Development Kit - 2.4 GHz IEEE 802.15.4\8-bit WDK Demo\Demo.c
              __string_11   0x00a68f    program     static D:\microchip_solutions_v2013-06-15\Microchip\WirelessProtocols\MiWi\MiWi.c
              __string_12   0x00b123    program     static D:\microchip_solutions_v2013-06-15\MiWi DE Demo\8-bit Wireless Development Kit - 2.4 GHz IEEE 802.15.4\8-bit WDK Demo\Demo.c
              __string_12   0x00a678    program     static D:\microchip_solutions_v2013-06-15\Microchip\WirelessProtocols\MiWi\MiWi.c
              __string_13   0x00b120    program     static D:\microchip_solutions_v2013-06-15\MiWi DE Demo\8-bit Wireless Development Kit - 2.4 GHz IEEE 802.15.4\8-bit WDK Demo\Demo.c
              __string_13   0x00a657    program     static D:\microchip_solutions_v2013-06-15\Microchip\WirelessProtocols\MiWi\MiWi.c
              __string_14   0x00b0ff    program     static D:\microchip_solutions_v2013-06-15\MiWi DE Demo\8-bit Wireless Development Kit - 2.4 GHz IEEE 802.15.4\8-bit WDK Demo\Demo.c
              __string_14   0x00a64e    program     static D:\microchip_solutions_v2013-06-15\Microchip\WirelessProtocols\MiWi\MiWi.c
              __string_15   0x00b0ca    program     static D:\microchip_solutions_v2013-06-15\MiWi DE Demo\8-bit Wireless Development Kit - 2.4 GHz IEEE 802.15.4\8-bit WDK Demo\Demo.c
              __string_15   0x00a646    program     static D:\microchip_solutions_v2013-06-15\Microchip\WirelessProtocols\MiWi\MiWi.c
              __string_16   0x00b0ad    program     static D:\microchip_solutions_v2013-06-15\MiWi DE Demo\8-bit Wireless Development Kit - 2.4 GHz IEEE 802.15.4\8-bit WDK Demo\Demo.c
              __string_16   0x00a63b    program     static D:\microchip_solutions_v2013-06-15\Microchip\WirelessProtocols\MiWi\MiWi.c
              __string_17   0x00a62b    program     static D:\microchip_solutions_v2013-06-15\Microchip\WirelessProtocols\MiWi\MiWi.c
              __string_17   0x00b065    program     static D:\microchip_solutions_v2013-06-15\MiWi DE Demo\8-bit Wireless Development Kit - 2.4 GHz IEEE 802.15.4\8-bit WDK Demo\Demo.c
              __string_18   0x00a600    program     static D:\microchip_solutions_v2013-06-15\Microchip\WirelessProtocols\MiWi\MiWi.c
              __string_18   0x00b047    program     static D:\microchip_solutions_v2013-06-15\MiWi DE Demo\8-bit Wireless Development Kit - 2.4 GHz IEEE 802.15.4\8-bit WDK Demo\Demo.c
              __string_19   0x00a5fd    program     static D:\microchip_solutions_v2013-06-15\Microchip\WirelessProtocols\MiWi\MiWi.c
              __string_19   0x00b026    program     static D:\microchip_solutions_v2013-06-15\MiWi DE Demo\8-bit Wireless Development Kit - 2.4 GHz IEEE 802.15.4\8-bit WDK Demo\Demo.c
               __string_2   0x00a764    program     static D:\microchip_solutions_v2013-06-15\Microchip\WirelessProtocols\MiWi\MiWi.c
               __string_2   0x00b1b6    program     static D:\microchip_solutions_v2013-06-15\MiWi DE Demo\8-bit Wireless Development Kit - 2.4 GHz IEEE 802.15.4\8-bit WDK Demo\SelfTestMode.c
               __string_2   0x00b159    program     static D:\microchip_solutions_v2013-06-15\MiWi DE Demo\8-bit Wireless Development Kit - 2.4 GHz IEEE 802.15.4\8-bit WDK Demo\Demo.c
              __string_20   0x00a5e6    program     static D:\microchip_solutions_v2013-06-15\Microchip\WirelessProtocols\MiWi\MiWi.c
              __string_20   0x00afd7    program     static D:\microchip_solutions_v2013-06-15\MiWi DE Demo\8-bit Wireless Development Kit - 2.4 GHz IEEE 802.15.4\8-bit WDK Demo\Demo.c
              __string_21   0x00a5db    program     static D:\microchip_solutions_v2013-06-15\Microchip\WirelessProtocols\MiWi\MiWi.c
              __string_21   0x00af8b    program     static D:\microchip_solutions_v2013-06-15\MiWi DE Demo\8-bit Wireless Development Kit - 2.4 GHz IEEE 802.15.4\8-bit WDK Demo\Demo.c
              __string_22   0x00a5d8    program     static D:\microchip_solutions_v2013-06-15\Microchip\WirelessProtocols\MiWi\MiWi.c
              __string_22   0x00af3e    program     static D:\microchip_solutions_v2013-06-15\MiWi DE Demo\8-bit Wireless Development Kit - 2.4 GHz IEEE 802.15.4\8-bit WDK Demo\Demo.c
              __string_23   0x00a5d6    program     static D:\microchip_solutions_v2013-06-15\Microchip\WirelessProtocols\MiWi\MiWi.c
              __string_23   0x00af27    program     static D:\microchip_solutions_v2013-06-15\MiWi DE Demo\8-bit Wireless Development Kit - 2.4 GHz IEEE 802.15.4\8-bit WDK Demo\Demo.c
              __string_24   0x00a5c2    program     static D:\microchip_solutions_v2013-06-15\Microchip\WirelessProtocols\MiWi\MiWi.c
              __string_24   0x00af0c    program     static D:\microchip_solutions_v2013-06-15\MiWi DE Demo\8-bit Wireless Development Kit - 2.4 GHz IEEE 802.15.4\8-bit WDK Demo\Demo.c
              __string_25   0x00a59a    program     static D:\microchip_solutions_v2013-06-15\Microchip\WirelessProtocols\MiWi\MiWi.c
              __string_25   0x00aef1    program     static D:\microchip_solutions_v2013-06-15\MiWi DE Demo\8-bit Wireless Development Kit - 2.4 GHz IEEE 802.15.4\8-bit WDK Demo\Demo.c
              __string_26   0x00a584    program     static D:\microchip_solutions_v2013-06-15\Microchip\WirelessProtocols\MiWi\MiWi.c
              __string_26   0x00aed1    program     static D:\microchip_solutions_v2013-06-15\MiWi DE Demo\8-bit Wireless Development Kit - 2.4 GHz IEEE 802.15.4\8-bit WDK Demo\Demo.c
              __string_27   0x00aeba    program     static D:\microchip_solutions_v2013-06-15\MiWi DE Demo\8-bit Wireless Development Kit - 2.4 GHz IEEE 802.15.4\8-bit WDK Demo\Demo.c
              __string_28   0x00ae79    program     static D:\microchip_solutions_v2013-06-15\MiWi DE Demo\8-bit Wireless Development Kit - 2.4 GHz IEEE 802.15.4\8-bit WDK Demo\Demo.c
              __string_29   0x00ae2b    program     static D:\microchip_solutions_v2013-06-15\MiWi DE Demo\8-bit Wireless Development Kit - 2.4 GHz IEEE 802.15.4\8-bit WDK Demo\Demo.c
               __string_3   0x00b14a    program     static D:\microchip_solutions_v2013-06-15\MiWi DE Demo\8-bit Wireless Development Kit - 2.4 GHz IEEE 802.15.4\8-bit WDK Demo\Demo.c
               __string_3   0x00b197    program     static D:\microchip_solutions_v2013-06-15\MiWi DE Demo\8-bit Wireless Development Kit - 2.4 GHz IEEE 802.15.4\8-bit WDK Demo\SelfTestMode.c
               __string_3   0x00a74f    program     static D:\microchip_solutions_v2013-06-15\Microchip\WirelessProtocols\MiWi\MiWi.c
              __string_30   0x00ade6    program     static D:\microchip_solutions_v2013-06-15\MiWi DE Demo\8-bit Wireless Development Kit - 2.4 GHz IEEE 802.15.4\8-bit WDK Demo\Demo.c
              __string_31   0x00add0    program     static D:\microchip_solutions_v2013-06-15\MiWi DE Demo\8-bit Wireless Development Kit - 2.4 GHz IEEE 802.15.4\8-bit WDK Demo\Demo.c
              __string_32   0x00ad89    program     static D:\microchip_solutions_v2013-06-15\MiWi DE Demo\8-bit Wireless Development Kit - 2.4 GHz IEEE 802.15.4\8-bit WDK Demo\Demo.c
              __string_33   0x00ad37    program     static D:\microchip_solutions_v2013-06-15\MiWi DE Demo\8-bit Wireless Development Kit - 2.4 GHz IEEE 802.15.4\8-bit WDK Demo\Demo.c
              __string_34   0x00ad32    program     static D:\microchip_solutions_v2013-06-15\MiWi DE Demo\8-bit Wireless Development Kit - 2.4 GHz IEEE 802.15.4\8-bit WDK Demo\Demo.c
              __string_35   0x00ad09    program     static D:\microchip_solutions_v2013-06-15\MiWi DE Demo\8-bit Wireless Development Kit - 2.4 GHz IEEE 802.15.4\8-bit WDK Demo\Demo.c
              __string_36   0x00aceb    program     static D:\microchip_solutions_v2013-06-15\MiWi DE Demo\8-bit Wireless Development Kit - 2.4 GHz IEEE 802.15.4\8-bit WDK Demo\Demo.c
              __string_37   0x00acc9    program     static D:\microchip_solutions_v2013-06-15\MiWi DE Demo\8-bit Wireless Development Kit - 2.4 GHz IEEE 802.15.4\8-bit WDK Demo\Demo.c
              __string_38   0x00aca7    program     static D:\microchip_solutions_v2013-06-15\MiWi DE Demo\8-bit Wireless Development Kit - 2.4 GHz IEEE 802.15.4\8-bit WDK Demo\Demo.c
              __string_39   0x00ac86    program     static D:\microchip_solutions_v2013-06-15\MiWi DE Demo\8-bit Wireless Development Kit - 2.4 GHz IEEE 802.15.4\8-bit WDK Demo\Demo.c
               __string_4   0x00b180    program     static D:\microchip_solutions_v2013-06-15\MiWi DE Demo\8-bit Wireless Development Kit - 2.4 GHz IEEE 802.15.4\8-bit WDK Demo\SelfTestMode.c
               __string_4   0x00a72d    program     static D:\microchip_solutions_v2013-06-15\Microchip\WirelessProtocols\MiWi\MiWi.c
               __string_4   0x00b13d    program     static D:\microchip_solutions_v2013-06-15\MiWi DE Demo\8-bit Wireless Development Kit - 2.4 GHz IEEE 802.15.4\8-bit WDK Demo\Demo.c
              __string_40   0x00ac73    program     static D:\microchip_solutions_v2013-06-15\MiWi DE Demo\8-bit Wireless Development Kit - 2.4 GHz IEEE 802.15.4\8-bit WDK Demo\Demo.c
              __string_41   0x00ac56    program     static D:\microchip_solutions_v2013-06-15\MiWi DE Demo\8-bit Wireless Development Kit - 2.4 GHz IEEE 802.15.4\8-bit WDK Demo\Demo.c
              __string_42   0x00ac39    program     static D:\microchip_solutions_v2013-06-15\MiWi DE Demo\8-bit Wireless Development Kit - 2.4 GHz IEEE 802.15.4\8-bit WDK Demo\Demo.c
              __string_43   0x00ac1f    program     static D:\microchip_solutions_v2013-06-15\MiWi DE Demo\8-bit Wireless Development Kit - 2.4 GHz IEEE 802.15.4\8-bit WDK Demo\Demo.c
              __string_44   0x00ac15    program     static D:\microchip_solutions_v2013-06-15\MiWi DE Demo\8-bit Wireless Development Kit - 2.4 GHz IEEE 802.15.4\8-bit WDK Demo\Demo.c
              __string_45   0x00ac0b    program     static D:\microchip_solutions_v2013-06-15\MiWi DE Demo\8-bit Wireless Development Kit - 2.4 GHz IEEE 802.15.4\8-bit WDK Demo\Demo.c
              __string_46   0x00abfc    program     static D:\microchip_solutions_v2013-06-15\MiWi DE Demo\8-bit Wireless Development Kit - 2.4 GHz IEEE 802.15.4\8-bit WDK Demo\Demo.c
              __string_47   0x00abfa    program     static D:\microchip_solutions_v2013-06-15\MiWi DE Demo\8-bit Wireless Development Kit - 2.4 GHz IEEE 802.15.4\8-bit WDK Demo\Demo.c
              __string_48   0x00abf7    program     static D:\microchip_solutions_v2013-06-15\MiWi DE Demo\8-bit Wireless Development Kit - 2.4 GHz IEEE 802.15.4\8-bit WDK Demo\Demo.c
              __string_49   0x00abe3    program     static D:\microchip_solutions_v2013-06-15\MiWi DE Demo\8-bit Wireless Development Kit - 2.4 GHz IEEE 802.15.4\8-bit WDK Demo\Demo.c
               __string_5   0x00b13a    program     static D:\microchip_solutions_v2013-06-15\MiWi DE Demo\8-bit Wireless Development Kit - 2.4 GHz IEEE 802.15.4\8-bit WDK Demo\Demo.c
               __string_5   0x00a70f    program     static D:\microchip_solutions_v2013-06-15\Microchip\WirelessProtocols\MiWi\MiWi.c
              __string_50   0x00abd1    program     static D:\microchip_solutions_v2013-06-15\MiWi DE Demo\8-bit Wireless Development Kit - 2.4 GHz IEEE 802.15.4\8-bit WDK Demo\Demo.c
              __string_51   0x00abbb    program     static D:\microchip_solutions_v2013-06-15\MiWi DE Demo\8-bit Wireless Development Kit - 2.4 GHz IEEE 802.15.4\8-bit WDK Demo\Demo.c
              __string_52   0x00abac    program     static D:\microchip_solutions_v2013-06-15\MiWi DE Demo\8-bit Wireless Development Kit - 2.4 GHz IEEE 802.15.4\8-bit WDK Demo\Demo.c
              __string_53   0x00ab87    program     static D:\microchip_solutions_v2013-06-15\MiWi DE Demo\8-bit Wireless Development Kit - 2.4 GHz IEEE 802.15.4\8-bit WDK Demo\Demo.c
              __string_54   0x00ab68    program     static D:\microchip_solutions_v2013-06-15\MiWi DE Demo\8-bit Wireless Development Kit - 2.4 GHz IEEE 802.15.4\8-bit WDK Demo\Demo.c
              __string_55   0x00ab4d    program     static D:\microchip_solutions_v2013-06-15\MiWi DE Demo\8-bit Wireless Development Kit - 2.4 GHz IEEE 802.15.4\8-bit WDK Demo\Demo.c
              __string_56   0x00ab30    program     static D:\microchip_solutions_v2013-06-15\MiWi DE Demo\8-bit Wireless Development Kit - 2.4 GHz IEEE 802.15.4\8-bit WDK Demo\Demo.c
              __string_57   0x00ab1f    program     static D:\microchip_solutions_v2013-06-15\MiWi DE Demo\8-bit Wireless Development Kit - 2.4 GHz IEEE 802.15.4\8-bit WDK Demo\Demo.c
              __string_58   0x00ab0d    program     static D:\microchip_solutions_v2013-06-15\MiWi DE Demo\8-bit Wireless Development Kit - 2.4 GHz IEEE 802.15.4\8-bit WDK Demo\Demo.c
              __string_59   0x00ab09    program     static D:\microchip_solutions_v2013-06-15\MiWi DE Demo\8-bit Wireless Development Kit - 2.4 GHz IEEE 802.15.4\8-bit WDK Demo\Demo.c
               __string_6   0x00a6ff    program     static D:\microchip_solutions_v2013-06-15\Microchip\WirelessProtocols\MiWi\MiWi.c
               __string_6   0x00b138    program     static D:\microchip_solutions_v2013-06-15\MiWi DE Demo\8-bit Wireless Development Kit - 2.4 GHz IEEE 802.15.4\8-bit WDK Demo\Demo.c
              __string_60   0x00ab06    program     static D:\microchip_solutions_v2013-06-15\MiWi DE Demo\8-bit Wireless Development Kit - 2.4 GHz IEEE 802.15.4\8-bit WDK Demo\Demo.c
              __string_61   0x00aad4    program     static D:\microchip_solutions_v2013-06-15\MiWi DE Demo\8-bit Wireless Development Kit - 2.4 GHz IEEE 802.15.4\8-bit WDK Demo\Demo.c
              __string_62   0x00aa93    program     static D:\microchip_solutions_v2013-06-15\MiWi DE Demo\8-bit Wireless Development Kit - 2.4 GHz IEEE 802.15.4\8-bit WDK Demo\Demo.c
              __string_63   0x00aa54    program     static D:\microchip_solutions_v2013-06-15\MiWi DE Demo\8-bit Wireless Development Kit - 2.4 GHz IEEE 802.15.4\8-bit WDK Demo\Demo.c
              __string_64   0x00aa15    program     static D:\microchip_solutions_v2013-06-15\MiWi DE Demo\8-bit Wireless Development Kit - 2.4 GHz IEEE 802.15.4\8-bit WDK Demo\Demo.c
              __string_65   0x00aa0d    program     static D:\microchip_solutions_v2013-06-15\MiWi DE Demo\8-bit Wireless Development Kit - 2.4 GHz IEEE 802.15.4\8-bit WDK Demo\Demo.c
              __string_66   0x00a9ee    program     static D:\microchip_solutions_v2013-06-15\MiWi DE Demo\8-bit Wireless Development Kit - 2.4 GHz IEEE 802.15.4\8-bit WDK Demo\Demo.c
              __string_67   0x00a9d2    program     static D:\microchip_solutions_v2013-06-15\MiWi DE Demo\8-bit Wireless Development Kit - 2.4 GHz IEEE 802.15.4\8-bit WDK Demo\Demo.c
              __string_68   0x00a999    program     static D:\microchip_solutions_v2013-06-15\MiWi DE Demo\8-bit Wireless Development Kit - 2.4 GHz IEEE 802.15.4\8-bit WDK Demo\Demo.c
              __string_69   0x00a95b    program     static D:\microchip_solutions_v2013-06-15\MiWi DE Demo\8-bit Wireless Development Kit - 2.4 GHz IEEE 802.15.4\8-bit WDK Demo\Demo.c
               __string_7   0x00a6f0    program     static D:\microchip_solutions_v2013-06-15\Microchip\WirelessProtocols\MiWi\MiWi.c
               __string_7   0x00b134    program     static D:\microchip_solutions_v2013-06-15\MiWi DE Demo\8-bit Wireless Development Kit - 2.4 GHz IEEE 802.15.4\8-bit WDK Demo\Demo.c
              __string_70   0x00a958    program     static D:\microchip_solutions_v2013-06-15\MiWi DE Demo\8-bit Wireless Development Kit - 2.4 GHz IEEE 802.15.4\8-bit WDK Demo\Demo.c
              __string_71   0x00a944    program     static D:\microchip_solutions_v2013-06-15\MiWi DE Demo\8-bit Wireless Development Kit - 2.4 GHz IEEE 802.15.4\8-bit WDK Demo\Demo.c
              __string_72   0x00a91a    program     static D:\microchip_solutions_v2013-06-15\MiWi DE Demo\8-bit Wireless Development Kit - 2.4 GHz IEEE 802.15.4\8-bit WDK Demo\Demo.c
              __string_73   0x00a918    program     static D:\microchip_solutions_v2013-06-15\MiWi DE Demo\8-bit Wireless Development Kit - 2.4 GHz IEEE 802.15.4\8-bit WDK Demo\Demo.c
              __string_74   0x00a913    program     static D:\microchip_solutions_v2013-06-15\MiWi DE Demo\8-bit Wireless Development Kit - 2.4 GHz IEEE 802.15.4\8-bit WDK Demo\Demo.c
              __string_75   0x00a90e    program     static D:\microchip_solutions_v2013-06-15\MiWi DE Demo\8-bit Wireless Development Kit - 2.4 GHz IEEE 802.15.4\8-bit WDK Demo\Demo.c
              __string_76   0x00a8c2    program     static D:\microchip_solutions_v2013-06-15\MiWi DE Demo\8-bit Wireless Development Kit - 2.4 GHz IEEE 802.15.4\8-bit WDK Demo\Demo.c
              __string_77   0x00a8ab    program     static D:\microchip_solutions_v2013-06-15\MiWi DE Demo\8-bit Wireless Development Kit - 2.4 GHz IEEE 802.15.4\8-bit WDK Demo\Demo.c
              __string_78   0x00a892    program     static D:\microchip_solutions_v2013-06-15\MiWi DE Demo\8-bit Wireless Development Kit - 2.4 GHz IEEE 802.15.4\8-bit WDK Demo\Demo.c
              __string_79   0x00a875    program     static D:\microchip_solutions_v2013-06-15\MiWi DE Demo\8-bit Wireless Development Kit - 2.4 GHz IEEE 802.15.4\8-bit WDK Demo\Demo.c
               __string_8   0x00b130    program     static D:\microchip_solutions_v2013-06-15\MiWi DE Demo\8-bit Wireless Development Kit - 2.4 GHz IEEE 802.15.4\8-bit WDK Demo\Demo.c
               __string_8   0x00a6e6    program     static D:\microchip_solutions_v2013-06-15\Microchip\WirelessProtocols\MiWi\MiWi.c
              __string_80   0x00a86b    program     static D:\microchip_solutions_v2013-06-15\MiWi DE Demo\8-bit Wireless Development Kit - 2.4 GHz IEEE 802.15.4\8-bit WDK Demo\Demo.c
              __string_81   0x00a84b    program     static D:\microchip_solutions_v2013-06-15\MiWi DE Demo\8-bit Wireless Development Kit - 2.4 GHz IEEE 802.15.4\8-bit WDK Demo\Demo.c
              __string_82   0x00a7fe    program     static D:\microchip_solutions_v2013-06-15\MiWi DE Demo\8-bit Wireless Development Kit - 2.4 GHz IEEE 802.15.4\8-bit WDK Demo\Demo.c
              __string_83   0x00a7e7    program     static D:\microchip_solutions_v2013-06-15\MiWi DE Demo\8-bit Wireless Development Kit - 2.4 GHz IEEE 802.15.4\8-bit WDK Demo\Demo.c
              __string_84   0x00a7e5    program     static D:\microchip_solutions_v2013-06-15\MiWi DE Demo\8-bit Wireless Development Kit - 2.4 GHz IEEE 802.15.4\8-bit WDK Demo\Demo.c
              __string_85   0x00a7e0    program     static D:\microchip_solutions_v2013-06-15\MiWi DE Demo\8-bit Wireless Development Kit - 2.4 GHz IEEE 802.15.4\8-bit WDK Demo\Demo.c
              __string_86   0x00a7cc    program     static D:\microchip_solutions_v2013-06-15\MiWi DE Demo\8-bit Wireless Development Kit - 2.4 GHz IEEE 802.15.4\8-bit WDK Demo\Demo.c
              __string_87   0x00a7ab    program     static D:\microchip_solutions_v2013-06-15\MiWi DE Demo\8-bit Wireless Development Kit - 2.4 GHz IEEE 802.15.4\8-bit WDK Demo\Demo.c
              __string_88   0x00a7a6    program     static D:\microchip_solutions_v2013-06-15\MiWi DE Demo\8-bit Wireless Development Kit - 2.4 GHz IEEE 802.15.4\8-bit WDK Demo\Demo.c
               __string_9   0x00a6da    program     static D:\microchip_solutions_v2013-06-15\Microchip\WirelessProtocols\MiWi\MiWi.c
               __string_9   0x00b12e    program     static D:\microchip_solutions_v2013-06-15\MiWi DE Demo\8-bit Wireless Development Kit - 2.4 GHz IEEE 802.15.4\8-bit WDK Demo\Demo.c
               __tmplbl_0   0x00ccb8    program     static                          
               __tmplbl_1   0x00ccea    program     static                          
              __tmplbl_10   0x0077d0    program     static                          
             __tmplbl_100   0x001ce4    program     static                          
             __tmplbl_101   0x001ce4    program     static                          
             __tmplbl_102   0x001ce4    program     static                          
              __tmplbl_11   0x0077ca    program     static                          
              __tmplbl_12   0x0077fa    program     static                          
              __tmplbl_13   0x0077f4    program     static                          
              __tmplbl_14   0x007ac2    program     static                          
              __tmplbl_15   0x007aba    program     static                          
              __tmplbl_16   0x007bec    program     static                          
              __tmplbl_17   0x007bda    program     static                          
              __tmplbl_18   0x007cd0    program     static                          
               __tmplbl_2   0x00cdc4    program     static                          
              __tmplbl_28   0x00752c    program     static                          
               __tmplbl_3   0x00cdf8    program     static                          
               __tmplbl_4   0x007610    program     static                          
              __tmplbl_42   0x00bd08    program     static                          
              __tmplbl_43   0x00bb50    program     static                          
              __tmplbl_44   0x00bb36    program     static                          
               __tmplbl_5   0x007606    program     static                          
               __tmplbl_5   0x008856    program     static                          
               __tmplbl_6   0x00884e    program     static                          
               __tmplbl_6   0x007686    program     static                          
              __tmplbl_65   0x001cf0    program     static                          
              __tmplbl_67   0x002044    program     static                          
              __tmplbl_69   0x001250    program     static                          
               __tmplbl_7   0x007674    program     static                          
               __tmplbl_7   0x008846    program     static                          
              __tmplbl_70   0x000efe    program     static                          
              __tmplbl_71   0x001ce6    program     static                          
              __tmplbl_72   0x001ce6    program     static                          
              __tmplbl_74   0x001ce6    program     static                          
              __tmplbl_76   0x001ce6    program     static                          
              __tmplbl_77   0x000e14    program     static                          
              __tmplbl_78   0x000e14    program     static                          
               __tmplbl_8   0x0077a6    program     static                          
              __tmplbl_85   0x00b288    program     static                          
              __tmplbl_87   0x001ce6    program     static                          
              __tmplbl_88   0x001ce6    program     static                          
              __tmplbl_89   0x001ce6    program     static                          
               __tmplbl_9   0x0077a0    program     static                          
              __tmplbl_95   0x001ce6    program     static                          
              __tmplbl_96   0x001ca8    program     static                          
              __tmplbl_97   0x001c66    program     static                          
            __zero_memory   0x00d7b0    program     extern C:\MCC18\src\traditional\proc\p18F46J50.asm
                _do_cinit   0x00d440    program     extern C:\MCC18\src\traditional\startup\c018i.c
                   _entry   0x000000    program     extern C:\MCC18\src\traditional\startup\c018i.c
                   _false   0x00d6e4    program     static                          
                 _startup   0x00d74a    program     extern C:\MCC18\src\traditional\startup\c018i.c
              _usart_putc   0x00d766    program     extern C:\MCC18\src\pmc_common\USART\_usartpc.asm
               _user_putc   0x00000e    program     extern C:\MCC18\src\traditional\stdclib\_user_putc.c
               clear_loop   0x00d7b6    program     static C:\MCC18\src\traditional\proc\p18F46J50.asm
                copy_loop   0x00d4b2    program     static                          
            copy_one_byte   0x00d4b8    program     static                          
                     done   0x00d4dc    program     static                          
             done_copying   0x00d4c6    program     static                          
                  endloop   0x00d798    program     static                          
     findNextNetworkEntry   0x002ed2    program     extern D:\microchip_solutions_v2013-06-15\Microchip\WirelessProtocols\MiWi\MiWi.c
            isSameAddress   0x004236    program     extern D:\microchip_solutions_v2013-06-15\Microchip\WirelessProtocols\MiWi\MiWi.c
                  isdigit   0x00d726    program     extern C:\MCC18\src\traditional\stdclib\isdigit.asm
                 jANotInf   0x00c092    program     static C:\MCC18\src\traditional\math\mulFP.asm
                 jANotInf   0x00bfec    program     static C:\MCC18\src\traditional\math\divFP.asm
                 jANotInf   0x00beca    program     static C:\MCC18\src\traditional\math\addFP.asm
                 jANotNeg   0x00bf5e    program     static C:\MCC18\src\traditional\math\addFP.asm
                jANotZero   0x00c000    program     static C:\MCC18\src\traditional\math\divFP.asm
              jAandWsetup   0x00bf2e    program     static C:\MCC18\src\traditional\math\addFP.asm
                  jAisNeg   0x00c23c    program     static C:\MCC18\src\traditional\math\compFP.asm
                 jAltBexp   0x00bf1c    program     static C:\MCC18\src\traditional\math\addFP.asm
                jBANotInf   0x00bec0    program     static C:\MCC18\src\traditional\math\addFP.asm
                 jBNotInf   0x00bed8    program     static C:\MCC18\src\traditional\math\addFP.asm
              jBothFinite   0x00c0a0    program     static C:\MCC18\src\traditional\math\mulFP.asm
             jBothNotZero   0x00c1de    program     static C:\MCC18\src\traditional\math\compFP.asm
             jBothNotZero   0x00c0ac    program     static C:\MCC18\src\traditional\math\mulFP.asm
            jDifOrPosSign   0x00beec    program     static C:\MCC18\src\traditional\math\addFP.asm
                      jEQ   0x00c1fa    program     static C:\MCC18\src\traditional\math\compFP.asm
                     jEnd   0x00d68e    program     static C:\MCC18\src\traditional\stdclib\slenpgm.asm
                     jEnd   0x00d656    program     static C:\MCC18\src\traditional\stdclib\strlen.asm
                    jExch   0x00c206    program     static C:\MCC18\src\traditional\math\compFP.asm
                    jExit   0x00c19a    program     static C:\MCC18\src\traditional\math\castFP08.asm
                   jExpEQ   0x00c24c    program     static C:\MCC18\src\traditional\math\compFP.asm
                   jFinal   0x00c230    program     static C:\MCC18\src\traditional\math\compFP.asm
               jFinalSign   0x00bfc6    program     static C:\MCC18\src\traditional\math\addFP.asm
                jHaveZero   0x00c0a8    program     static C:\MCC18\src\traditional\math\mulFP.asm
                jI2F08Beg   0x00be62    program     static C:\MCC18\src\traditional\math\cast08FP.asm
                jI2F16Beg   0x00be8a    program     static C:\MCC18\src\traditional\math\cast16FP.asm
                    jLoop   0x00d64c    program     static C:\MCC18\src\traditional\stdclib\strlen.asm
                    jLoop   0x00d676    program     static C:\MCC18\src\traditional\stdclib\slenpgm.asm
                    jLoop   0x00c028    program     static C:\MCC18\src\traditional\math\divFP.asm
                    jLoop   0x00c182    program     static C:\MCC18\src\traditional\math\castFP08.asm
                jLoopExit   0x00c190    program     static C:\MCC18\src\traditional\math\castFP08.asm
                   jMatch   0x00d746    program     static C:\MCC18\src\traditional\stdclib\isdigit.asm
                     jMax   0x00c15e    program     static C:\MCC18\src\traditional\math\castFP08.asm
                  jMaxNeg   0x00c168    program     static C:\MCC18\src\traditional\math\castFP08.asm
                  jMaxPos   0x00c162    program     static C:\MCC18\src\traditional\math\castFP08.asm
                      jNE   0x00c1fe    program     static C:\MCC18\src\traditional\math\compFP.asm
                    jNext   0x00c04e    program     static C:\MCC18\src\traditional\math\divFP.asm
                jNoAdjust   0x00c04c    program     static C:\MCC18\src\traditional\math\divFP.asm
                  jNoExch   0x00c226    program     static C:\MCC18\src\traditional\math\compFP.asm
                 jNoMatch   0x00d748    program     static C:\MCC18\src\traditional\stdclib\isdigit.asm
             jNotBothZero   0x00bef0    program     static C:\MCC18\src\traditional\math\addFP.asm
                  jNotInf   0x00c172    program     static C:\MCC18\src\traditional\math\castFP08.asm
                  jPkLoop   0x00c2b0    program     static C:\MCC18\src\traditional\math\packFP.asm
             jPkRoundDone   0x00c2fa    program     static C:\MCC18\src\traditional\math\packFP.asm
               jPkRoundIt   0x00c2e2    program     static C:\MCC18\src\traditional\math\packFP.asm
             jPkShiftDone   0x00c2cc    program     static C:\MCC18\src\traditional\math\packFP.asm
           jReturnPosInf0   0x00c286    program     static C:\MCC18\src\traditional\math\packFP.asm
                  jRotate   0x00c258    program     static C:\MCC18\src\traditional\math\compFP.asm
                   jShift   0x00c242    program     static C:\MCC18\src\traditional\math\compFP.asm
               jShiftDone   0x00bf86    program     static C:\MCC18\src\traditional\math\addFP.asm
               jShiftLoop   0x00bf78    program     static C:\MCC18\src\traditional\math\addFP.asm
                jSignDone   0x00bfb6    program     static C:\MCC18\src\traditional\math\addFP.asm
              jSignedZero   0x00bff6    program     static C:\MCC18\src\traditional\math\divFP.asm
                 jSignsEQ   0x00c1e2    program     static C:\MCC18\src\traditional\math\compFP.asm
                  jUnpkA1   0x00c324    program     static C:\MCC18\src\traditional\math\UnpackFP.asm
                  jUnpkA2   0x00c33c    program     static C:\MCC18\src\traditional\math\UnpackFP.asm
                 jUnpkANZ   0x00c332    program     static C:\MCC18\src\traditional\math\UnpackFP.asm
                  jUnpkB1   0x00c354    program     static C:\MCC18\src\traditional\math\UnpackFP.asm
                  jUnpkB2   0x00c36c    program     static C:\MCC18\src\traditional\math\UnpackFP.asm
                 jUnpkBNZ   0x00c362    program     static C:\MCC18\src\traditional\math\UnpackFP.asm
                 jUnpkNaN   0x00c346    program     static C:\MCC18\src\traditional\math\UnpackFP.asm
                 jWNotNeg   0x00bf72    program     static C:\MCC18\src\traditional\math\addFP.asm
                    jZero   0x00c16e    program     static C:\MCC18\src\traditional\math\castFP08.asm
               jZero1and2   0x00c28a    program     static C:\MCC18\src\traditional\math\packFP.asm
                     loop   0x00d78a    program     static                          
                     loop   0x00d6b0    program     static                          
                     loop   0x00d75a    program     static                          
                     loop   0x00d776    program     static C:\MCC18\src\pmc_common\USART\_usartpc.asm
[...]
                    TRISC   0x000f94       data     extern C:\MCC18\src\traditional\proc\p18F46J50.asm
                    TRISD   0x000f95       data     extern C:\MCC18\src\traditional\proc\p18F46J50.asm
                TRISDbits   0x000f95       data     extern C:\MCC18\src\traditional\proc\p18F46J50.asm
                    TRISE   0x000f96       data     extern C:\MCC18\src\traditional\proc\p18F46J50.asm
                TRISEbits   0x000f96       data     extern C:\MCC18\src\traditional\proc\p18F46J50.asm
               T3GCONbits   0x000f97       data     extern C:\MCC18\src\traditional\proc\p18F46J50.asm
                   T3GCON   0x000f97       data     extern C:\MCC18\src\traditional\proc\p18F46J50.asm
                  RTCVALL   0x000f98       data     extern C:\MCC18\src\traditional\proc\p18F46J50.asm
                  RTCVALH   0x000f99       data     extern C:\MCC18\src\traditional\proc\p18F46J50.asm
               T1GCONbits   0x000f9a       data     extern C:\MCC18\src\traditional\proc\p18F46J50.asm
                   T1GCON   0x000f9a       data     extern C:\MCC18\src\traditional\proc\p18F46J50.asm
              OSCTUNEbits   0x000f9b       data     extern C:\MCC18\src\traditional\proc\p18F46J50.asm
                  OSCTUNE   0x000f9b       data     extern C:\MCC18\src\traditional\proc\p18F46J50.asm
                   RCSTA2   0x000f9c       data     extern C:\MCC18\src\traditional\proc\p18F46J50.asm
               RCSTA2bits   0x000f9c       data     extern C:\MCC18\src\traditional\proc\p18F46J50.asm
                     PIE1   0x000f9d       data     extern C:\MCC18\src\traditional\proc\p18F46J50.asm
                 PIE1bits   0x000f9d       data     extern C:\MCC18\src\traditional\proc\p18F46J50.asm
                     PIR1   0x000f9e       data     extern C:\MCC18\src\traditional\proc\p18F46J50.asm
                 PIR1bits   0x000f9e       data     extern C:\MCC18\src\traditional\proc\p18F46J50.asm
                 IPR1bits   0x000f9f       data     extern C:\MCC18\src\traditional\proc\p18F46J50.asm
                     IPR1   0x000f9f       data     extern C:\MCC18\src\traditional\proc\p18F46J50.asm
                 PIE2bits   0x000fa0       data     extern C:\MCC18\src\traditional\proc\p18F46J50.asm
                     PIE2   0x000fa0       data     extern C:\MCC18\src\traditional\proc\p18F46J50.asm
                 PIR2bits   0x000fa1       data     extern C:\MCC18\src\traditional\proc\p18F46J50.asm
                     PIR2   0x000fa1       data     extern C:\MCC18\src\traditional\proc\p18F46J50.asm
                 IPR2bits   0x000fa2       data     extern C:\MCC18\src\traditional\proc\p18F46J50.asm
                     IPR2   0x000fa2       data     extern C:\MCC18\src\traditional\proc\p18F46J50.asm
                 PIE3bits   0x000fa3       data     extern C:\MCC18\src\traditional\proc\p18F46J50.asm
                     PIE3   0x000fa3       data     extern C:\MCC18\src\traditional\proc\p18F46J50.asm
                 PIR3bits   0x000fa4       data     extern C:\MCC18\src\traditional\proc\p18F46J50.asm
                     PIR3   0x000fa4       data     extern C:\MCC18\src\traditional\proc\p18F46J50.asm
                     IPR3   0x000fa5       data     extern C:\MCC18\src\traditional\proc\p18F46J50.asm
                 IPR3bits   0x000fa5       data     extern C:\MCC18\src\traditional\proc\p18F46J50.asm
               EECON1bits   0x000fa6       data     extern C:\MCC18\src\traditional\proc\p18F46J50.asm
                   EECON1   0x000fa6       data     extern C:\MCC18\src\traditional\proc\p18F46J50.asm
                   EECON2   0x000fa7       data     extern C:\MCC18\src\traditional\proc\p18F46J50.asm
                   TXSTA2   0x000fa8       data     extern C:\MCC18\src\traditional\proc\p18F46J50.asm
               TXSTA2bits   0x000fa8       data     extern C:\MCC18\src\traditional\proc\p18F46J50.asm
                   TXREG2   0x000fa9       data     extern C:\MCC18\src\traditional\proc\p18F46J50.asm
                   RCREG2   0x000faa       data     extern C:\MCC18\src\traditional\proc\p18F46J50.asm
                   SPBRG2   0x000fab       data     extern C:\MCC18\src\traditional\proc\p18F46J50.asm
                RCSTAbits   0x000fac       data     extern C:\MCC18\src\traditional\proc\p18F46J50.asm
               RCSTA1bits   0x000fac       data     extern C:\MCC18\src\traditional\proc\p18F46J50.asm
                   RCSTA1   0x000fac       data     extern C:\MCC18\src\traditional\proc\p18F46J50.asm
                    RCSTA   0x000fac       data     extern C:\MCC18\src\traditional\proc\p18F46J50.asm
                    TXSTA   0x000fad       data     extern C:\MCC18\src\traditional\proc\p18F46J50.asm
                TXSTAbits   0x000fad       data     extern C:\MCC18\src\traditional\proc\p18F46J50.asm
               TXSTA1bits   0x000fad       data     extern C:\MCC18\src\traditional\proc\p18F46J50.asm
                   TXSTA1   0x000fad       data     extern C:\MCC18\src\traditional\proc\p18F46J50.asm
                   TXREG1   0x000fae       data     extern C:\MCC18\src\traditional\proc\p18F46J50.asm
                    TXREG   0x000fae       data     extern C:\MCC18\src\traditional\proc\p18F46J50.asm
                   RCREG1   0x000faf       data     extern C:\MCC18\src\traditional\proc\p18F46J50.asm
                    RCREG   0x000faf       data     extern C:\MCC18\src\traditional\proc\p18F46J50.asm
                    SPBRG   0x000fb0       data     extern C:\MCC18\src\traditional\proc\p18F46J50.asm
                   SPBRG1   0x000fb0       data     extern C:\MCC18\src\traditional\proc\p18F46J50.asm
             CTMUICONbits   0x000fb1       data     extern C:\MCC18\src\traditional\proc\p18F46J50.asm
                 CTMUICON   0x000fb1       data     extern C:\MCC18\src\traditional\proc\p18F46J50.asm
                 CTMUCONL   0x000fb2       data     extern C:\MCC18\src\traditional\proc\p18F46J50.asm
             CTMUCONLbits   0x000fb2       data     extern C:\MCC18\src\traditional\proc\p18F46J50.asm
                 CTMUCONH   0x000fb3       data     extern C:\MCC18\src\traditional\proc\p18F46J50.asm
             CTMUCONHbits   0x000fb3       data     extern C:\MCC18\src\traditional\proc\p18F46J50.asm
                  CCP2CON   0x000fb4       data     extern C:\MCC18\src\traditional\proc\p18F46J50.asm
              CCP2CONbits   0x000fb4       data     extern C:\MCC18\src\traditional\proc\p18F46J50.asm
                 ECCP2CON   0x000fb4       data     extern C:\MCC18\src\traditional\proc\p18F46J50.asm
             ECCP2CONbits   0x000fb4       data     extern C:\MCC18\src\traditional\proc\p18F46J50.asm
                    CCPR2   0x000fb5       data     extern C:\MCC18\src\traditional\proc\p18F46J50.asm
                   CCPR2L   0x000fb5       data     extern C:\MCC18\src\traditional\proc\p18F46J50.asm
                   CCPR2H   0x000fb6       data     extern C:\MCC18\src\traditional\proc\p18F46J50.asm
                  PWM2CON   0x000fb7       data     extern C:\MCC18\src\traditional\proc\p18F46J50.asm
              PWM2CONbits   0x000fb7       data     extern C:\MCC18\src\traditional\proc\p18F46J50.asm
             ECCP2DELbits   0x000fb7       data     extern C:\MCC18\src\traditional\proc\p18F46J50.asm
                 ECCP2DEL   0x000fb7       data     extern C:\MCC18\src\traditional\proc\p18F46J50.asm
              ECCP2ASbits   0x000fb8       data     extern C:\MCC18\src\traditional\proc\p18F46J50.asm
                  ECCP2AS   0x000fb8       data     extern C:\MCC18\src\traditional\proc\p18F46J50.asm
                 PSTR2CON   0x000fb9       data     extern C:\MCC18\src\traditional\proc\p18F46J50.asm
             PSTR2CONbits   0x000fb9       data     extern C:\MCC18\src\traditional\proc\p18F46J50.asm
             ECCP1CONbits   0x000fba       data     extern C:\MCC18\src\traditional\proc\p18F46J50.asm
                 ECCP1CON   0x000fba       data     extern C:\MCC18\src\traditional\proc\p18F46J50.asm
              CCP1CONbits   0x000fba       data     extern C:\MCC18\src\traditional\proc\p18F46J50.asm
                  CCP1CON   0x000fba       data     extern C:\MCC18\src\traditional\proc\p18F46J50.asm
                   CCPR1L   0x000fbb       data     extern C:\MCC18\src\traditional\proc\p18F46J50.asm
                    CCPR1   0x000fbb       data     extern C:\MCC18\src\traditional\proc\p18F46J50.asm
                   CCPR1H   0x000fbc       data     extern C:\MCC18\src\traditional\proc\p18F46J50.asm
                  PWM1CON   0x000fbd       data     extern C:\MCC18\src\traditional\proc\p18F46J50.asm
              PWM1CONbits   0x000fbd       data     extern C:\MCC18\src\traditional\proc\p18F46J50.asm
                 ECCP1DEL   0x000fbd       data     extern C:\MCC18\src\traditional\proc\p18F46J50.asm
             ECCP1DELbits   0x000fbd       data     extern C:\MCC18\src\traditional\proc\p18F46J50.asm
                  ECCP1AS   0x000fbe       data     extern C:\MCC18\src\traditional\proc\p18F46J50.asm
              ECCP1ASbits   0x000fbe       data     extern C:\MCC18\src\traditional\proc\p18F46J50.asm
             PSTR1CONbits   0x000fbf       data     extern C:\MCC18\src\traditional\proc\p18F46J50.asm
                 PSTR1CON   0x000fbf       data     extern C:\MCC18\src\traditional\proc\p18F46J50.asm
                   WDTCON   0x000fc0       data     extern C:\MCC18\src\traditional\proc\p18F46J50.asm
               WDTCONbits   0x000fc0       data     extern C:\MCC18\src\traditional\proc\p18F46J50.asm
               ADCON1bits   0x000fc1       data     extern C:\MCC18\src\traditional\proc\p18F46J50.asm
                   ADCON1   0x000fc1       data     extern C:\MCC18\src\traditional\proc\p18F46J50.asm
                   ADCON0   0x000fc2       data     extern C:\MCC18\src\traditional\proc\p18F46J50.asm
               ADCON0bits   0x000fc2       data     extern C:\MCC18\src\traditional\proc\p18F46J50.asm
                   ADRESL   0x000fc3       data     extern C:\MCC18\src\traditional\proc\p18F46J50.asm
                    ADRES   0x000fc3       data     extern C:\MCC18\src\traditional\proc\p18F46J50.asm
                   ADRESH   0x000fc4       data     extern C:\MCC18\src\traditional\proc\p18F46J50.asm
                  SSPCON2   0x000fc5       data     extern C:\MCC18\src\traditional\proc\p18F46J50.asm
              SSPCON2bits   0x000fc5       data     extern C:\MCC18\src\traditional\proc\p18F46J50.asm
             SSP1CON2bits   0x000fc5       data     extern C:\MCC18\src\traditional\proc\p18F46J50.asm
                 SSP1CON2   0x000fc5       data     extern C:\MCC18\src\traditional\proc\p18F46J50.asm
                  SSPCON1   0x000fc6       data     extern C:\MCC18\src\traditional\proc\p18F46J50.asm
              SSPCON1bits   0x000fc6       data     extern C:\MCC18\src\traditional\proc\p18F46J50.asm
             SSP1CON1bits   0x000fc6       data     extern C:\MCC18\src\traditional\proc\p18F46J50.asm
                 SSP1CON1   0x000fc6       data     extern C:\MCC18\src\traditional\proc\p18F46J50.asm
             SSP1STATbits   0x000fc7       data     extern C:\MCC18\src\traditional\proc\p18F46J50.asm
                 SSP1STAT   0x000fc7       data     extern C:\MCC18\src\traditional\proc\p18F46J50.asm
              SSPSTATbits   0x000fc7       data     extern C:\MCC18\src\traditional\proc\p18F46J50.asm
                  SSPSTAT   0x000fc7       data     extern C:\MCC18\src\traditional\proc\p18F46J50.asm
                   SSPADD   0x000fc8       data     extern C:\MCC18\src\traditional\proc\p18F46J50.asm
               SSPADDbits   0x000fc8       data     extern C:\MCC18\src\traditional\proc\p18F46J50.asm
              SSP1ADDbits   0x000fc8       data     extern C:\MCC18\src\traditional\proc\p18F46J50.asm
                  SSP1ADD   0x000fc8       data     extern C:\MCC18\src\traditional\proc\p18F46J50.asm
                   SSPBUF   0x000fc9       data     extern C:\MCC18\src\traditional\proc\p18F46J50.asm
                  SSP1BUF   0x000fc9       data     extern C:\MCC18\src\traditional\proc\p18F46J50.asm
                T2CONbits   0x000fca       data     extern C:\MCC18\src\traditional\proc\p18F46J50.asm
                    T2CON   0x000fca       data     extern C:\MCC18\src\traditional\proc\p18F46J50.asm
                      PR2   0x000fcb       data     extern C:\MCC18\src\traditional\proc\p18F46J50.asm
                     TMR2   0x000fcc       data     extern C:\MCC18\src\traditional\proc\p18F46J50.asm
                T1CONbits   0x000fcd       data     extern C:\MCC18\src\traditional\proc\p18F46J50.asm
                    T1CON   0x000fcd       data     extern C:\MCC18\src\traditional\proc\p18F46J50.asm
                    TMR1L   0x000fce       data     extern C:\MCC18\src\traditional\proc\p18F46J50.asm
                    TMR1H   0x000fcf       data     extern C:\MCC18\src\traditional\proc\p18F46J50.asm
                 RCONbits   0x000fd0       data     extern C:\MCC18\src\traditional\proc\p18F46J50.asm
                     RCON   0x000fd0       data     extern C:\MCC18\src\traditional\proc\p18F46J50.asm
                   CM2CON   0x000fd1       data     extern C:\MCC18\src\traditional\proc\p18F46J50.asm
                  CM2CON1   0x000fd1       data     extern C:\MCC18\src\traditional\proc\p18F46J50.asm
              CM2CON1bits   0x000fd1       data     extern C:\MCC18\src\traditional\proc\p18F46J50.asm
               CM2CONbits   0x000fd1       data     extern C:\MCC18\src\traditional\proc\p18F46J50.asm
              CM1CON1bits   0x000fd2       data     extern C:\MCC18\src\traditional\proc\p18F46J50.asm
               CM1CONbits   0x000fd2       data     extern C:\MCC18\src\traditional\proc\p18F46J50.asm
                  CM1CON1   0x000fd2       data     extern C:\MCC18\src\traditional\proc\p18F46J50.asm
                   CM1CON   0x000fd2       data     extern C:\MCC18\src\traditional\proc\p18F46J50.asm
                   OSCCON   0x000fd3       data     extern C:\MCC18\src\traditional\proc\p18F46J50.asm
               OSCCONbits   0x000fd3       data     extern C:\MCC18\src\traditional\proc\p18F46J50.asm
                    T0CON   0x000fd5       data     extern C:\MCC18\src\traditional\proc\p18F46J50.asm
                T0CONbits   0x000fd5       data     extern C:\MCC18\src\traditional\proc\p18F46J50.asm
                    TMR0L   0x000fd6       data     extern C:\MCC18\src\traditional\proc\p18F46J50.asm
                    TMR0H   0x000fd7       data     extern C:\MCC18\src\traditional\proc\p18F46J50.asm
               STATUSbits   0x000fd8       data     extern C:\MCC18\src\traditional\proc\p18F46J50.asm
                   STATUS   0x000fd8       data     extern C:\MCC18\src\traditional\proc\p18F46J50.asm
                    FSR2L   0x000fd9       data     extern C:\MCC18\src\traditional\proc\p18F46J50.asm
                     FSR2   0x000fd9       data     extern C:\MCC18\src\traditional\proc\p18F46J50.asm
                    FSR2H   0x000fda       data     extern C:\MCC18\src\traditional\proc\p18F46J50.asm
                   PLUSW2   0x000fdb       data     extern C:\MCC18\src\traditional\proc\p18F46J50.asm
                  PREINC2   0x000fdc       data     extern C:\MCC18\src\traditional\proc\p18F46J50.asm
                 POSTDEC2   0x000fdd       data     extern C:\MCC18\src\traditional\proc\p18F46J50.asm
                 POSTINC2   0x000fde       data     extern C:\MCC18\src\traditional\proc\p18F46J50.asm
                    INDF2   0x000fdf       data     extern C:\MCC18\src\traditional\proc\p18F46J50.asm
                      BSR   0x000fe0       data     extern C:\MCC18\src\traditional\proc\p18F46J50.asm
                     FSR1   0x000fe1       data     extern C:\MCC18\src\traditional\proc\p18F46J50.asm
                    FSR1L   0x000fe1       data     extern C:\MCC18\src\traditional\proc\p18F46J50.asm
                    FSR1H   0x000fe2       data     extern C:\MCC18\src\traditional\proc\p18F46J50.asm
                   PLUSW1   0x000fe3       data     extern C:\MCC18\src\traditional\proc\p18F46J50.asm
                  PREINC1   0x000fe4       data     extern C:\MCC18\src\traditional\proc\p18F46J50.asm
                 POSTDEC1   0x000fe5       data     extern C:\MCC18\src\traditional\proc\p18F46J50.asm
                 POSTINC1   0x000fe6       data     extern C:\MCC18\src\traditional\proc\p18F46J50.asm
                    INDF1   0x000fe7       data     extern C:\MCC18\src\traditional\proc\p18F46J50.asm
                     WREG   0x000fe8       data     extern C:\MCC18\src\traditional\proc\p18F46J50.asm
                    FSR0L   0x000fe9       data     extern C:\MCC18\src\traditional\proc\p18F46J50.asm
                     FSR0   0x000fe9       data     extern C:\MCC18\src\traditional\proc\p18F46J50.asm
                    FSR0H   0x000fea       data     extern C:\MCC18\src\traditional\proc\p18F46J50.asm
                   PLUSW0   0x000feb       data     extern C:\MCC18\src\traditional\proc\p18F46J50.asm
                  PREINC0   0x000fec       data     extern C:\MCC18\src\traditional\proc\p18F46J50.asm
                 POSTDEC0   0x000fed       data     extern C:\MCC18\src\traditional\proc\p18F46J50.asm
                 POSTINC0   0x000fee       data     extern C:\MCC18\src\traditional\proc\p18F46J50.asm
                    INDF0   0x000fef       data     extern C:\MCC18\src\traditional\proc\p18F46J50.asm
              INTCON3bits   0x000ff0       data     extern C:\MCC18\src\traditional\proc\p18F46J50.asm
                  INTCON3   0x000ff0       data     extern C:\MCC18\src\traditional\proc\p18F46J50.asm
                  INTCON2   0x000ff1       data     extern C:\MCC18\src\traditional\proc\p18F46J50.asm
              INTCON2bits   0x000ff1       data     extern C:\MCC18\src\traditional\proc\p18F46J50.asm
               INTCONbits   0x000ff2       data     extern C:\MCC18\src\traditional\proc\p18F46J50.asm
                   INTCON   0x000ff2       data     extern C:\MCC18\src\traditional\proc\p18F46J50.asm
                     PROD   0x000ff3       data     extern C:\MCC18\src\traditional\proc\p18F46J50.asm
                    PRODL   0x000ff3       data     extern C:\MCC18\src\traditional\proc\p18F46J50.asm
                    PRODH   0x000ff4       data     extern C:\MCC18\src\traditional\proc\p18F46J50.asm
                   TABLAT   0x000ff5       data     extern C:\MCC18\src\traditional\proc\p18F46J50.asm
                  TBLPTRL   0x000ff6       data     extern C:\MCC18\src\traditional\proc\p18F46J50.asm
                   TBLPTR   0x000ff6       data     extern C:\MCC18\src\traditional\proc\p18F46J50.asm
                  TBLPTRH   0x000ff7       data     extern C:\MCC18\src\traditional\proc\p18F46J50.asm
                  TBLPTRU   0x000ff8       data     extern C:\MCC18\src\traditional\proc\p18F46J50.asm
                      PCL   0x000ff9       data     extern C:\MCC18\src\traditional\proc\p18F46J50.asm
                       PC   0x000ff9       data     extern C:\MCC18\src\traditional\proc\p18F46J50.asm
                   PCLATH   0x000ffa       data     extern C:\MCC18\src\traditional\proc\p18F46J50.asm
                   PCLATU   0x000ffb       data     extern C:\MCC18\src\traditional\proc\p18F46J50.asm
               STKPTRbits   0x000ffc       data     extern C:\MCC18\src\traditional\proc\p18F46J50.asm
                   STKPTR   0x000ffc       data     extern C:\MCC18\src\traditional\proc\p18F46J50.asm
                     TOSL   0x000ffd       data     extern C:\MCC18\src\traditional\proc\p18F46J50.asm
                      TOS   0x000ffd       data     extern C:\MCC18\src\traditional\proc\p18F46J50.asm
                     TOSH   0x000ffe       data     extern C:\MCC18\src\traditional\proc\p18F46J50.asm
                     TOSU   0x000fff       data     extern C:\MCC18\src\traditional\proc\p18F46J50.asm


