Archive member included because of file (symbol)

d:/program files (x86)/microchip/xc32/v1.20/bin/../lib/gcc/pic32mx/4.5.2/../../../../pic32mx/lib/size\libmchp_peripheral_32MX795F512L.a(soft_reset_lib.o)
                              Obj-XC32-EX16_ENC28\ENC28J60.o (SoftReset)
d:/program files (x86)/microchip/xc32/v1.20/bin/../lib/gcc/pic32mx/4.5.2/../../../../pic32mx/lib/size\libmchp_peripheral_32MX795F512L.a(pcache.o)
                              Obj-XC32-EX16_ENC28\MainDemo.o (CheKseg0CacheOn)
d:/program files (x86)/microchip/xc32/v1.20/bin/../lib/gcc/pic32mx/4.5.2/../../../../pic32mx/lib/size\libmchp_peripheral_32MX795F512L.a(int_disable_interrupts_lib.o)
                              Obj-XC32-EX16_ENC28\MainDemo.o (INTDisableInterrupts)
d:/program files (x86)/microchip/xc32/v1.20/bin/../lib/gcc/pic32mx/4.5.2/../../../../pic32mx/lib/size\libmchp_peripheral_32MX795F512L.a(int_restore_interrupts_lib.o)
                              Obj-XC32-EX16_ENC28\MainDemo.o (INTRestoreInterrupts)
d:/program files (x86)/microchip/xc32/v1.20/bin/../lib/gcc/pic32mx/4.5.2/../../../../pic32mx/lib/size\libmchp_peripheral_32MX795F512L.a(int_enable_mv_int_lib.o)
                              Obj-XC32-EX16_ENC28\MainDemo.o (INTEnableSystemMultiVectoredInt)
d:/program files (x86)/microchip/xc32/v1.20/bin/../lib/gcc/pic32mx/4.5.2/../../../../pic32mx/lib/size\libmchp_peripheral_32MX795F512L.a(puts_uartx_lib_legacy.o)
                              Obj-XC32-EX16_ENC28\MainDemo.o (putsUART2)
d:/program files (x86)/microchip/xc32/v1.20/bin/../lib/gcc/pic32mx/4.5.2/../../../../pic32mx/lib/size\libmchp_peripheral_32MX795F512L.a(int_enable_interrupts_lib.o)
                              d:/program files (x86)/microchip/xc32/v1.20/bin/../lib/gcc/pic32mx/4.5.2/../../../../pic32mx/lib/size\libmchp_peripheral_32MX795F512L.a(int_enable_mv_int_lib.o) (INTEnableInterrupts)
d:/program files (x86)/microchip/xc32/v1.20/bin/../lib/gcc/pic32mx/4.5.2/size\libgcc.a(_udivdi3.o)
                              Obj-XC32-EX16_ENC28\TCPPerformanceTest.o (__udivdi3)
d:/program files (x86)/microchip/xc32/v1.20/bin/../lib/gcc/pic32mx/4.5.2/size\libgcc.a(_umoddi3.o)
                              Obj-XC32-EX16_ENC28\DHCP.o (__umoddi3)
d:/program files (x86)/microchip/xc32/v1.20/bin/../lib/gcc/pic32mx/4.5.2/../../../../pic32mx/lib/size\libpic32.a(memcmp.o)
                              Obj-XC32-EX16_ENC28\HTTP2.o (memcmp)
d:/program files (x86)/microchip/xc32/v1.20/bin/../lib/gcc/pic32mx/4.5.2/../../../../pic32mx/lib/size\libpic32.a(memcpy.o)
                              Obj-XC32-EX16_ENC28\Announce.o (memcpy)
d:/program files (x86)/microchip/xc32/v1.20/bin/../lib/gcc/pic32mx/4.5.2/../../../../pic32mx/lib/size\libpic32.a(memset.o)
                              Obj-XC32-EX16_ENC28\DHCP.o (memset)
d:/program files (x86)/microchip/xc32/v1.20/bin/../lib/gcc/pic32mx/4.5.2/../../../../pic32mx/lib/size\libpic32.a(strcmp.o)
                              Obj-XC32-EX16_ENC28\HTTP2.o (strcmp)
d:/program files (x86)/microchip/xc32/v1.20/bin/../lib/gcc/pic32mx/4.5.2/../../../../pic32mx/lib/size\libpic32.a(strcpy.o)
                              Obj-XC32-EX16_ENC28\CustomHTTPApp.o (strcpy)
d:/program files (x86)/microchip/xc32/v1.20/bin/../lib/gcc/pic32mx/4.5.2/../../../../pic32mx/lib/size\libpic32.a(strlen.o)
                              Obj-XC32-EX16_ENC28\Helpers.o (strlen)
d:/program files (x86)/microchip/xc32/v1.20/bin/../lib/gcc/pic32mx/4.5.2/../../../../pic32mx/lib/size\libpic32.a(default-bootstrap-exception-handler.o)
                              d:/program files (x86)/microchip/xc32/v1.20/bin/../lib/gcc/pic32mx/4.5.2/../../../../pic32mx/lib/size/crt0.o (_bootstrap_exception_handler)
d:/program files (x86)/microchip/xc32/v1.20/bin/../lib/gcc/pic32mx/4.5.2/../../../../pic32mx/lib/size\libpic32.a(default-on-reset.o)
                              d:/program files (x86)/microchip/xc32/v1.20/bin/../lib/gcc/pic32mx/4.5.2/../../../../pic32mx/lib/size/crt0.o (_on_reset)
d:/program files (x86)/microchip/xc32/v1.20/bin/../lib/gcc/pic32mx/4.5.2/../../../../pic32mx/lib/size\libpic32.a(default-on-bootstrap.o)
                              d:/program files (x86)/microchip/xc32/v1.20/bin/../lib/gcc/pic32mx/4.5.2/../../../../pic32mx/lib/size/crt0.o (_on_bootstrap)
d:/program files (x86)/microchip/xc32/v1.20/bin/../lib/gcc/pic32mx/4.5.2/../../../../pic32mx/lib/size\libpic32.a(default-nmi-handler.o)
                              d:/program files (x86)/microchip/xc32/v1.20/bin/../lib/gcc/pic32mx/4.5.2/../../../../pic32mx/lib/size/crt0.o (_nmi_handler)
d:/program files (x86)/microchip/xc32/v1.20/bin/../lib/gcc/pic32mx/4.5.2/../../../../pic32mx/lib/size\libpic32.a(general-exception.o)
                              d:/program files (x86)/microchip/xc32/v1.20/bin/../lib/gcc/pic32mx/4.5.2/../../../../pic32mx/lib/size/crt0.o (_general_exception_context)
d:/program files (x86)/microchip/xc32/v1.20/bin/../lib/gcc/pic32mx/4.5.2/../../../../pic32mx/lib/size\libpic32.a(vector0.o)
[...]
Memory Configuration

Name             Origin             Length             Attributes
kseg0_program_mem 0x9d000000         0x00080000         xr
kseg0_boot_mem   0x9fc00490         0x00000970
exception_mem    0x9fc01000         0x00001000
kseg1_boot_mem   0xbfc00000         0x00000490
debug_exec_mem   0xbfc02000         0x00000ff0
config3          0xbfc02ff0         0x00000004
config2          0xbfc02ff4         0x00000004
config1          0xbfc02ff8         0x00000004
config0          0xbfc02ffc         0x00000004
kseg1_data_mem   0xa0000000         0x00020000         w !x
sfrs             0xbf800000         0x00100000
configsfrs       0xbfc02ff0         0x00000010
*default*        0x00000000         0xffffffff

Linker script and memory map

LOAD d:/program files (x86)/microchip/xc32/v1.20/bin/../lib/gcc/pic32mx/4.5.2/../../../../pic32mx/lib/size/crt0.o
LOAD Obj-XC32-EX16_ENC28\Announce.o
LOAD Obj-XC32-EX16_ENC28\ARCFOUR.o
LOAD Obj-XC32-EX16_ENC28\ARP.o
LOAD Obj-XC32-EX16_ENC28\AutoIP.o
LOAD Obj-XC32-EX16_ENC28\BerkeleyAPI.o
LOAD Obj-XC32-EX16_ENC28\BigInt.o
LOAD Obj-XC32-EX16_ENC28\Delay.o
LOAD Obj-XC32-EX16_ENC28\DHCP.o
LOAD Obj-XC32-EX16_ENC28\DHCPs.o
LOAD Obj-XC32-EX16_ENC28\DNS.o
LOAD Obj-XC32-EX16_ENC28\DNSs.o
LOAD Obj-XC32-EX16_ENC28\DynDNS.o
LOAD Obj-XC32-EX16_ENC28\ENC28J60.o
LOAD Obj-XC32-EX16_ENC28\ENCX24J600.o
LOAD Obj-XC32-EX16_ENC28\FileSystem.o
LOAD Obj-XC32-EX16_ENC28\FTP.o
LOAD Obj-XC32-EX16_ENC28\Hashes.o
LOAD Obj-XC32-EX16_ENC28\Helpers.o
LOAD Obj-XC32-EX16_ENC28\HTTP2.o
LOAD Obj-XC32-EX16_ENC28\ICMP.o
LOAD Obj-XC32-EX16_ENC28\IP.o
LOAD Obj-XC32-EX16_ENC28\LCDBlocking.o
LOAD Obj-XC32-EX16_ENC28\MPFS2.o
LOAD Obj-XC32-EX16_ENC28\NBNS.o
LOAD Obj-XC32-EX16_ENC28\Random.o
LOAD Obj-XC32-EX16_ENC28\Reboot.o
LOAD Obj-XC32-EX16_ENC28\RSA.o
LOAD Obj-XC32-EX16_ENC28\SMTP.o
LOAD Obj-XC32-EX16_ENC28\SNMP.o
LOAD Obj-XC32-EX16_ENC28\SNMPv3.o
LOAD Obj-XC32-EX16_ENC28\SNMPv3USM.o
LOAD Obj-XC32-EX16_ENC28\SNTP.o
LOAD Obj-XC32-EX16_ENC28\SPIEEPROM.o
LOAD Obj-XC32-EX16_ENC28\SPIFlash.o
LOAD Obj-XC32-EX16_ENC28\SPIRAM.o
LOAD Obj-XC32-EX16_ENC28\SSL.o
LOAD Obj-XC32-EX16_ENC28\StackTsk.o
LOAD Obj-XC32-EX16_ENC28\TCP.o
LOAD Obj-XC32-EX16_ENC28\TCPPerformanceTest.o
LOAD Obj-XC32-EX16_ENC28\Telnet.o
LOAD Obj-XC32-EX16_ENC28\TFTPc.o
LOAD Obj-XC32-EX16_ENC28\Tick.o
LOAD Obj-XC32-EX16_ENC28\UART2TCPBridge.o
LOAD Obj-XC32-EX16_ENC28\UART.o
LOAD Obj-XC32-EX16_ENC28\UDP.o
LOAD Obj-XC32-EX16_ENC28\UDPPerformanceTest.o
LOAD Obj-XC32-EX16_ENC28\ZeroconfHelper.o
LOAD Obj-XC32-EX16_ENC28\ZeroconfLinkLocal.o
LOAD Obj-XC32-EX16_ENC28\ZeroconfMulticastDNS.o
LOAD Obj-XC32-EX16_ENC28\CustomHTTPApp.o
LOAD Obj-XC32-EX16_ENC28\CustomSNMPApp.o
LOAD Obj-XC32-EX16_ENC28\CustomSSLCert.o
LOAD Obj-XC32-EX16_ENC28\MainDemo.o
LOAD Obj-XC32-EX16_ENC28\BerkeleyTCPClientDemo.o
LOAD Obj-XC32-EX16_ENC28\BerkeleyTCPServerDemo.o
LOAD Obj-XC32-EX16_ENC28\BerkeleyUDPClientDemo.o
LOAD Obj-XC32-EX16_ENC28\GenericTCPClient.o
LOAD Obj-XC32-EX16_ENC28\GenericTCPServer.o
LOAD Obj-XC32-EX16_ENC28\PingDemo.o
LOAD Obj-XC32-EX16_ENC28\SMTPDemo.o
LOAD Obj-XC32-EX16_ENC28\UARTConfig.o
LOAD Obj-XC32-EX16_ENC28\MPFSImg2.o
LOAD Obj-XC32-EX16_ENC28\BigInt_helper_PIC32.o
                0x00000001                __MPLAB_BUILD = 0x1
                0x00000001                __MPLAB_DEBUG = 0x1
LOAD d:/program files (x86)/microchip/xc32/v1.20/bin/../lib/gcc/pic32mx/4.5.2/../../../../pic32mx/lib/./proc/32MX795F512L\default_isr_vectors.o
                0x00000400                PROVIDE (_min_stack_size, 0x400)
LOAD d:/program files (x86)/microchip/xc32/v1.20/bin/../lib/gcc/pic32mx/4.5.2/../../../../pic32mx/lib/./proc/32MX795F512L\processor.o
START GROUP
LOAD d:/program files (x86)/microchip/xc32/v1.20/bin/../lib/gcc/pic32mx/4.5.2/../../../../pic32mx/lib/size\libmchp_peripheral.a
END GROUP
START GROUP
LOAD d:/program files (x86)/microchip/xc32/v1.20/bin/../lib/gcc/pic32mx/4.5.2/../../../../pic32mx/lib/size\libmchp_peripheral_32MX795F512L.a
END GROUP
                0x00000001                PROVIDE (_vector_spacing, 0x1)
                0x9fc01000                _ebase_address = 0x9fc01000
                0xbfc00000                _RESET_ADDR = 0xbfc00000
                0xbfc00380                _BEV_EXCPT_ADDR = 0xbfc00380
                0xbfc00480                _DBG_EXCPT_ADDR = 0xbfc00480
                0xbfc02000                _DBG_CODE_ADDR = 0xbfc02000
                0x00000ff0                _DBG_CODE_SIZE = 0xff0
                0x9fc01180                _GEN_EXCPT_ADDR = (_ebase_address + 0x180)

.config_BFC02FF0
 *(.config_BFC02FF0)

.config_BFC02FF4
                0xbfc02ff4        0x4
 *(.config_BFC02FF4)
 .config_BFC02FF4
                0xbfc02ff4        0x4 Obj-XC32-EX16_ENC28\MainDemo.o

.config_BFC02FF8
                0xbfc02ff8        0x4
 *(.config_BFC02FF8)
 .config_BFC02FF8
                0xbfc02ff8        0x4 Obj-XC32-EX16_ENC28\MainDemo.o

.config_BFC02FFC
                0xbfc02ffc        0x4
 *(.config_BFC02FFC)
 .config_BFC02FFC
                0xbfc02ffc        0x4 Obj-XC32-EX16_ENC28\MainDemo.o
                0xbfc02000                PROVIDE (_DBG_CODE_ADDR, 0xbfc02000)
                0x00000ff0                PROVIDE (_DBG_CODE_SIZE, 0xff0)

.reset          0xbfc00000      0x1f4
 *(.reset)
 .reset         0xbfc00000       0x10 d:/program files (x86)/microchip/xc32/v1.20/bin/../lib/gcc/pic32mx/4.5.2/../../../../pic32mx/lib/size/crt0.o
                0xbfc00000                _reset
 *(.reset.startup)
 .reset.startup
                0xbfc00010      0x1e4 d:/program files (x86)/microchip/xc32/v1.20/bin/../lib/gcc/pic32mx/4.5.2/../../../../pic32mx/lib/size/crt0.o

.bev_excpt      0xbfc00380       0x10
 *(.bev_handler)
 .bev_handler   0xbfc00380       0x10 d:/program files (x86)/microchip/xc32/v1.20/bin/../lib/gcc/pic32mx/4.5.2/../../../../pic32mx/lib/size/crt0.o

.dbg_excpt      0xbfc00480        0x0
                0xbfc00480                . = (. + DEFINED (_DEBUGGER)?0x8:0x0)

.dbg_code       0xbfc02000        0x0
                0xbfc02000                . = (. + DEFINED (_DEBUGGER)?_DBG_CODE_SIZE:0x0)

.app_excpt      0x9fc01180       0x10
 *(.gen_handler)
 .gen_handler   0x9fc01180       0x10 d:/program files (x86)/microchip/xc32/v1.20/bin/../lib/gcc/pic32mx/4.5.2/../../../../pic32mx/lib/size/crt0.o

.vector_0       0x9fc01200        0x8
 *(.vector_0)
 .vector_0      0x9fc01200        0x8 d:/program files (x86)/microchip/xc32/v1.20/bin/../lib/gcc/pic32mx/4.5.2/../../../../pic32mx/lib/size\libpic32.a(vector0.o)
                0x9fc01200                __vector_dispatch_0
                0x00000001                ASSERT (((_vector_spacing == 0x0) || (SIZEOF (.vector_0) <= (_vector_spacing << 0x5))), function at exception vector 0 too large)

.vector_1       0x9fc01220        0x8
 *(.vector_1)
 .vector_1      0x9fc01220        0x8 d:/program files (x86)/microchip/xc32/v1.20/bin/../lib/gcc/pic32mx/4.5.2/../../../../pic32mx/lib/size\libpic32.a(vector1.o)
                0x9fc01220                __vector_dispatch_1
                0x00000001                ASSERT (((_vector_spacing == 0x0) || (SIZEOF (.vector_1) <= (_vector_spacing << 0x5))), function at exception vector 1 too large)

.vector_2       0x9fc01240        0x8
 *(.vector_2)
 .vector_2      0x9fc01240        0x8 d:/program files (x86)/microchip/xc32/v1.20/bin/../lib/gcc/pic32mx/4.5.2/../../../../pic32mx/lib/size\libpic32.a(vector2.o)
                0x9fc01240                __vector_dispatch_2
                0x00000001                ASSERT (((_vector_spacing == 0x0) || (SIZEOF (.vector_2) <= (_vector_spacing << 0x5))), function at exception vector 2 too large)

.vector_3       0x9fc01260        0x8
 *(.vector_3)
 .vector_3      0x9fc01260        0x8 d:/program files (x86)/microchip/xc32/v1.20/bin/../lib/gcc/pic32mx/4.5.2/../../../../pic32mx/lib/size\libpic32.a(vector3.o)
                0x9fc01260                __vector_dispatch_3
                0x00000001                ASSERT (((_vector_spacing == 0x0) || (SIZEOF (.vector_3) <= (_vector_spacing << 0x5))), function at exception vector 3 too large)

.vector_4       0x9fc01280        0x8
 *(.vector_4)
 .vector_4      0x9fc01280        0x8 Obj-XC32-EX16_ENC28\Tick.o
                0x9fc01280                __vector_dispatch_4
                0x00000001                ASSERT (((_vector_spacing == 0x0) || (SIZEOF (.vector_4) <= (_vector_spacing << 0x5))), function at exception vector 4 too large)

.vector_5       0x9fc012a0        0x8
 *(.vector_5)
 .vector_5      0x9fc012a0        0x8 d:/program files (x86)/microchip/xc32/v1.20/bin/../lib/gcc/pic32mx/4.5.2/../../../../pic32mx/lib/size\libpic32.a(vector5.o)
                0x9fc012a0                __vector_dispatch_5
                0x00000001                ASSERT (((_vector_spacing == 0x0) || (SIZEOF (.vector_5) <= (_vector_spacing << 0x5))), function at exception vector 5 too large)

.vector_6       0x9fc012c0        0x8
 *(.vector_6)
 .vector_6      0x9fc012c0        0x8 d:/program files (x86)/microchip/xc32/v1.20/bin/../lib/gcc/pic32mx/4.5.2/../../../../pic32mx/lib/size\libpic32.a(vector6.o)
                0x9fc012c0                __vector_dispatch_6
                0x00000001                ASSERT (((_vector_spacing == 0x0) || (SIZEOF (.vector_6) <= (_vector_spacing << 0x5))), function at exception vector 6 too large)

.vector_7       0x9fc012e0        0x8
 *(.vector_7)
 .vector_7      0x9fc012e0        0x8 d:/program files (x86)/microchip/xc32/v1.20/bin/../lib/gcc/pic32mx/4.5.2/../../../../pic32mx/lib/size\libpic32.a(vector7.o)
                0x9fc012e0                __vector_dispatch_7
                0x00000001                ASSERT (((_vector_spacing == 0x0) || (SIZEOF (.vector_7) <= (_vector_spacing << 0x5))), function at exception vector 7 too large)

.vector_8       0x9fc01300        0x8
 *(.vector_8)
 .vector_8      0x9fc01300        0x8 d:/program files (x86)/microchip/xc32/v1.20/bin/../lib/gcc/pic32mx/4.5.2/../../../../pic32mx/lib/size\libpic32.a(vector8.o)
                0x9fc01300                __vector_dispatch_8
                0x00000001                ASSERT (((_vector_spacing == 0x0) || (SIZEOF (.vector_8) <= (_vector_spacing << 0x5))), function at exception vector 8 too large)

.vector_9       0x9fc01320        0x8
 *(.vector_9)
 .vector_9      0x9fc01320        0x8 d:/program files (x86)/microchip/xc32/v1.20/bin/../lib/gcc/pic32mx/4.5.2/../../../../pic32mx/lib/size\libpic32.a(vector9.o)
                0x9fc01320                __vector_dispatch_9
                0x00000001                ASSERT (((_vector_spacing == 0x0) || (SIZEOF (.vector_9) <= (_vector_spacing << 0x5))), function at exception vector 9 too large)

.vector_10      0x9fc01340        0x8
 *(.vector_10)
 .vector_10     0x9fc01340        0x8 d:/program files (x86)/microchip/xc32/v1.20/bin/../lib/gcc/pic32mx/4.5.2/../../../../pic32mx/lib/size\libpic32.a(vector10.o)
                0x9fc01340                __vector_dispatch_10
                0x00000001                ASSERT (((_vector_spacing == 0x0) || (SIZEOF (.vector_10) <= (_vector_spacing << 0x5))), function at exception vector 10 too large)

.vector_11      0x9fc01360        0x8
 *(.vector_11)
 .vector_11     0x9fc01360        0x8 d:/program files (x86)/microchip/xc32/v1.20/bin/../lib/gcc/pic32mx/4.5.2/../../../../pic32mx/lib/size\libpic32.a(vector11.o)
                0x9fc01360                __vector_dispatch_11
                0x00000001                ASSERT (((_vector_spacing == 0x0) || (SIZEOF (.vector_11) <= (_vector_spacing << 0x5))), function at exception vector 11 too large)

.vector_12      0x9fc01380        0x8
 *(.vector_12)
 .vector_12     0x9fc01380        0x8 d:/program files (x86)/microchip/xc32/v1.20/bin/../lib/gcc/pic32mx/4.5.2/../../../../pic32mx/lib/size\libpic32.a(vector12.o)
                0x9fc01380                __vector_dispatch_12
                0x00000001                ASSERT (((_vector_spacing == 0x0) || (SIZEOF (.vector_12) <= (_vector_spacing << 0x5))), function at exception vector 12 too large)

.vector_13      0x9fc013a0        0x8
 *(.vector_13)
 .vector_13     0x9fc013a0        0x8 d:/program files (x86)/microchip/xc32/v1.20/bin/../lib/gcc/pic32mx/4.5.2/../../../../pic32mx/lib/size\libpic32.a(vector13.o)
                0x9fc013a0                __vector_dispatch_13
                0x00000001                ASSERT (((_vector_spacing == 0x0) || (SIZEOF (.vector_13) <= (_vector_spacing << 0x5))), function at exception vector 13 too large)

.vector_14      0x9fc013c0        0x8
 *(.vector_14)
 .vector_14     0x9fc013c0        0x8 d:/program files (x86)/microchip/xc32/v1.20/bin/../lib/gcc/pic32mx/4.5.2/../../../../pic32mx/lib/size\libpic32.a(vector14.o)
                0x9fc013c0                __vector_dispatch_14
                0x00000001                ASSERT (((_vector_spacing == 0x0) || (SIZEOF (.vector_14) <= (_vector_spacing << 0x5))), function at exception vector 14 too large)

.vector_15      0x9fc013e0        0x8
 *(.vector_15)
 .vector_15     0x9fc013e0        0x8 d:/program files (x86)/microchip/xc32/v1.20/bin/../lib/gcc/pic32mx/4.5.2/../../../../pic32mx/lib/size\libpic32.a(vector15.o)
                0x9fc013e0                __vector_dispatch_15
                0x00000001                ASSERT (((_vector_spacing == 0x0) || (SIZEOF (.vector_15) <= (_vector_spacing << 0x5))), function at exception vector 15 too large)

.vector_16      0x9fc01400        0x8
 *(.vector_16)
 .vector_16     0x9fc01400        0x8 d:/program files (x86)/microchip/xc32/v1.20/bin/../lib/gcc/pic32mx/4.5.2/../../../../pic32mx/lib/size\libpic32.a(vector16.o)
                0x9fc01400                __vector_dispatch_16
                0x00000001                ASSERT (((_vector_spacing == 0x0) || (SIZEOF (.vector_16) <= (_vector_spacing << 0x5))), function at exception vector 16 too large)

.vector_17      0x9fc01420        0x8
 *(.vector_17)
 .vector_17     0x9fc01420        0x8 d:/program files (x86)/microchip/xc32/v1.20/bin/../lib/gcc/pic32mx/4.5.2/../../../../pic32mx/lib/size\libpic32.a(vector17.o)
                0x9fc01420                __vector_dispatch_17
                0x00000001                ASSERT (((_vector_spacing == 0x0) || (SIZEOF (.vector_17) <= (_vector_spacing << 0x5))), function at exception vector 17 too large)

.vector_18      0x9fc01440        0x8
 *(.vector_18)
 .vector_18     0x9fc01440        0x8 d:/program files (x86)/microchip/xc32/v1.20/bin/../lib/gcc/pic32mx/4.5.2/../../../../pic32mx/lib/size\libpic32.a(vector18.o)
                0x9fc01440                __vector_dispatch_18
                0x00000001                ASSERT (((_vector_spacing == 0x0) || (SIZEOF (.vector_18) <= (_vector_spacing << 0x5))), function at exception vector 18 too large)

.vector_19      0x9fc01460        0x8
 *(.vector_19)
 .vector_19     0x9fc01460        0x8 d:/program files (x86)/microchip/xc32/v1.20/bin/../lib/gcc/pic32mx/4.5.2/../../../../pic32mx/lib/size\libpic32.a(vector19.o)
                0x9fc01460                __vector_dispatch_19
                0x00000001                ASSERT (((_vector_spacing == 0x0) || (SIZEOF (.vector_19) <= (_vector_spacing << 0x5))), function at exception vector 19 too large)

.vector_20      0x9fc01480        0x8
 *(.vector_20)
 .vector_20     0x9fc01480        0x8 d:/program files (x86)/microchip/xc32/v1.20/bin/../lib/gcc/pic32mx/4.5.2/../../../../pic32mx/lib/size\libpic32.a(vector20.o)
                0x9fc01480                __vector_dispatch_20
                0x00000001                ASSERT (((_vector_spacing == 0x0) || (SIZEOF (.vector_20) <= (_vector_spacing << 0x5))), function at exception vector 20 too large)

.vector_21      0x9fc014a0        0x8
 *(.vector_21)
 .vector_21     0x9fc014a0        0x8 d:/program files (x86)/microchip/xc32/v1.20/bin/../lib/gcc/pic32mx/4.5.2/../../../../pic32mx/lib/size\libpic32.a(vector21.o)
                0x9fc014a0                __vector_dispatch_21
                0x00000001                ASSERT (((_vector_spacing == 0x0) || (SIZEOF (.vector_21) <= (_vector_spacing << 0x5))), function at exception vector 21 too large)

.vector_22      0x9fc014c0        0x8
 *(.vector_22)
 .vector_22     0x9fc014c0        0x8 d:/program files (x86)/microchip/xc32/v1.20/bin/../lib/gcc/pic32mx/4.5.2/../../../../pic32mx/lib/size\libpic32.a(vector22.o)
                0x9fc014c0                __vector_dispatch_22
                0x00000001                ASSERT (((_vector_spacing == 0x0) || (SIZEOF (.vector_22) <= (_vector_spacing << 0x5))), function at exception vector 22 too large)

.vector_23      0x9fc014e0        0x8
 *(.vector_23)
 .vector_23     0x9fc014e0        0x8 d:/program files (x86)/microchip/xc32/v1.20/bin/../lib/gcc/pic32mx/4.5.2/../../../../pic32mx/lib/size\libpic32.a(vector23.o)
                0x9fc014e0                __vector_dispatch_23
                0x00000001                ASSERT (((_vector_spacing == 0x0) || (SIZEOF (.vector_23) <= (_vector_spacing << 0x5))), function at exception vector 23 too large)

.vector_24      0x9fc01500        0x8
 *(.vector_24)
 .vector_24     0x9fc01500        0x8 d:/program files (x86)/microchip/xc32/v1.20/bin/../lib/gcc/pic32mx/4.5.2/../../../../pic32mx/lib/size\libpic32.a(vector24.o)
                0x9fc01500                __vector_dispatch_24
                0x00000001                ASSERT (((_vector_spacing == 0x0) || (SIZEOF (.vector_24) <= (_vector_spacing << 0x5))), function at exception vector 24 too large)

.vector_25      0x9fc01520        0x8
 *(.vector_25)
 .vector_25     0x9fc01520        0x8 d:/program files (x86)/microchip/xc32/v1.20/bin/../lib/gcc/pic32mx/4.5.2/../../../../pic32mx/lib/size\libpic32.a(vector25.o)
                0x9fc01520                __vector_dispatch_25
                0x00000001                ASSERT (((_vector_spacing == 0x0) || (SIZEOF (.vector_25) <= (_vector_spacing << 0x5))), function at exception vector 25 too large)

.vector_26      0x9fc01540        0x8
 *(.vector_26)
 .vector_26     0x9fc01540        0x8 d:/program files (x86)/microchip/xc32/v1.20/bin/../lib/gcc/pic32mx/4.5.2/../../../../pic32mx/lib/size\libpic32.a(vector26.o)
                0x9fc01540                __vector_dispatch_26
                0x00000001                ASSERT (((_vector_spacing == 0x0) || (SIZEOF (.vector_26) <= (_vector_spacing << 0x5))), function at exception vector 26 too large)

.vector_27      0x9fc01560        0x8
 *(.vector_27)
 .vector_27     0x9fc01560        0x8 d:/program files (x86)/microchip/xc32/v1.20/bin/../lib/gcc/pic32mx/4.5.2/../../../../pic32mx/lib/size\libpic32.a(vector27.o)
                0x9fc01560                __vector_dispatch_27
                0x00000001                ASSERT (((_vector_spacing == 0x0) || (SIZEOF (.vector_27) <= (_vector_spacing << 0x5))), function at exception vector 27 too large)

.vector_28      0x9fc01580        0x8
 *(.vector_28)
 .vector_28     0x9fc01580        0x8 d:/program files (x86)/microchip/xc32/v1.20/bin/../lib/gcc/pic32mx/4.5.2/../../../../pic32mx/lib/size\libpic32.a(vector28.o)
                0x9fc01580                __vector_dispatch_28
                0x00000001                ASSERT (((_vector_spacing == 0x0) || (SIZEOF (.vector_28) <= (_vector_spacing << 0x5))), function at exception vector 28 too large)

.vector_29      0x9fc015a0        0x8
 *(.vector_29)
 .vector_29     0x9fc015a0        0x8 d:/program files (x86)/microchip/xc32/v1.20/bin/../lib/gcc/pic32mx/4.5.2/../../../../pic32mx/lib/size\libpic32.a(vector29.o)
                0x9fc015a0                __vector_dispatch_29
                0x00000001                ASSERT (((_vector_spacing == 0x0) || (SIZEOF (.vector_29) <= (_vector_spacing << 0x5))), function at exception vector 29 too large)

.vector_30      0x9fc015c0        0x8
 *(.vector_30)
 .vector_30     0x9fc015c0        0x8 d:/program files (x86)/microchip/xc32/v1.20/bin/../lib/gcc/pic32mx/4.5.2/../../../../pic32mx/lib/size\libpic32.a(vector30.o)
                0x9fc015c0                __vector_dispatch_30
                0x00000001                ASSERT (((_vector_spacing == 0x0) || (SIZEOF (.vector_30) <= (_vector_spacing << 0x5))), function at exception vector 30 too large)

.vector_31      0x9fc015e0        0x8
 *(.vector_31)
 .vector_31     0x9fc015e0        0x8 d:/program files (x86)/microchip/xc32/v1.20/bin/../lib/gcc/pic32mx/4.5.2/../../../../pic32mx/lib/size\libpic32.a(vector31.o)
                0x9fc015e0                __vector_dispatch_31
                0x00000001                ASSERT (((_vector_spacing == 0x0) || (SIZEOF (.vector_31) <= (_vector_spacing << 0x5))), function at exception vector 31 too large)

.vector_32      0x9fc01600        0x8
 *(.vector_32)
 .vector_32     0x9fc01600        0x8 d:/program files (x86)/microchip/xc32/v1.20/bin/../lib/gcc/pic32mx/4.5.2/../../../../pic32mx/lib/size\libpic32.a(vector32.o)
                0x9fc01600                __vector_dispatch_32
                0x00000001                ASSERT (((_vector_spacing == 0x0) || (SIZEOF (.vector_32) <= (_vector_spacing << 0x5))), function at exception vector 32 too large)

.vector_33      0x9fc01620        0x8
 *(.vector_33)
 .vector_33     0x9fc01620        0x8 d:/program files (x86)/microchip/xc32/v1.20/bin/../lib/gcc/pic32mx/4.5.2/../../../../pic32mx/lib/size\libpic32.a(vector33.o)
                0x9fc01620                __vector_dispatch_33
                0x00000001                ASSERT (((_vector_spacing == 0x0) || (SIZEOF (.vector_33) <= (_vector_spacing << 0x5))), function at exception vector 33 too large)

.vector_34      0x9fc01640        0x8
 *(.vector_34)
 .vector_34     0x9fc01640        0x8 d:/program files (x86)/microchip/xc32/v1.20/bin/../lib/gcc/pic32mx/4.5.2/../../../../pic32mx/lib/size\libpic32.a(vector34.o)
                0x9fc01640                __vector_dispatch_34
                0x00000001                ASSERT (((_vector_spacing == 0x0) || (SIZEOF (.vector_34) <= (_vector_spacing << 0x5))), function at exception vector 34 too large)

.vector_35      0x9fc01660        0x8
 *(.vector_35)
 .vector_35     0x9fc01660        0x8 d:/program files (x86)/microchip/xc32/v1.20/bin/../lib/gcc/pic32mx/4.5.2/../../../../pic32mx/lib/size\libpic32.a(vector35.o)
                0x9fc01660                __vector_dispatch_35
                0x00000001                ASSERT (((_vector_spacing == 0x0) || (SIZEOF (.vector_35) <= (_vector_spacing << 0x5))), function at exception vector 35 too large)

.vector_36      0x9fc01680        0x8
 *(.vector_36)
 .vector_36     0x9fc01680        0x8 d:/program files (x86)/microchip/xc32/v1.20/bin/../lib/gcc/pic32mx/4.5.2/../../../../pic32mx/lib/size\libpic32.a(vector36.o)
                0x9fc01680                __vector_dispatch_36
                0x00000001                ASSERT (((_vector_spacing == 0x0) || (SIZEOF (.vector_36) <= (_vector_spacing << 0x5))), function at exception vector 36 too large)

.vector_37      0x9fc016a0        0x8
 *(.vector_37)
 .vector_37     0x9fc016a0        0x8 d:/program files (x86)/microchip/xc32/v1.20/bin/../lib/gcc/pic32mx/4.5.2/../../../../pic32mx/lib/size\libpic32.a(vector37.o)
                0x9fc016a0                __vector_dispatch_37
                0x00000001                ASSERT (((_vector_spacing == 0x0) || (SIZEOF (.vector_37) <= (_vector_spacing << 0x5))), function at exception vector 37 too large)

.vector_38      0x9fc016c0        0x8
 *(.vector_38)
 .vector_38     0x9fc016c0        0x8 d:/program files (x86)/microchip/xc32/v1.20/bin/../lib/gcc/pic32mx/4.5.2/../../../../pic32mx/lib/size\libpic32.a(vector38.o)
                0x9fc016c0                __vector_dispatch_38
                0x00000001                ASSERT (((_vector_spacing == 0x0) || (SIZEOF (.vector_38) <= (_vector_spacing << 0x5))), function at exception vector 38 too large)

.vector_39      0x9fc016e0        0x8
 *(.vector_39)
 .vector_39     0x9fc016e0        0x8 d:/program files (x86)/microchip/xc32/v1.20/bin/../lib/gcc/pic32mx/4.5.2/../../../../pic32mx/lib/size\libpic32.a(vector39.o)
                0x9fc016e0                __vector_dispatch_39
                0x00000001                ASSERT (((_vector_spacing == 0x0) || (SIZEOF (.vector_39) <= (_vector_spacing << 0x5))), function at exception vector 39 too large)

.vector_40      0x9fc01700        0x8
 *(.vector_40)
 .vector_40     0x9fc01700        0x8 d:/program files (x86)/microchip/xc32/v1.20/bin/../lib/gcc/pic32mx/4.5.2/../../../../pic32mx/lib/size\libpic32.a(vector40.o)
                0x9fc01700                __vector_dispatch_40
                0x00000001                ASSERT (((_vector_spacing == 0x0) || (SIZEOF (.vector_40) <= (_vector_spacing << 0x5))), function at exception vector 40 too large)

.vector_41      0x9fc01720        0x8
 *(.vector_41)
 .vector_41     0x9fc01720        0x8 d:/program files (x86)/microchip/xc32/v1.20/bin/../lib/gcc/pic32mx/4.5.2/../../../../pic32mx/lib/size\libpic32.a(vector41.o)
                0x9fc01720                __vector_dispatch_41
                0x00000001                ASSERT (((_vector_spacing == 0x0) || (SIZEOF (.vector_41) <= (_vector_spacing << 0x5))), function at exception vector 41 too large)

.vector_42      0x9fc01740        0x8
 *(.vector_42)
 .vector_42     0x9fc01740        0x8 d:/program files (x86)/microchip/xc32/v1.20/bin/../lib/gcc/pic32mx/4.5.2/../../../../pic32mx/lib/size\libpic32.a(vector42.o)
                0x9fc01740                __vector_dispatch_42
                0x00000001                ASSERT (((_vector_spacing == 0x0) || (SIZEOF (.vector_42) <= (_vector_spacing << 0x5))), function at exception vector 42 too large)

.vector_43      0x9fc01760        0x8
 *(.vector_43)
 .vector_43     0x9fc01760        0x8 d:/program files (x86)/microchip/xc32/v1.20/bin/../lib/gcc/pic32mx/4.5.2/../../../../pic32mx/lib/size\libpic32.a(vector43.o)
                0x9fc01760                __vector_dispatch_43
                0x00000001                ASSERT (((_vector_spacing == 0x0) || (SIZEOF (.vector_43) <= (_vector_spacing << 0x5))), function at exception vector 43 too large)

.vector_44      0x9fc01780        0x8
 *(.vector_44)
 .vector_44     0x9fc01780        0x8 d:/program files (x86)/microchip/xc32/v1.20/bin/../lib/gcc/pic32mx/4.5.2/../../../../pic32mx/lib/size\libpic32.a(vector44.o)
                0x9fc01780                __vector_dispatch_44
                0x00000001                ASSERT (((_vector_spacing == 0x0) || (SIZEOF (.vector_44) <= (_vector_spacing << 0x5))), function at exception vector 44 too large)

.vector_45      0x9fc017a0        0x8
 *(.vector_45)
 .vector_45     0x9fc017a0        0x8 d:/program files (x86)/microchip/xc32/v1.20/bin/../lib/gcc/pic32mx/4.5.2/../../../../pic32mx/lib/size\libpic32.a(vector45.o)
                0x9fc017a0                __vector_dispatch_45
                0x00000001                ASSERT (((_vector_spacing == 0x0) || (SIZEOF (.vector_45) <= (_vector_spacing << 0x5))), function at exception vector 45 too large)

.vector_46      0x9fc017c0        0x8
 *(.vector_46)
 .vector_46     0x9fc017c0        0x8 d:/program files (x86)/microchip/xc32/v1.20/bin/../lib/gcc/pic32mx/4.5.2/../../../../pic32mx/lib/size\libpic32.a(vector46.o)
                0x9fc017c0                __vector_dispatch_46
                0x00000001                ASSERT (((_vector_spacing == 0x0) || (SIZEOF (.vector_46) <= (_vector_spacing << 0x5))), function at exception vector 46 too large)

.vector_47      0x9fc017e0        0x8
 *(.vector_47)
 .vector_47     0x9fc017e0        0x8 d:/program files (x86)/microchip/xc32/v1.20/bin/../lib/gcc/pic32mx/4.5.2/../../../../pic32mx/lib/size\libpic32.a(vector47.o)
                0x9fc017e0                __vector_dispatch_47
                0x00000001                ASSERT (((_vector_spacing == 0x0) || (SIZEOF (.vector_47) <= (_vector_spacing << 0x5))), function at exception vector 47 too large)

.vector_48      0x9fc01800        0x8
 *(.vector_48)
 .vector_48     0x9fc01800        0x8 d:/program files (x86)/microchip/xc32/v1.20/bin/../lib/gcc/pic32mx/4.5.2/../../../../pic32mx/lib/size\libpic32.a(vector48.o)
                0x9fc01800                __vector_dispatch_48
                0x00000001                ASSERT (((_vector_spacing == 0x0) || (SIZEOF (.vector_48) <= (_vector_spacing << 0x5))), function at exception vector 48 too large)

.vector_49      0x9fc01820        0x8
 *(.vector_49)
 .vector_49     0x9fc01820        0x8 d:/program files (x86)/microchip/xc32/v1.20/bin/../lib/gcc/pic32mx/4.5.2/../../../../pic32mx/lib/size\libpic32.a(vector49.o)
                0x9fc01820                __vector_dispatch_49
                0x00000001                ASSERT (((_vector_spacing == 0x0) || (SIZEOF (.vector_49) <= (_vector_spacing << 0x5))), function at exception vector 49 too large)

.vector_50      0x9fc01840        0x8
 *(.vector_50)
 .vector_50     0x9fc01840        0x8 d:/program files (x86)/microchip/xc32/v1.20/bin/../lib/gcc/pic32mx/4.5.2/../../../../pic32mx/lib/size\libpic32.a(vector50.o)
                0x9fc01840                __vector_dispatch_50
                0x00000001                ASSERT (((_vector_spacing == 0x0) || (SIZEOF (.vector_50) <= (_vector_spacing << 0x5))), function at exception vector 50 too large)

.vector_51      0x9fc01860        0x8
 *(.vector_51)
 .vector_51     0x9fc01860        0x8 d:/program files (x86)/microchip/xc32/v1.20/bin/../lib/gcc/pic32mx/4.5.2/../../../../pic32mx/lib/size\libpic32.a(vector51.o)
                0x9fc01860                __vector_dispatch_51
                0x00000001                ASSERT (((_vector_spacing == 0x0) || (SIZEOF (.vector_51) <= (_vector_spacing << 0x5))), function at exception vector 51 too large)

.vector_52      0x9fc01880        0x8
 *(.vector_52)
 .vector_52     0x9fc01880        0x8 d:/program files (x86)/microchip/xc32/v1.20/bin/../lib/gcc/pic32mx/4.5.2/../../../../pic32mx/lib/size\libpic32.a(vector52.o)
                0x9fc01880                __vector_dispatch_52
                0x00000001                ASSERT (((_vector_spacing == 0x0) || (SIZEOF (.vector_52) <= (_vector_spacing << 0x5))), function at exception vector 52 too large)

.vector_53      0x9fc018a0        0x8
 *(.vector_53)
 .vector_53     0x9fc018a0        0x8 d:/program files (x86)/microchip/xc32/v1.20/bin/../lib/gcc/pic32mx/4.5.2/../../../../pic32mx/lib/size\libpic32.a(vector53.o)
                0x9fc018a0                __vector_dispatch_53
                0x00000001                ASSERT (((_vector_spacing == 0x0) || (SIZEOF (.vector_53) <= (_vector_spacing << 0x5))), function at exception vector 53 too large)

.vector_54      0x9fc018c0        0x8
 *(.vector_54)
 .vector_54     0x9fc018c0        0x8 d:/program files (x86)/microchip/xc32/v1.20/bin/../lib/gcc/pic32mx/4.5.2/../../../../pic32mx/lib/size\libpic32.a(vector54.o)
                0x9fc018c0                __vector_dispatch_54
                0x00000001                ASSERT (((_vector_spacing == 0x0) || (SIZEOF (.vector_54) <= (_vector_spacing << 0x5))), function at exception vector 54 too large)

.vector_55      0x9fc018e0        0x8
 *(.vector_55)
 .vector_55     0x9fc018e0        0x8 d:/program files (x86)/microchip/xc32/v1.20/bin/../lib/gcc/pic32mx/4.5.2/../../../../pic32mx/lib/size\libpic32.a(vector55.o)
                0x9fc018e0                __vector_dispatch_55
                0x00000001                ASSERT (((_vector_spacing == 0x0) || (SIZEOF (.vector_55) <= (_vector_spacing << 0x5))), function at exception vector 55 too large)

.vector_56      0x9fc01900        0x8
 *(.vector_56)
 .vector_56     0x9fc01900        0x8 d:/program files (x86)/microchip/xc32/v1.20/bin/../lib/gcc/pic32mx/4.5.2/../../../../pic32mx/lib/size\libpic32.a(vector56.o)
                0x9fc01900                __vector_dispatch_56
                0x00000001                ASSERT (((_vector_spacing == 0x0) || (SIZEOF (.vector_56) <= (_vector_spacing << 0x5))), function at exception vector 56 too large)

.vector_57      0x9fc01920        0x8
 *(.vector_57)
 .vector_57     0x9fc01920        0x8 d:/program files (x86)/microchip/xc32/v1.20/bin/../lib/gcc/pic32mx/4.5.2/../../../../pic32mx/lib/size\libpic32.a(vector57.o)
                0x9fc01920                __vector_dispatch_57
                0x00000001                ASSERT (((_vector_spacing == 0x0) || (SIZEOF (.vector_57) <= (_vector_spacing << 0x5))), function at exception vector 57 too large)

.vector_58      0x9fc01940        0x8
 *(.vector_58)
 .vector_58     0x9fc01940        0x8 d:/program files (x86)/microchip/xc32/v1.20/bin/../lib/gcc/pic32mx/4.5.2/../../../../pic32mx/lib/size\libpic32.a(vector58.o)
                0x9fc01940                __vector_dispatch_58
                0x00000001                ASSERT (((_vector_spacing == 0x0) || (SIZEOF (.vector_58) <= (_vector_spacing << 0x5))), function at exception vector 58 too large)

.vector_59      0x9fc01960        0x8
 *(.vector_59)
 .vector_59     0x9fc01960        0x8 d:/program files (x86)/microchip/xc32/v1.20/bin/../lib/gcc/pic32mx/4.5.2/../../../../pic32mx/lib/size\libpic32.a(vector59.o)
                0x9fc01960                __vector_dispatch_59
                0x00000001                ASSERT (((_vector_spacing == 0x0) || (SIZEOF (.vector_59) <= (_vector_spacing << 0x5))), function at exception vector 59 too large)

.vector_60      0x9fc01980        0x8
 *(.vector_60)
 .vector_60     0x9fc01980        0x8 d:/program files (x86)/microchip/xc32/v1.20/bin/../lib/gcc/pic32mx/4.5.2/../../../../pic32mx/lib/size\libpic32.a(vector60.o)
                0x9fc01980                __vector_dispatch_60
                0x00000001                ASSERT (((_vector_spacing == 0x0) || (SIZEOF (.vector_60) <= (_vector_spacing << 0x5))), function at exception vector 60 too large)

.vector_61      0x9fc019a0        0x8
 *(.vector_61)
 .vector_61     0x9fc019a0        0x8 d:/program files (x86)/microchip/xc32/v1.20/bin/../lib/gcc/pic32mx/4.5.2/../../../../pic32mx/lib/size\libpic32.a(vector61.o)
                0x9fc019a0                __vector_dispatch_61
                0x00000001                ASSERT (((_vector_spacing == 0x0) || (SIZEOF (.vector_61) <= (_vector_spacing << 0x5))), function at exception vector 61 too large)

.vector_62      0x9fc019c0        0x8
 *(.vector_62)
 .vector_62     0x9fc019c0        0x8 d:/program files (x86)/microchip/xc32/v1.20/bin/../lib/gcc/pic32mx/4.5.2/../../../../pic32mx/lib/size\libpic32.a(vector62.o)
                0x9fc019c0                __vector_dispatch_62
                0x00000001                ASSERT (((_vector_spacing == 0x0) || (SIZEOF (.vector_62) <= (_vector_spacing << 0x5))), function at exception vector 62 too large)

.vector_63      0x9fc019e0        0x8
 *(.vector_63)
 .vector_63     0x9fc019e0        0x8 d:/program files (x86)/microchip/xc32/v1.20/bin/../lib/gcc/pic32mx/4.5.2/../../../../pic32mx/lib/size\libpic32.a(vector63.o)
                0x9fc019e0                __vector_dispatch_63
                0x00000001                ASSERT (((_vector_spacing == 0x0) || (SIZEOF (.vector_63) <= (_vector_spacing << 0x5))), function at exception vector 63 too large)

.startup
 *(.startup)

.text           0x9d000000        0x0
 *(.stub .gnu.linkonce.t.*)
 *(.text.*personality*)
 *(.mips16.fn.*)
 *(.mips16.call.*)
 *(.gnu.warning)
                0x9d000000                . = ALIGN (0x4)

.init           0x9d000000        0x0
 *crti.o(.init)
 *crtbegin.o(.init)
 *(EXCLUDE_FILE(*crtn.o *crtend?.o *crtend.o) .init)
 *crtend.o(.init)
 *crtn.o(.init)
                0x9d000000                . = ALIGN (0x4)

.fini           0x9d000000        0x0
 *(.fini)
                0x9d000000                . = ALIGN (0x4)

.preinit_array  0x9d000000        0x0
                0x9d000000                PROVIDE (__preinit_array_start, .)
 *(.preinit_array)
                0x9d000000                PROVIDE (__preinit_array_end, .)
                0x9d000000                . = ALIGN (0x4)

.init_array     0x9d000000        0x0
                0x9d000000                PROVIDE (__init_array_start, .)
 *(SORT(.init_array.*))
 *(.init_array)
                0x9d000000                PROVIDE (__init_array_end, .)
                0x9d000000                . = ALIGN (0x4)

.fini_array     0x9d000000        0x0
                0x9d000000                PROVIDE (__fini_array_start, .)
 *(SORT(.fini_array.*))
 *(.fini_array)
                0x9d000000                PROVIDE (__fini_array_end, .)
                0x9d000000                . = ALIGN (0x4)

.ctors          0x9d000000        0x0
 *crtbegin.o(.ctors)
 *crtbegin?.o(.ctors)
 *(EXCLUDE_FILE(*crtend?.o *crtend.o) .ctors)
 *(SORT(.ctors.*))
 *(.ctors)
                0x9d000000                . = ALIGN (0x4)

.dtors          0x9d000000        0x0
 *crtbegin.o(.dtors)
 *crtbegin?.o(.dtors)
 *(EXCLUDE_FILE(*crtend?.o *crtend.o) .dtors)
 *(SORT(.dtors.*))
 *(.dtors)
                0x9d000000                . = ALIGN (0x4)

.rodata         0x9d000000        0x0
 *(.gnu.linkonce.r.*)
 *(.rodata1)
                0x9d000000                . = ALIGN (0x4)

.sdata2         0x9fc00490        0x0
 *(.sdata2 .sdata2.* .gnu.linkonce.s2.*)
                0x9fc00490                . = ALIGN (0x4)

.sbss2          0x9fc00490        0x0
 *(.sbss2 .sbss2.* .gnu.linkonce.sb2.*)
                0x9fc00490                . = ALIGN (0x4)

.eh_frame_hdr
 *(.eh_frame_hdr)
                0x9fc00490                . = ALIGN (0x4)

.eh_frame
 *(.eh_frame)
                0x9fc00490                . = ALIGN (0x4)

.gcc_except_table
 *(.gcc_except_table .gcc_except_table.*)
                0x9fc00490                . = ALIGN (0x4)

.dbg_data       0xa0000000        0x0
                0xa0000000                . = (. + DEFINED (_DEBUGGER)?0x200:0x0)

.jcr            0xa0000000        0x0
 *(.jcr)
                0xa0000000                . = ALIGN (0x4)

.eh_frame       0xa0000000       0x30
 *(.eh_frame)
 .eh_frame      0xa0000000       0x20 d:/program files (x86)/microchip/xc32/v1.20/bin/../lib/gcc/pic32mx/4.5.2/size\libgcc.a(_udivdi3.o)
 .eh_frame      0xa0000020       0x10 d:/program files (x86)/microchip/xc32/v1.20/bin/../lib/gcc/pic32mx/4.5.2/size\libgcc.a(_umoddi3.o)
                0xa0000030                . = ALIGN (0x4)

.gcc_except_table
 *(.gcc_except_table .gcc_except_table.*)
                0xa0000030                . = ALIGN (0x4)

.persist        0xa0000030        0x8
                0xa0000030                _persist_begin = .
 *(.persist .persist.*)
 *(.pbss .pbss.*)
 .pbss          0xa0000030        0x4 Obj-XC32-EX16_ENC28\DNS.o
 .pbss          0xa0000034        0x2 Obj-XC32-EX16_ENC28\TCP.o
 .pbss          0xa0000036        0x2 Obj-XC32-EX16_ENC28\UDP.o
                0xa0000038                . = ALIGN (0x4)
                0xa0000038                _persist_end = .

.data           0xa0000038        0x0
 *(.gnu.linkonce.d.*)
 *(.data1)
                0xa0000038                . = ALIGN (0x4)
                0xa0000038                . = .
                0xa0008030                _gp = (ALIGN (0x10) + 0x7ff0)

.got            0xa0000038        0x0
 *(.got.plt)
 *(.got)
                0xa0000038                . = ALIGN (0x4)

.sdata          0xa0000038       0x24
                0xa0000038                _sdata_begin = .
 *(.sdata .sdata.* .gnu.linkonce.s.*)
 .sdata         0xa0000038        0xc Obj-XC32-EX16_ENC28\DHCPs.o
                0xa000003c                bDHCPServerEnabled
 .sdata         0xa0000044        0x8 Obj-XC32-EX16_ENC28\DNS.o
 .sdata         0xa000004c        0x4 Obj-XC32-EX16_ENC28\Helpers.o
 .sdata         0xa0000050        0x1 Obj-XC32-EX16_ENC28\Reboot.o
 .sdata         0xa0000051        0x1 Obj-XC32-EX16_ENC28\SNTP.o
 .sdata         0xa0000052        0x2 Obj-XC32-EX16_ENC28\TCP.o
 .sdata         0xa0000054        0x2 Obj-XC32-EX16_ENC28\TCPPerformanceTest.o
 .sdata         0xa0000056        0x2 Obj-XC32-EX16_ENC28\UDP.o
 .sdata         0xa0000058        0x4 Obj-XC32-EX16_ENC28\MainDemo.o
                0xa0000058                __C30_UART
                0xa000005c                . = ALIGN (0x4)
                0xa000005c                _sdata_end = .

.lit8
 *(.lit8)

.lit4
 *(.lit4)
                0xa000005c                . = ALIGN (0x4)
                0xa000005c                _data_end = .
                0xa000005c                _bss_begin = .

.sbss           0xa000005c       0xe8
                0xa000005c                _sbss_begin = .
 *(.dynsbss)
 *(.sbss .sbss.* .gnu.linkonce.sb.*)
 .sbss          0xa000005c        0x8 Obj-XC32-EX16_ENC28\Announce.o
 .sbss          0xa0000064        0x4 Obj-XC32-EX16_ENC28\ARP.o
 .sbss          0xa0000068        0x4 Obj-XC32-EX16_ENC28\DHCP.o
                0xa0000068                DHCPClientInitializedOnce
 .sbss          0xa000006c        0xc Obj-XC32-EX16_ENC28\DHCPs.o
 .sbss          0xa0000078       0x14 Obj-XC32-EX16_ENC28\DNS.o
 .sbss          0xa000008c       0x10 Obj-XC32-EX16_ENC28\ENC28J60.o
 .sbss          0xa000009c       0x10 Obj-XC32-EX16_ENC28\ICMP.o
 .sbss          0xa00000ac        0x4 Obj-XC32-EX16_ENC28\IP.o
 .sbss          0xa00000b0        0x8 Obj-XC32-EX16_ENC28\MPFS2.o
 .sbss          0xa00000b8        0x8 Obj-XC32-EX16_ENC28\NBNS.o
 .sbss          0xa00000c0       0x10 Obj-XC32-EX16_ENC28\SNTP.o
 .sbss          0xa00000d0        0x8 Obj-XC32-EX16_ENC28\SPIEEPROM.o
 .sbss          0xa00000d8        0xc Obj-XC32-EX16_ENC28\StackTsk.o
 .sbss          0xa00000e4       0x14 Obj-XC32-EX16_ENC28\TCPPerformanceTest.o
 .sbss          0xa00000f8       0x10 Obj-XC32-EX16_ENC28\Tick.o
 .sbss          0xa0000108        0x8 Obj-XC32-EX16_ENC28\UDP.o
 .sbss          0xa0000110        0x8 Obj-XC32-EX16_ENC28\CustomHTTPApp.o
 .sbss          0xa0000118        0xc Obj-XC32-EX16_ENC28\MainDemo.o
 .sbss          0xa0000124        0x8 Obj-XC32-EX16_ENC28\PingDemo.o
 *(.scommon)
 .scommon       0xa000012c        0x1 Obj-XC32-EX16_ENC28\HTTP2.o
                0xa000012c                curHTTPID
 *fill*         0xa000012d        0x3 00
 .scommon       0xa0000130        0x4 Obj-XC32-EX16_ENC28\MPFS2.o
                0xa0000130                lastRead
 .scommon       0xa0000134        0x6 Obj-XC32-EX16_ENC28\UDP.o
                0xa0000134                activeUDPSocket
                0xa0000136                UDPTxCount
                0xa0000138                UDPRxCount
 *fill*         0xa000013a        0x2 00
 .scommon       0xa000013c        0x8 Obj-XC32-EX16_ENC28\MainDemo.o
                0xa000013c                AN0String
                0xa0000144                _sbss_end = .
                0xa0000144                . = ALIGN (0x4)

.bss            0xa0000144      0x258
 *(.dynbss)
 *(COMMON)
 COMMON         0xa0000144       0x78 Obj-XC32-EX16_ENC28\DHCPs.o
                0xa0000144                DhcpIpPool
 COMMON         0xa00001bc       0x9c Obj-XC32-EX16_ENC28\HTTP2.o
                0xa00001bc                curHTTP
                0xa0000248                httpStubs
 COMMON         0xa0000258       0x21 Obj-XC32-EX16_ENC28\LCDBlocking.o
                0xa0000258                LCDText
 *fill*         0xa0000279        0x3 00
 COMMON         0xa000027c        0xa Obj-XC32-EX16_ENC28\StackTsk.o
                0xa000027c                remoteNode
 *fill*         0xa0000286        0x2 00
 COMMON         0xa0000288       0xe0 Obj-XC32-EX16_ENC28\UDP.o
                0xa0000288                UDPSocketInfo
 COMMON         0xa0000368       0x33 Obj-XC32-EX16_ENC28\MainDemo.o
                0xa0000368                AppConfig
                0xa000039c                . = ALIGN ((. != 0x0)?0x4:0x1)
 *fill*         0xa000039b        0x1 00
                0xa000039c                . = ALIGN (0x4)
                0xa000039c                _end = .
                0xa000039c                _bss_end = .
                0x00020000                _bmxdudba_address = 0x20000
                0x00020000                _bmxdupba_address = 0x20000

/DISCARD/
 *(.pdr)
 *(.rel.dyn)
 *(.note.GNU-stack)
 *(.note.GNU-stack)
 *(.gnu_debuglink)
 *(.gnu.lto_*)
 *(.discard)

.gptab.sdata
 *(.gptab.data)
 *(.gptab.sdata)

.gptab.sbss
 *(.gptab.bss)
 *(.gptab.sbss)

.mdebug.abi32   0xa000039c        0x0
 *(.mdebug.abi32)
 .mdebug.abi32  0xa000039c        0x0 Obj-XC32-EX16_ENC28\Announce.o
 .mdebug.abi32  0xa000039c        0x0 Obj-XC32-EX16_ENC28\ARCFOUR.o
 .mdebug.abi32  0xa000039c        0x0 Obj-XC32-EX16_ENC28\ARP.o
 .mdebug.abi32  0xa000039c        0x0 Obj-XC32-EX16_ENC28\AutoIP.o
 .mdebug.abi32  0xa000039c        0x0 Obj-XC32-EX16_ENC28\BerkeleyAPI.o
 .mdebug.abi32  0xa000039c        0x0 Obj-XC32-EX16_ENC28\BigInt.o
 .mdebug.abi32  0xa000039c        0x0 Obj-XC32-EX16_ENC28\Delay.o
 .mdebug.abi32  0xa000039c        0x0 Obj-XC32-EX16_ENC28\DHCP.o
 .mdebug.abi32  0xa000039c        0x0 Obj-XC32-EX16_ENC28\DHCPs.o
 .mdebug.abi32  0xa000039c        0x0 Obj-XC32-EX16_ENC28\DNS.o
 .mdebug.abi32  0xa000039c        0x0 Obj-XC32-EX16_ENC28\DNSs.o
 .mdebug.abi32  0xa000039c        0x0 Obj-XC32-EX16_ENC28\DynDNS.o
 .mdebug.abi32  0xa000039c        0x0 Obj-XC32-EX16_ENC28\ENC28J60.o
 .mdebug.abi32  0xa000039c        0x0 Obj-XC32-EX16_ENC28\ENCX24J600.o
 .mdebug.abi32  0xa000039c        0x0 Obj-XC32-EX16_ENC28\FileSystem.o
 .mdebug.abi32  0xa000039c        0x0 Obj-XC32-EX16_ENC28\FTP.o
 .mdebug.abi32  0xa000039c        0x0 Obj-XC32-EX16_ENC28\Hashes.o
 .mdebug.abi32  0xa000039c        0x0 Obj-XC32-EX16_ENC28\Helpers.o
 .mdebug.abi32  0xa000039c        0x0 Obj-XC32-EX16_ENC28\HTTP2.o
 .mdebug.abi32  0xa000039c        0x0 Obj-XC32-EX16_ENC28\ICMP.o
 .mdebug.abi32  0xa000039c        0x0 Obj-XC32-EX16_ENC28\IP.o
 .mdebug.abi32  0xa000039c        0x0 Obj-XC32-EX16_ENC28\LCDBlocking.o
 .mdebug.abi32  0xa000039c        0x0 Obj-XC32-EX16_ENC28\MPFS2.o
 .mdebug.abi32  0xa000039c        0x0 Obj-XC32-EX16_ENC28\NBNS.o
 .mdebug.abi32  0xa000039c        0x0 Obj-XC32-EX16_ENC28\Random.o
 .mdebug.abi32  0xa000039c        0x0 Obj-XC32-EX16_ENC28\Reboot.o
 .mdebug.abi32  0xa000039c        0x0 Obj-XC32-EX16_ENC28\RSA.o
 .mdebug.abi32  0xa000039c        0x0 Obj-XC32-EX16_ENC28\SMTP.o
 .mdebug.abi32  0xa000039c        0x0 Obj-XC32-EX16_ENC28\SNMP.o
 .mdebug.abi32  0xa000039c        0x0 Obj-XC32-EX16_ENC28\SNMPv3.o
 .mdebug.abi32  0xa000039c        0x0 Obj-XC32-EX16_ENC28\SNMPv3USM.o
 .mdebug.abi32  0xa000039c        0x0 Obj-XC32-EX16_ENC28\SNTP.o
 .mdebug.abi32  0xa000039c        0x0 Obj-XC32-EX16_ENC28\SPIEEPROM.o
 .mdebug.abi32  0xa000039c        0x0 Obj-XC32-EX16_ENC28\SPIFlash.o
 .mdebug.abi32  0xa000039c        0x0 Obj-XC32-EX16_ENC28\SPIRAM.o
 .mdebug.abi32  0xa000039c        0x0 Obj-XC32-EX16_ENC28\SSL.o
 .mdebug.abi32  0xa000039c        0x0 Obj-XC32-EX16_ENC28\StackTsk.o
 .mdebug.abi32  0xa000039c        0x0 Obj-XC32-EX16_ENC28\TCP.o
 .mdebug.abi32  0xa000039c        0x0 Obj-XC32-EX16_ENC28\TCPPerformanceTest.o
 .mdebug.abi32  0xa000039c        0x0 Obj-XC32-EX16_ENC28\Telnet.o
 .mdebug.abi32  0xa000039c        0x0 Obj-XC32-EX16_ENC28\TFTPc.o
 .mdebug.abi32  0xa000039c        0x0 Obj-XC32-EX16_ENC28\Tick.o
 .mdebug.abi32  0xa000039c        0x0 Obj-XC32-EX16_ENC28\UART2TCPBridge.o
 .mdebug.abi32  0xa000039c        0x0 Obj-XC32-EX16_ENC28\UART.o
 .mdebug.abi32  0xa000039c        0x0 Obj-XC32-EX16_ENC28\UDP.o
 .mdebug.abi32  0xa000039c        0x0 Obj-XC32-EX16_ENC28\UDPPerformanceTest.o
 .mdebug.abi32  0xa000039c        0x0 Obj-XC32-EX16_ENC28\ZeroconfHelper.o
 .mdebug.abi32  0xa000039c        0x0 Obj-XC32-EX16_ENC28\ZeroconfLinkLocal.o
 .mdebug.abi32  0xa000039c        0x0 Obj-XC32-EX16_ENC28\ZeroconfMulticastDNS.o
 .mdebug.abi32  0xa000039c        0x0 Obj-XC32-EX16_ENC28\CustomHTTPApp.o
 .mdebug.abi32  0xa000039c        0x0 Obj-XC32-EX16_ENC28\CustomSNMPApp.o
 .mdebug.abi32  0xa000039c        0x0 Obj-XC32-EX16_ENC28\CustomSSLCert.o
 .mdebug.abi32  0xa000039c        0x0 Obj-XC32-EX16_ENC28\MainDemo.o
 .mdebug.abi32  0xa000039c        0x0 Obj-XC32-EX16_ENC28\BerkeleyTCPClientDemo.o
 .mdebug.abi32  0xa000039c        0x0 Obj-XC32-EX16_ENC28\BerkeleyTCPServerDemo.o
 .mdebug.abi32  0xa000039c        0x0 Obj-XC32-EX16_ENC28\BerkeleyUDPClientDemo.o
 .mdebug.abi32  0xa000039c        0x0 Obj-XC32-EX16_ENC28\GenericTCPClient.o
 .mdebug.abi32  0xa000039c        0x0 Obj-XC32-EX16_ENC28\GenericTCPServer.o
 .mdebug.abi32  0xa000039c        0x0 Obj-XC32-EX16_ENC28\PingDemo.o
 .mdebug.abi32  0xa000039c        0x0 Obj-XC32-EX16_ENC28\SMTPDemo.o
 .mdebug.abi32  0xa000039c        0x0 Obj-XC32-EX16_ENC28\UARTConfig.o
 .mdebug.abi32  0xa000039c        0x0 Obj-XC32-EX16_ENC28\MPFSImg2.o
 .mdebug.abi32  0xa000039c        0x0 d:/program files (x86)/microchip/xc32/v1.20/bin/../lib/gcc/pic32mx/4.5.2/../../../../pic32mx/lib/size\libmchp_peripheral_32MX795F512L.a(soft_reset_lib.o)
 .mdebug.abi32  0xa000039c        0x0 d:/program files (x86)/microchip/xc32/v1.20/bin/../lib/gcc/pic32mx/4.5.2/../../../../pic32mx/lib/size\libmchp_peripheral_32MX795F512L.a(pcache.o)
 .mdebug.abi32  0xa000039c        0x0 d:/program files (x86)/microchip/xc32/v1.20/bin/../lib/gcc/pic32mx/4.5.2/../../../../pic32mx/lib/size\libmchp_peripheral_32MX795F512L.a(int_disable_interrupts_lib.o)
 .mdebug.abi32  0xa000039c        0x0 d:/program files (x86)/microchip/xc32/v1.20/bin/../lib/gcc/pic32mx/4.5.2/../../../../pic32mx/lib/size\libmchp_peripheral_32MX795F512L.a(int_restore_interrupts_lib.o)
 .mdebug.abi32  0xa000039c        0x0 d:/program files (x86)/microchip/xc32/v1.20/bin/../lib/gcc/pic32mx/4.5.2/../../../../pic32mx/lib/size\libmchp_peripheral_32MX795F512L.a(int_enable_mv_int_lib.o)
 .mdebug.abi32  0xa000039c        0x0 d:/program files (x86)/microchip/xc32/v1.20/bin/../lib/gcc/pic32mx/4.5.2/../../../../pic32mx/lib/size\libmchp_peripheral_32MX795F512L.a(puts_uartx_lib_legacy.o)
 .mdebug.abi32  0xa000039c        0x0 d:/program files (x86)/microchip/xc32/v1.20/bin/../lib/gcc/pic32mx/4.5.2/../../../../pic32mx/lib/size\libmchp_peripheral_32MX795F512L.a(int_enable_interrupts_lib.o)
 .mdebug.abi32  0xa000039c        0x0 d:/program files (x86)/microchip/xc32/v1.20/bin/../lib/gcc/pic32mx/4.5.2/size\libgcc.a(_udivdi3.o)
 .mdebug.abi32  0xa000039c        0x0 d:/program files (x86)/microchip/xc32/v1.20/bin/../lib/gcc/pic32mx/4.5.2/size\libgcc.a(_umoddi3.o)
 .mdebug.abi32  0xa000039c        0x0 d:/program files (x86)/microchip/xc32/v1.20/bin/../lib/gcc/pic32mx/4.5.2/../../../../pic32mx/lib/size\libpic32.a(default-bootstrap-exception-handler.o)
 .mdebug.abi32  0xa000039c        0x0 d:/program files (x86)/microchip/xc32/v1.20/bin/../lib/gcc/pic32mx/4.5.2/../../../../pic32mx/lib/size\libpic32.a(default-on-reset.o)
 .mdebug.abi32  0xa000039c        0x0 d:/program files (x86)/microchip/xc32/v1.20/bin/../lib/gcc/pic32mx/4.5.2/../../../../pic32mx/lib/size\libpic32.a(default-on-bootstrap.o)
 .mdebug.abi32  0xa000039c        0x0 d:/program files (x86)/microchip/xc32/v1.20/bin/../lib/gcc/pic32mx/4.5.2/../../../../pic32mx/lib/size\libpic32.a(defaultinterrupt.o)
 .mdebug.abi32  0xa000039c        0x0 d:/program files (x86)/microchip/xc32/v1.20/bin/../lib/gcc/pic32mx/4.5.2/../../../../pic32mx/lib/size\libc.a(atoi.o)
 .mdebug.abi32  0xa000039c        0x0 d:/program files (x86)/microchip/xc32/v1.20/bin/../lib/gcc/pic32mx/4.5.2/../../../../pic32mx/lib/size\libc.a(atol.o)
 .mdebug.abi32  0xa000039c        0x0 d:/program files (x86)/microchip/xc32/v1.20/bin/../lib/gcc/pic32mx/4.5.2/../../../../pic32mx/lib/size\libc.a(ctype.o)
 .mdebug.abi32  0xa000039c        0x0 d:/program files (x86)/microchip/xc32/v1.20/bin/../lib/gcc/pic32mx/4.5.2/../../../../pic32mx/lib/size\libc.a(ltoa.o)
 .mdebug.abi32  0xa000039c        0x0 d:/program files (x86)/microchip/xc32/v1.20/bin/../lib/gcc/pic32mx/4.5.2/../../../../pic32mx/lib/size\libc.a(strncpy.o)

.mdebug.abiN32
 *(.mdebug.abiN32)

.mdebug.abi64
 *(.mdebug.abi64)

.mdebug.abiO64
 *(.mdebug.abiO64)

.mdebug.eabi32
 *(.mdebug.eabi32)

.mdebug.eabi64
 *(.mdebug.eabi64)

.gcc_compiled_long32
 *(.gcc_compiled_long32)

.gcc_compiled_long64
 *(.gcc_compiled_long64)

.stab
 *(.stab)

.stabstr
 *(.stabstr)

.stab.excl
 *(.stab.excl)

.stab.exclstr
 *(.stab.exclstr)

.stab.index
 *(.stab.index)

.stab.indexstr
 *(.stab.indexstr)

.comment        0x00000000      0x141
 *(.comment)
 .comment       0x00000000       0x3c Obj-XC32-EX16_ENC28\Announce.o
                                 0x3d (size before relaxing)
 .comment       0x00000000       0x3d Obj-XC32-EX16_ENC28\ARCFOUR.o
 .comment       0x00000000       0x3d Obj-XC32-EX16_ENC28\ARP.o
 .comment       0x00000000       0x3d Obj-XC32-EX16_ENC28\AutoIP.o
 .comment       0x00000000       0x3d Obj-XC32-EX16_ENC28\BerkeleyAPI.o
 .comment       0x00000000       0x3d Obj-XC32-EX16_ENC28\BigInt.o
 .comment       0x00000000       0x3d Obj-XC32-EX16_ENC28\Delay.o
 .comment       0x00000000       0x3d Obj-XC32-EX16_ENC28\DHCP.o
 .comment       0x00000000       0x3d Obj-XC32-EX16_ENC28\DHCPs.o
 .comment       0x00000000       0x3d Obj-XC32-EX16_ENC28\DNS.o
 .comment       0x00000000       0x3d Obj-XC32-EX16_ENC28\DNSs.o
 .comment       0x00000000       0x3d Obj-XC32-EX16_ENC28\DynDNS.o
 .comment       0x00000000       0x3d Obj-XC32-EX16_ENC28\ENC28J60.o
 .comment       0x00000000       0x3d Obj-XC32-EX16_ENC28\ENCX24J600.o
 .comment       0x00000000       0x3d Obj-XC32-EX16_ENC28\FileSystem.o
 .comment       0x00000000       0x3d Obj-XC32-EX16_ENC28\FTP.o
 .comment       0x00000000       0x3d Obj-XC32-EX16_ENC28\Hashes.o
 .comment       0x00000000       0x3d Obj-XC32-EX16_ENC28\Helpers.o
 .comment       0x00000000       0x3d Obj-XC32-EX16_ENC28\HTTP2.o
 .comment       0x00000000       0x3d Obj-XC32-EX16_ENC28\ICMP.o
 .comment       0x00000000       0x3d Obj-XC32-EX16_ENC28\IP.o
 .comment       0x00000000       0x3d Obj-XC32-EX16_ENC28\LCDBlocking.o
 .comment       0x00000000       0x3d Obj-XC32-EX16_ENC28\MPFS2.o
 .comment       0x00000000       0x3d Obj-XC32-EX16_ENC28\NBNS.o
 .comment       0x00000000       0x3d Obj-XC32-EX16_ENC28\Random.o
 .comment       0x00000000       0x3d Obj-XC32-EX16_ENC28\Reboot.o
 .comment       0x00000000       0x3d Obj-XC32-EX16_ENC28\RSA.o
 .comment       0x00000000       0x3d Obj-XC32-EX16_ENC28\SMTP.o
 .comment       0x00000000       0x3d Obj-XC32-EX16_ENC28\SNMP.o
 .comment       0x00000000       0x3d Obj-XC32-EX16_ENC28\SNMPv3.o
 .comment       0x00000000       0x3d Obj-XC32-EX16_ENC28\SNMPv3USM.o
 .comment       0x00000000       0x3d Obj-XC32-EX16_ENC28\SNTP.o
 .comment       0x00000000       0x3d Obj-XC32-EX16_ENC28\SPIEEPROM.o
 .comment       0x00000000       0x3d Obj-XC32-EX16_ENC28\SPIFlash.o
 .comment       0x00000000       0x3d Obj-XC32-EX16_ENC28\SPIRAM.o
 .comment       0x00000000       0x3d Obj-XC32-EX16_ENC28\SSL.o
 .comment       0x00000000       0x3d Obj-XC32-EX16_ENC28\StackTsk.o
 .comment       0x00000000       0x3d Obj-XC32-EX16_ENC28\TCP.o
 .comment       0x00000000       0x3d Obj-XC32-EX16_ENC28\TCPPerformanceTest.o
 .comment       0x00000000       0x3d Obj-XC32-EX16_ENC28\Telnet.o
 .comment       0x00000000       0x3d Obj-XC32-EX16_ENC28\TFTPc.o
 .comment       0x00000000       0x3d Obj-XC32-EX16_ENC28\Tick.o
 .comment       0x00000000       0x3d Obj-XC32-EX16_ENC28\UART2TCPBridge.o
 .comment       0x00000000       0x3d Obj-XC32-EX16_ENC28\UART.o
 .comment       0x00000000       0x3d Obj-XC32-EX16_ENC28\UDP.o
 .comment       0x00000000       0x3d Obj-XC32-EX16_ENC28\UDPPerformanceTest.o
 .comment       0x00000000       0x3d Obj-XC32-EX16_ENC28\ZeroconfHelper.o
 .comment       0x00000000       0x3d Obj-XC32-EX16_ENC28\ZeroconfLinkLocal.o
 .comment       0x00000000       0x3d Obj-XC32-EX16_ENC28\ZeroconfMulticastDNS.o
 .comment       0x00000000       0x3d Obj-XC32-EX16_ENC28\CustomHTTPApp.o
 .comment       0x00000000       0x3d Obj-XC32-EX16_ENC28\CustomSNMPApp.o
 .comment       0x00000000       0x3d Obj-XC32-EX16_ENC28\CustomSSLCert.o
 .comment       0x00000000       0x3d Obj-XC32-EX16_ENC28\MainDemo.o
 .comment       0x00000000       0x3d Obj-XC32-EX16_ENC28\BerkeleyTCPClientDemo.o
 .comment       0x00000000       0x3d Obj-XC32-EX16_ENC28\BerkeleyTCPServerDemo.o
 .comment       0x00000000       0x3d Obj-XC32-EX16_ENC28\BerkeleyUDPClientDemo.o
 .comment       0x00000000       0x3d Obj-XC32-EX16_ENC28\GenericTCPClient.o
 .comment       0x00000000       0x3d Obj-XC32-EX16_ENC28\GenericTCPServer.o
 .comment       0x00000000       0x3d Obj-XC32-EX16_ENC28\PingDemo.o
 .comment       0x00000000       0x3d Obj-XC32-EX16_ENC28\SMTPDemo.o
 .comment       0x00000000       0x3d Obj-XC32-EX16_ENC28\UARTConfig.o
 .comment       0x00000000       0x3d Obj-XC32-EX16_ENC28\MPFSImg2.o
 .comment       0x00000000       0x3d d:/program files (x86)/microchip/xc32/v1.20/bin/../lib/gcc/pic32mx/4.5.2/../../../../pic32mx/lib/size\libmchp_peripheral_32MX795F512L.a(soft_reset_lib.o)
 .comment       0x00000000       0x3d d:/program files (x86)/microchip/xc32/v1.20/bin/../lib/gcc/pic32mx/4.5.2/../../../../pic32mx/lib/size\libmchp_peripheral_32MX795F512L.a(pcache.o)
 .comment       0x00000000       0x3d d:/program files (x86)/microchip/xc32/v1.20/bin/../lib/gcc/pic32mx/4.5.2/../../../../pic32mx/lib/size\libmchp_peripheral_32MX795F512L.a(int_disable_interrupts_lib.o)
 .comment       0x00000000       0x3d d:/program files (x86)/microchip/xc32/v1.20/bin/../lib/gcc/pic32mx/4.5.2/../../../../pic32mx/lib/size\libmchp_peripheral_32MX795F512L.a(int_restore_interrupts_lib.o)
 .comment       0x00000000       0x3d d:/program files (x86)/microchip/xc32/v1.20/bin/../lib/gcc/pic32mx/4.5.2/../../../../pic32mx/lib/size\libmchp_peripheral_32MX795F512L.a(int_enable_mv_int_lib.o)
 .comment       0x00000000       0x3d d:/program files (x86)/microchip/xc32/v1.20/bin/../lib/gcc/pic32mx/4.5.2/../../../../pic32mx/lib/size\libmchp_peripheral_32MX795F512L.a(puts_uartx_lib_legacy.o)
 .comment       0x00000000       0x3d d:/program files (x86)/microchip/xc32/v1.20/bin/../lib/gcc/pic32mx/4.5.2/../../../../pic32mx/lib/size\libmchp_peripheral_32MX795F512L.a(int_enable_interrupts_lib.o)
 .comment       0x00000000       0x3d d:/program files (x86)/microchip/xc32/v1.20/bin/../lib/gcc/pic32mx/4.5.2/size\libgcc.a(_udivdi3.o)
 .comment       0x00000000       0x3d d:/program files (x86)/microchip/xc32/v1.20/bin/../lib/gcc/pic32mx/4.5.2/size\libgcc.a(_umoddi3.o)
 .comment       0x0000003c       0x18 d:/program files (x86)/microchip/xc32/v1.20/bin/../lib/gcc/pic32mx/4.5.2/../../../../pic32mx/lib/size\libpic32.a(memcmp.o)
                                 0x19 (size before relaxing)
 .comment       0x00000054       0x18 d:/program files (x86)/microchip/xc32/v1.20/bin/../lib/gcc/pic32mx/4.5.2/../../../../pic32mx/lib/size\libpic32.a(memset.o)
                                 0x19 (size before relaxing)
 .comment       0x0000006c       0x55 d:/program files (x86)/microchip/xc32/v1.20/bin/../lib/gcc/pic32mx/4.5.2/../../../../pic32mx/lib/size\libpic32.a(strcmp.o)
                                 0x56 (size before relaxing)
 .comment       0x000000c1       0x19 d:/program files (x86)/microchip/xc32/v1.20/bin/../lib/gcc/pic32mx/4.5.2/../../../../pic32mx/lib/size\libpic32.a(strcpy.o)
                                 0x1a (size before relaxing)
 .comment       0x000000da       0x19 d:/program files (x86)/microchip/xc32/v1.20/bin/../lib/gcc/pic32mx/4.5.2/../../../../pic32mx/lib/size\libpic32.a(strlen.o)
                                 0x1a (size before relaxing)
 .comment       0x00000000       0x3d d:/program files (x86)/microchip/xc32/v1.20/bin/../lib/gcc/pic32mx/4.5.2/../../../../pic32mx/lib/size\libpic32.a(default-bootstrap-exception-handler.o)
 .comment       0x00000000       0x3d d:/program files (x86)/microchip/xc32/v1.20/bin/../lib/gcc/pic32mx/4.5.2/../../../../pic32mx/lib/size\libpic32.a(default-on-reset.o)
 .comment       0x00000000       0x3d d:/program files (x86)/microchip/xc32/v1.20/bin/../lib/gcc/pic32mx/4.5.2/../../../../pic32mx/lib/size\libpic32.a(default-on-bootstrap.o)
 .comment       0x00000000       0x3d d:/program files (x86)/microchip/xc32/v1.20/bin/../lib/gcc/pic32mx/4.5.2/../../../../pic32mx/lib/size\libpic32.a(defaultinterrupt.o)
 .comment       0x00000000       0x3d d:/program files (x86)/microchip/xc32/v1.20/bin/../lib/gcc/pic32mx/4.5.2/../../../../pic32mx/lib/size\libc.a(atoi.o)
 .comment       0x00000000       0x3d d:/program files (x86)/microchip/xc32/v1.20/bin/../lib/gcc/pic32mx/4.5.2/../../../../pic32mx/lib/size\libc.a(atol.o)
 .comment       0x000000f3       0x4e d:/program files (x86)/microchip/xc32/v1.20/bin/../lib/gcc/pic32mx/4.5.2/../../../../pic32mx/lib/size\libc.a(ctype.o)
                                 0x8b (size before relaxing)
 .comment       0x00000000       0x3d d:/program files (x86)/microchip/xc32/v1.20/bin/../lib/gcc/pic32mx/4.5.2/../../../../pic32mx/lib/size\libc.a(ltoa.o)
 .comment       0x00000000       0x3d d:/program files (x86)/microchip/xc32/v1.20/bin/../lib/gcc/pic32mx/4.5.2/../../../../pic32mx/lib/size\libc.a(strncpy.o)

.debug
 *(.debug)

.line
 *(.line)

.debug_srcinfo
 *(.debug_srcinfo)

.debug_sfnames
 *(.debug_sfnames)

.debug_aranges  0x00000000      0x598
 *(.debug_aranges)
 .debug_aranges
                0x00000000       0x20 Obj-XC32-EX16_ENC28\Announce.o
 .debug_aranges
                0x00000020       0x20 Obj-XC32-EX16_ENC28\ARP.o
 .debug_aranges
                0x00000040       0x20 Obj-XC32-EX16_ENC28\Delay.o
 .debug_aranges
                0x00000060       0x20 Obj-XC32-EX16_ENC28\DHCP.o
 .debug_aranges
                0x00000080       0x20 Obj-XC32-EX16_ENC28\DHCPs.o
 .debug_aranges
                0x000000a0       0x20 Obj-XC32-EX16_ENC28\DNS.o
 .debug_aranges
                0x000000c0       0x20 Obj-XC32-EX16_ENC28\ENC28J60.o
 .debug_aranges
                0x000000e0       0x20 Obj-XC32-EX16_ENC28\Helpers.o
 .debug_aranges
                0x00000100       0x20 Obj-XC32-EX16_ENC28\HTTP2.o
 .debug_aranges
                0x00000120       0x20 Obj-XC32-EX16_ENC28\ICMP.o
 .debug_aranges
                0x00000140       0x20 Obj-XC32-EX16_ENC28\IP.o
 .debug_aranges
                0x00000160       0x20 Obj-XC32-EX16_ENC28\LCDBlocking.o
 .debug_aranges
                0x00000180       0x20 Obj-XC32-EX16_ENC28\MPFS2.o
 .debug_aranges
                0x000001a0       0x20 Obj-XC32-EX16_ENC28\NBNS.o
 .debug_aranges
                0x000001c0       0x20 Obj-XC32-EX16_ENC28\Reboot.o
 .debug_aranges
                0x000001e0       0x20 Obj-XC32-EX16_ENC28\SNTP.o
 .debug_aranges
                0x00000200       0x20 Obj-XC32-EX16_ENC28\SPIEEPROM.o
 .debug_aranges
                0x00000220       0x20 Obj-XC32-EX16_ENC28\StackTsk.o
 .debug_aranges
                0x00000240       0x20 Obj-XC32-EX16_ENC28\TCP.o
 .debug_aranges
                0x00000260       0x20 Obj-XC32-EX16_ENC28\TCPPerformanceTest.o
 .debug_aranges
                0x00000280       0x20 Obj-XC32-EX16_ENC28\Tick.o
 .debug_aranges
                0x000002a0       0x20 Obj-XC32-EX16_ENC28\UART.o
 .debug_aranges
                0x000002c0       0x20 Obj-XC32-EX16_ENC28\UDP.o
 .debug_aranges
                0x000002e0       0x20 Obj-XC32-EX16_ENC28\CustomHTTPApp.o
 .debug_aranges
                0x00000300       0x20 Obj-XC32-EX16_ENC28\MainDemo.o
 .debug_aranges
                0x00000320       0x20 Obj-XC32-EX16_ENC28\PingDemo.o
 .debug_aranges
                0x00000340       0x20 Obj-XC32-EX16_ENC28\UARTConfig.o
 .debug_aranges
                0x00000360       0x20 d:/program files (x86)/microchip/xc32/v1.20/bin/../lib/gcc/pic32mx/4.5.2/../../../../pic32mx/lib/size\libmchp_peripheral_32MX795F512L.a(soft_reset_lib.o)
 .debug_aranges
                0x00000380       0x28 d:/program files (x86)/microchip/xc32/v1.20/bin/../lib/gcc/pic32mx/4.5.2/../../../../pic32mx/lib/size\libmchp_peripheral_32MX795F512L.a(pcache.o)
 .debug_aranges
                0x000003a8       0x20 d:/program files (x86)/microchip/xc32/v1.20/bin/../lib/gcc/pic32mx/4.5.2/../../../../pic32mx/lib/size\libmchp_peripheral_32MX795F512L.a(int_disable_interrupts_lib.o)
 .debug_aranges
                0x000003c8       0x20 d:/program files (x86)/microchip/xc32/v1.20/bin/../lib/gcc/pic32mx/4.5.2/../../../../pic32mx/lib/size\libmchp_peripheral_32MX795F512L.a(int_restore_interrupts_lib.o)
 .debug_aranges
                0x000003e8       0x20 d:/program files (x86)/microchip/xc32/v1.20/bin/../lib/gcc/pic32mx/4.5.2/../../../../pic32mx/lib/size\libmchp_peripheral_32MX795F512L.a(int_enable_mv_int_lib.o)
 .debug_aranges
                0x00000408       0x28 d:/program files (x86)/microchip/xc32/v1.20/bin/../lib/gcc/pic32mx/4.5.2/../../../../pic32mx/lib/size\libmchp_peripheral_32MX795F512L.a(puts_uartx_lib_legacy.o)
 .debug_aranges
                0x00000430       0x20 d:/program files (x86)/microchip/xc32/v1.20/bin/../lib/gcc/pic32mx/4.5.2/../../../../pic32mx/lib/size\libmchp_peripheral_32MX795F512L.a(int_enable_interrupts_lib.o)
 .debug_aranges
                0x00000450       0x20 d:/program files (x86)/microchip/xc32/v1.20/bin/../lib/gcc/pic32mx/4.5.2/size\libgcc.a(_udivdi3.o)
 .debug_aranges
                0x00000470       0x20 d:/program files (x86)/microchip/xc32/v1.20/bin/../lib/gcc/pic32mx/4.5.2/size\libgcc.a(_umoddi3.o)
 .debug_aranges
                0x00000490       0x20 d:/program files (x86)/microchip/xc32/v1.20/bin/../lib/gcc/pic32mx/4.5.2/../../../../pic32mx/lib/size\libpic32.a(default-bootstrap-exception-handler.o)
 .debug_aranges
                0x000004b0       0x20 d:/program files (x86)/microchip/xc32/v1.20/bin/../lib/gcc/pic32mx/4.5.2/../../../../pic32mx/lib/size\libpic32.a(default-on-reset.o)
 .debug_aranges
                0x000004d0       0x20 d:/program files (x86)/microchip/xc32/v1.20/bin/../lib/gcc/pic32mx/4.5.2/../../../../pic32mx/lib/size\libpic32.a(default-on-bootstrap.o)
 .debug_aranges
                0x000004f0       0x20 d:/program files (x86)/microchip/xc32/v1.20/bin/../lib/gcc/pic32mx/4.5.2/../../../../pic32mx/lib/size\libpic32.a(defaultinterrupt.o)
 .debug_aranges
                0x00000510       0x20 d:/program files (x86)/microchip/xc32/v1.20/bin/../lib/gcc/pic32mx/4.5.2/../../../../pic32mx/lib/size\libc.a(atoi.o)
 .debug_aranges
                0x00000530       0x20 d:/program files (x86)/microchip/xc32/v1.20/bin/../lib/gcc/pic32mx/4.5.2/../../../../pic32mx/lib/size\libc.a(atol.o)
 .debug_aranges
                0x00000550       0x28 d:/program files (x86)/microchip/xc32/v1.20/bin/../lib/gcc/pic32mx/4.5.2/../../../../pic32mx/lib/size\libc.a(ltoa.o)
 .debug_aranges
                0x00000578       0x20 d:/program files (x86)/microchip/xc32/v1.20/bin/../lib/gcc/pic32mx/4.5.2/../../../../pic32mx/lib/size\libc.a(strncpy.o)

.debug_pubnames
                0x00000000     0x152e
 *(.debug_pubnames)
 .debug_pubnames
                0x00000000       0x33 Obj-XC32-EX16_ENC28\Announce.o
 .debug_pubnames
                0x00000033       0x6f Obj-XC32-EX16_ENC28\ARP.o
 .debug_pubnames
                0x000000a2       0x2c Obj-XC32-EX16_ENC28\Delay.o
 .debug_pubnames
                0x000000ce       0xcc Obj-XC32-EX16_ENC28\DHCP.o
 .debug_pubnames
                0x0000019a       0x78 Obj-XC32-EX16_ENC28\DHCPs.o
 .debug_pubnames
                0x00000212       0x55 Obj-XC32-EX16_ENC28\DNS.o
 .debug_pubnames
                0x00000267      0x1b8 Obj-XC32-EX16_ENC28\ENC28J60.o
 .debug_pubnames
                0x0000041f      0x11b Obj-XC32-EX16_ENC28\Helpers.o
 .debug_pubnames
                0x0000053a       0xcf Obj-XC32-EX16_ENC28\HTTP2.o
 .debug_pubnames
                0x00000609       0x7f Obj-XC32-EX16_ENC28\ICMP.o
 .debug_pubnames
                0x00000688       0x44 Obj-XC32-EX16_ENC28\IP.o
 .debug_pubnames
                0x000006cc       0x45 Obj-XC32-EX16_ENC28\LCDBlocking.o
 .debug_pubnames
                0x00000711      0x17c Obj-XC32-EX16_ENC28\MPFS2.o
 .debug_pubnames
                0x0000088d       0x1f Obj-XC32-EX16_ENC28\NBNS.o
 .debug_pubnames
                0x000008ac       0x21 Obj-XC32-EX16_ENC28\Reboot.o
 .debug_pubnames
                0x000008cd       0x37 Obj-XC32-EX16_ENC28\SNTP.o
 .debug_pubnames
                0x00000904       0xaa Obj-XC32-EX16_ENC28\SPIEEPROM.o
 .debug_pubnames
                0x000009ae       0x53 Obj-XC32-EX16_ENC28\StackTsk.o
 .debug_pubnames
                0x00000a01      0x1ba Obj-XC32-EX16_ENC28\TCP.o
 .debug_pubnames
                0x00000bbb       0x5b Obj-XC32-EX16_ENC28\TCPPerformanceTest.o
 .debug_pubnames
                0x00000c16       0x7e Obj-XC32-EX16_ENC28\Tick.o
 .debug_pubnames
                0x00000c94       0x25 Obj-XC32-EX16_ENC28\UART.o
 .debug_pubnames
                0x00000cb9      0x155 Obj-XC32-EX16_ENC28\UDP.o
 .debug_pubnames
                0x00000e0e      0x3bd Obj-XC32-EX16_ENC28\CustomHTTPApp.o
 .debug_pubnames
                0x000011cb       0x8a Obj-XC32-EX16_ENC28\MainDemo.o
 .debug_pubnames
                0x00001255       0x1f Obj-XC32-EX16_ENC28\PingDemo.o
 .debug_pubnames
                0x00001274       0x23 Obj-XC32-EX16_ENC28\UARTConfig.o
 .debug_pubnames
                0x00001297       0x20 d:/program files (x86)/microchip/xc32/v1.20/bin/../lib/gcc/pic32mx/4.5.2/../../../../pic32mx/lib/size\libmchp_peripheral_32MX795F512L.a(soft_reset_lib.o)
 .debug_pubnames
                0x000012b7       0x3b d:/program files (x86)/microchip/xc32/v1.20/bin/../lib/gcc/pic32mx/4.5.2/../../../../pic32mx/lib/size\libmchp_peripheral_32MX795F512L.a(pcache.o)
 .debug_pubnames
                0x000012f2       0x2b d:/program files (x86)/microchip/xc32/v1.20/bin/../lib/gcc/pic32mx/4.5.2/../../../../pic32mx/lib/size\libmchp_peripheral_32MX795F512L.a(int_disable_interrupts_lib.o)
 .debug_pubnames
                0x0000131d       0x2b d:/program files (x86)/microchip/xc32/v1.20/bin/../lib/gcc/pic32mx/4.5.2/../../../../pic32mx/lib/size\libmchp_peripheral_32MX795F512L.a(int_restore_interrupts_lib.o)
 .debug_pubnames
                0x00001348       0x36 d:/program files (x86)/microchip/xc32/v1.20/bin/../lib/gcc/pic32mx/4.5.2/../../../../pic32mx/lib/size\libmchp_peripheral_32MX795F512L.a(int_enable_mv_int_lib.o)
 .debug_pubnames
                0x0000137e       0x2e d:/program files (x86)/microchip/xc32/v1.20/bin/../lib/gcc/pic32mx/4.5.2/../../../../pic32mx/lib/size\libmchp_peripheral_32MX795F512L.a(puts_uartx_lib_legacy.o)
 .debug_pubnames
                0x000013ac       0x2a d:/program files (x86)/microchip/xc32/v1.20/bin/../lib/gcc/pic32mx/4.5.2/../../../../pic32mx/lib/size\libmchp_peripheral_32MX795F512L.a(int_enable_interrupts_lib.o)
 .debug_pubnames
                0x000013d6       0x20 d:/program files (x86)/microchip/xc32/v1.20/bin/../lib/gcc/pic32mx/4.5.2/size\libgcc.a(_udivdi3.o)
 .debug_pubnames
                0x000013f6       0x20 d:/program files (x86)/microchip/xc32/v1.20/bin/../lib/gcc/pic32mx/4.5.2/size\libgcc.a(_umoddi3.o)
 .debug_pubnames
                0x00001416       0x33 d:/program files (x86)/microchip/xc32/v1.20/bin/../lib/gcc/pic32mx/4.5.2/../../../../pic32mx/lib/size\libpic32.a(default-bootstrap-exception-handler.o)
 .debug_pubnames
                0x00001449       0x20 d:/program files (x86)/microchip/xc32/v1.20/bin/../lib/gcc/pic32mx/4.5.2/../../../../pic32mx/lib/size\libpic32.a(default-on-reset.o)
 .debug_pubnames
                0x00001469       0x24 d:/program files (x86)/microchip/xc32/v1.20/bin/../lib/gcc/pic32mx/4.5.2/../../../../pic32mx/lib/size\libpic32.a(default-on-bootstrap.o)
 .debug_pubnames
                0x0000148d       0x28 d:/program files (x86)/microchip/xc32/v1.20/bin/../lib/gcc/pic32mx/4.5.2/../../../../pic32mx/lib/size\libpic32.a(defaultinterrupt.o)
 .debug_pubnames
                0x000014b5       0x1b d:/program files (x86)/microchip/xc32/v1.20/bin/../lib/gcc/pic32mx/4.5.2/../../../../pic32mx/lib/size\libc.a(atoi.o)
 .debug_pubnames
                0x000014d0       0x1b d:/program files (x86)/microchip/xc32/v1.20/bin/../lib/gcc/pic32mx/4.5.2/../../../../pic32mx/lib/size\libc.a(atol.o)
 .debug_pubnames
                0x000014eb       0x25 d:/program files (x86)/microchip/xc32/v1.20/bin/../lib/gcc/pic32mx/4.5.2/../../../../pic32mx/lib/size\libc.a(ltoa.o)
 .debug_pubnames
                0x00001510       0x1e d:/program files (x86)/microchip/xc32/v1.20/bin/../lib/gcc/pic32mx/4.5.2/../../../../pic32mx/lib/size\libc.a(strncpy.o)

.debug_info     0x00000000    0x5c5ef
 *(.debug_info .gnu.linkonce.wi.*)
 .debug_info    0x00000000     0x1b4c Obj-XC32-EX16_ENC28\Announce.o
 .debug_info    0x00001b4c     0x1154 Obj-XC32-EX16_ENC28\ARCFOUR.o
 .debug_info    0x00002ca0     0x1b7d Obj-XC32-EX16_ENC28\ARP.o
 .debug_info    0x0000481d     0x1153 Obj-XC32-EX16_ENC28\AutoIP.o
 .debug_info    0x00005970     0x1158 Obj-XC32-EX16_ENC28\BerkeleyAPI.o
 .debug_info    0x00006ac8     0x1153 Obj-XC32-EX16_ENC28\BigInt.o
 .debug_info    0x00007c1b     0x11e7 Obj-XC32-EX16_ENC28\Delay.o
 .debug_info    0x00008e02     0x213b Obj-XC32-EX16_ENC28\DHCP.o
 .debug_info    0x0000af3d     0x22b4 Obj-XC32-EX16_ENC28\DHCPs.o
 .debug_info    0x0000d1f1     0x1d9e Obj-XC32-EX16_ENC28\DNS.o
 .debug_info    0x0000ef8f     0x1151 Obj-XC32-EX16_ENC28\DNSs.o
 .debug_info    0x000100e0     0x1153 Obj-XC32-EX16_ENC28\DynDNS.o
 .debug_info    0x00011233     0x3eec Obj-XC32-EX16_ENC28\ENC28J60.o
 .debug_info    0x0001511f     0x1157 Obj-XC32-EX16_ENC28\ENCX24J600.o
 .debug_info    0x00016276     0x1157 Obj-XC32-EX16_ENC28\FileSystem.o
 .debug_info    0x000173cd     0x1150 Obj-XC32-EX16_ENC28\FTP.o
 .debug_info    0x0001851d     0x1153 Obj-XC32-EX16_ENC28\Hashes.o
 .debug_info    0x00019670     0x254f Obj-XC32-EX16_ENC28\Helpers.o
 .debug_info    0x0001bbbf     0x23c9 Obj-XC32-EX16_ENC28\HTTP2.o
 .debug_info    0x0001df88     0x1ae2 Obj-XC32-EX16_ENC28\ICMP.o
 .debug_info    0x0001fa6a     0x1b2f Obj-XC32-EX16_ENC28\IP.o
 .debug_info    0x00021599     0x19b2 Obj-XC32-EX16_ENC28\LCDBlocking.o
 .debug_info    0x00022f4b     0x1990 Obj-XC32-EX16_ENC28\MPFS2.o
 .debug_info    0x000248db     0x1c83 Obj-XC32-EX16_ENC28\NBNS.o
 .debug_info    0x0002655e     0x1153 Obj-XC32-EX16_ENC28\Random.o
 .debug_info    0x000276b1     0x1a7c Obj-XC32-EX16_ENC28\Reboot.o
 .debug_info    0x0002912d     0x1150 Obj-XC32-EX16_ENC28\RSA.o
 .debug_info    0x0002a27d     0x1151 Obj-XC32-EX16_ENC28\SMTP.o
 .debug_info    0x0002b3ce     0x1151 Obj-XC32-EX16_ENC28\SNMP.o
 .debug_info    0x0002c51f     0x1153 Obj-XC32-EX16_ENC28\SNMPv3.o
 .debug_info    0x0002d672     0x1156 Obj-XC32-EX16_ENC28\SNMPv3USM.o
 .debug_info    0x0002e7c8     0x14d3 Obj-XC32-EX16_ENC28\SNTP.o
 .debug_info    0x0002fc9b     0x2414 Obj-XC32-EX16_ENC28\SPIEEPROM.o
 .debug_info    0x000320af     0x1155 Obj-XC32-EX16_ENC28\SPIFlash.o
 .debug_info    0x00033204     0x1153 Obj-XC32-EX16_ENC28\SPIRAM.o
 .debug_info    0x00034357     0x1150 Obj-XC32-EX16_ENC28\SSL.o
 .debug_info    0x000354a7     0x1a3e Obj-XC32-EX16_ENC28\StackTsk.o
 .debug_info    0x00036ee5     0x31b9 Obj-XC32-EX16_ENC28\TCP.o
 .debug_info    0x0003a09e     0x1875 Obj-XC32-EX16_ENC28\TCPPerformanceTest.o
 .debug_info    0x0003b913     0x1153 Obj-XC32-EX16_ENC28\Telnet.o
 .debug_info    0x0003ca66     0x1152 Obj-XC32-EX16_ENC28\TFTPc.o
 .debug_info    0x0003dbb8     0x1ca4 Obj-XC32-EX16_ENC28\Tick.o
 .debug_info    0x0003f85c     0x115b Obj-XC32-EX16_ENC28\UART2TCPBridge.o
 .debug_info    0x000409b7     0x143c Obj-XC32-EX16_ENC28\UART.o
 .debug_info    0x00041df3     0x21fa Obj-XC32-EX16_ENC28\UDP.o
 .debug_info    0x00043fed     0x115f Obj-XC32-EX16_ENC28\UDPPerformanceTest.o
 .debug_info    0x0004514c     0x115b Obj-XC32-EX16_ENC28\ZeroconfHelper.o
 .debug_info    0x000462a7     0x115e Obj-XC32-EX16_ENC28\ZeroconfLinkLocal.o
 .debug_info    0x00047405     0x1161 Obj-XC32-EX16_ENC28\ZeroconfMulticastDNS.o
 .debug_info    0x00048566     0x2b00 Obj-XC32-EX16_ENC28\CustomHTTPApp.o
 .debug_info    0x0004b066     0x113e Obj-XC32-EX16_ENC28\CustomSNMPApp.o
 .debug_info    0x0004c1a4     0x113e Obj-XC32-EX16_ENC28\CustomSSLCert.o
 .debug_info    0x0004d2e2     0x2ed2 Obj-XC32-EX16_ENC28\MainDemo.o
 .debug_info    0x000501b4     0x1146 Obj-XC32-EX16_ENC28\BerkeleyTCPClientDemo.o
 .debug_info    0x000512fa     0x1146 Obj-XC32-EX16_ENC28\BerkeleyTCPServerDemo.o
 .debug_info    0x00052440     0x1146 Obj-XC32-EX16_ENC28\BerkeleyUDPClientDemo.o
 .debug_info    0x00053586     0x1141 Obj-XC32-EX16_ENC28\GenericTCPClient.o
 .debug_info    0x000546c7     0x1141 Obj-XC32-EX16_ENC28\GenericTCPServer.o
 .debug_info    0x00055808     0x13d0 Obj-XC32-EX16_ENC28\PingDemo.o
 .debug_info    0x00056bd8     0x1139 Obj-XC32-EX16_ENC28\SMTPDemo.o
 .debug_info    0x00057d11     0x1e2a Obj-XC32-EX16_ENC28\UARTConfig.o
 .debug_info    0x00059b3b     0x1139 Obj-XC32-EX16_ENC28\MPFSImg2.o
 .debug_info    0x0005ac74       0xb2 d:/program files (x86)/microchip/xc32/v1.20/bin/../lib/gcc/pic32mx/4.5.2/../../../../pic32mx/lib/size\libmchp_peripheral_32MX795F512L.a(soft_reset_lib.o)
 .debug_info    0x0005ad26       0xbf d:/program files (x86)/microchip/xc32/v1.20/bin/../lib/gcc/pic32mx/4.5.2/../../../../pic32mx/lib/size\libmchp_peripheral_32MX795F512L.a(pcache.o)
 .debug_info    0x0005ade5       0xb6 d:/program files (x86)/microchip/xc32/v1.20/bin/../lib/gcc/pic32mx/4.5.2/../../../../pic32mx/lib/size\libmchp_peripheral_32MX795F512L.a(int_disable_interrupts_lib.o)
 .debug_info    0x0005ae9b       0xb6 d:/program files (x86)/microchip/xc32/v1.20/bin/../lib/gcc/pic32mx/4.5.2/../../../../pic32mx/lib/size\libmchp_peripheral_32MX795F512L.a(int_restore_interrupts_lib.o)
 .debug_info    0x0005af51       0xbc d:/program files (x86)/microchip/xc32/v1.20/bin/../lib/gcc/pic32mx/4.5.2/../../../../pic32mx/lib/size\libmchp_peripheral_32MX795F512L.a(int_enable_mv_int_lib.o)
 .debug_info    0x0005b00d       0xbf d:/program files (x86)/microchip/xc32/v1.20/bin/../lib/gcc/pic32mx/4.5.2/../../../../pic32mx/lib/size\libmchp_peripheral_32MX795F512L.a(puts_uartx_lib_legacy.o)
 .debug_info    0x0005b0cc       0xb4 d:/program files (x86)/microchip/xc32/v1.20/bin/../lib/gcc/pic32mx/4.5.2/../../../../pic32mx/lib/size\libmchp_peripheral_32MX795F512L.a(int_enable_interrupts_lib.o)
 .debug_info    0x0005b180      0x746 d:/program files (x86)/microchip/xc32/v1.20/bin/../lib/gcc/pic32mx/4.5.2/size\libgcc.a(_udivdi3.o)
 .debug_info    0x0005b8c6      0x783 d:/program files (x86)/microchip/xc32/v1.20/bin/../lib/gcc/pic32mx/4.5.2/size\libgcc.a(_umoddi3.o)
 .debug_info    0x0005c049       0xd6 d:/program files (x86)/microchip/xc32/v1.20/bin/../lib/gcc/pic32mx/4.5.2/../../../../pic32mx/lib/size\libpic32.a(default-bootstrap-exception-handler.o)
 .debug_info    0x0005c11f       0xb0 d:/program files (x86)/microchip/xc32/v1.20/bin/../lib/gcc/pic32mx/4.5.2/../../../../pic32mx/lib/size\libpic32.a(default-on-reset.o)
 .debug_info    0x0005c1cf       0xb8 d:/program files (x86)/microchip/xc32/v1.20/bin/../lib/gcc/pic32mx/4.5.2/../../../../pic32mx/lib/size\libpic32.a(default-on-bootstrap.o)
 .debug_info    0x0005c287       0xca d:/program files (x86)/microchip/xc32/v1.20/bin/../lib/gcc/pic32mx/4.5.2/../../../../pic32mx/lib/size\libpic32.a(defaultinterrupt.o)
 .debug_info    0x0005c351       0xa1 d:/program files (x86)/microchip/xc32/v1.20/bin/../lib/gcc/pic32mx/4.5.2/../../../../pic32mx/lib/size\libc.a(atoi.o)
 .debug_info    0x0005c3f2       0xa1 d:/program files (x86)/microchip/xc32/v1.20/bin/../lib/gcc/pic32mx/4.5.2/../../../../pic32mx/lib/size\libc.a(atol.o)
 .debug_info    0x0005c493        0x0 d:/program files (x86)/microchip/xc32/v1.20/bin/../lib/gcc/pic32mx/4.5.2/../../../../pic32mx/lib/size\libc.a(ctype.o)
 .debug_info    0x0005c493       0xb5 d:/program files (x86)/microchip/xc32/v1.20/bin/../lib/gcc/pic32mx/4.5.2/../../../../pic32mx/lib/size\libc.a(ltoa.o)
 .debug_info    0x0005c548       0xa7 d:/program files (x86)/microchip/xc32/v1.20/bin/../lib/gcc/pic32mx/4.5.2/../../../../pic32mx/lib/size\libc.a(strncpy.o)

.debug_abbrev   0x00000000     0x754e
 *(.debug_abbrev)
 .debug_abbrev  0x00000000      0x1ff Obj-XC32-EX16_ENC28\Announce.o
 .debug_abbrev  0x000001ff      0x166 Obj-XC32-EX16_ENC28\ARCFOUR.o
 .debug_abbrev  0x00000365      0x275 Obj-XC32-EX16_ENC28\ARP.o
 .debug_abbrev  0x000005da      0x166 Obj-XC32-EX16_ENC28\AutoIP.o
 .debug_abbrev  0x00000740      0x166 Obj-XC32-EX16_ENC28\BerkeleyAPI.o
 .debug_abbrev  0x000008a6      0x166 Obj-XC32-EX16_ENC28\BigInt.o
 .debug_abbrev  0x00000a0c      0x19b Obj-XC32-EX16_ENC28\Delay.o
 .debug_abbrev  0x00000ba7      0x2bd Obj-XC32-EX16_ENC28\DHCP.o
 .debug_abbrev  0x00000e64      0x29b Obj-XC32-EX16_ENC28\DHCPs.o
 .debug_abbrev  0x000010ff      0x271 Obj-XC32-EX16_ENC28\DNS.o
 .debug_abbrev  0x00001370      0x166 Obj-XC32-EX16_ENC28\DNSs.o
 .debug_abbrev  0x000014d6      0x166 Obj-XC32-EX16_ENC28\DynDNS.o
 .debug_abbrev  0x0000163c      0x317 Obj-XC32-EX16_ENC28\ENC28J60.o
 .debug_abbrev  0x00001953      0x166 Obj-XC32-EX16_ENC28\ENCX24J600.o
 .debug_abbrev  0x00001ab9      0x166 Obj-XC32-EX16_ENC28\FileSystem.o
 .debug_abbrev  0x00001c1f      0x166 Obj-XC32-EX16_ENC28\FTP.o
 .debug_abbrev  0x00001d85      0x166 Obj-XC32-EX16_ENC28\Hashes.o
 .debug_abbrev  0x00001eeb      0x24c Obj-XC32-EX16_ENC28\Helpers.o
 .debug_abbrev  0x00002137      0x2cc Obj-XC32-EX16_ENC28\HTTP2.o
 .debug_abbrev  0x00002403      0x246 Obj-XC32-EX16_ENC28\ICMP.o
 .debug_abbrev  0x00002649      0x242 Obj-XC32-EX16_ENC28\IP.o
 .debug_abbrev  0x0000288b      0x205 Obj-XC32-EX16_ENC28\LCDBlocking.o
 .debug_abbrev  0x00002a90      0x296 Obj-XC32-EX16_ENC28\MPFS2.o
 .debug_abbrev  0x00002d26      0x247 Obj-XC32-EX16_ENC28\NBNS.o
 .debug_abbrev  0x00002f6d      0x166 Obj-XC32-EX16_ENC28\Random.o
 .debug_abbrev  0x000030d3      0x1c0 Obj-XC32-EX16_ENC28\Reboot.o
 .debug_abbrev  0x00003293      0x166 Obj-XC32-EX16_ENC28\RSA.o
 .debug_abbrev  0x000033f9      0x166 Obj-XC32-EX16_ENC28\SMTP.o
 .debug_abbrev  0x0000355f      0x166 Obj-XC32-EX16_ENC28\SNMP.o
 .debug_abbrev  0x000036c5      0x166 Obj-XC32-EX16_ENC28\SNMPv3.o
 .debug_abbrev  0x0000382b      0x166 Obj-XC32-EX16_ENC28\SNMPv3USM.o
 .debug_abbrev  0x00003991      0x1d9 Obj-XC32-EX16_ENC28\SNTP.o
 .debug_abbrev  0x00003b6a      0x2bc Obj-XC32-EX16_ENC28\SPIEEPROM.o
 .debug_abbrev  0x00003e26      0x166 Obj-XC32-EX16_ENC28\SPIFlash.o
 .debug_abbrev  0x00003f8c      0x166 Obj-XC32-EX16_ENC28\SPIRAM.o
 .debug_abbrev  0x000040f2      0x166 Obj-XC32-EX16_ENC28\SSL.o
 .debug_abbrev  0x00004258      0x223 Obj-XC32-EX16_ENC28\StackTsk.o
 .debug_abbrev  0x0000447b      0x2d2 Obj-XC32-EX16_ENC28\TCP.o
 .debug_abbrev  0x0000474d      0x20a Obj-XC32-EX16_ENC28\TCPPerformanceTest.o
 .debug_abbrev  0x00004957      0x166 Obj-XC32-EX16_ENC28\Telnet.o
 .debug_abbrev  0x00004abd      0x166 Obj-XC32-EX16_ENC28\TFTPc.o
 .debug_abbrev  0x00004c23      0x219 Obj-XC32-EX16_ENC28\Tick.o
 .debug_abbrev  0x00004e3c      0x166 Obj-XC32-EX16_ENC28\UART2TCPBridge.o
 .debug_abbrev  0x00004fa2      0x19d Obj-XC32-EX16_ENC28\UART.o
 .debug_abbrev  0x0000513f      0x2fc Obj-XC32-EX16_ENC28\UDP.o
 .debug_abbrev  0x0000543b      0x166 Obj-XC32-EX16_ENC28\UDPPerformanceTest.o
 .debug_abbrev  0x000055a1      0x166 Obj-XC32-EX16_ENC28\ZeroconfHelper.o
 .debug_abbrev  0x00005707      0x166 Obj-XC32-EX16_ENC28\ZeroconfLinkLocal.o
 .debug_abbrev  0x0000586d      0x166 Obj-XC32-EX16_ENC28\ZeroconfMulticastDNS.o
 .debug_abbrev  0x000059d3      0x2c2 Obj-XC32-EX16_ENC28\CustomHTTPApp.o
 .debug_abbrev  0x00005c95      0x166 Obj-XC32-EX16_ENC28\CustomSNMPApp.o
 .debug_abbrev  0x00005dfb      0x166 Obj-XC32-EX16_ENC28\CustomSSLCert.o
 .debug_abbrev  0x00005f61      0x3a8 Obj-XC32-EX16_ENC28\MainDemo.o
 .debug_abbrev  0x00006309      0x166 Obj-XC32-EX16_ENC28\BerkeleyTCPClientDemo.o
 .debug_abbrev  0x0000646f      0x166 Obj-XC32-EX16_ENC28\BerkeleyTCPServerDemo.o
 .debug_abbrev  0x000065d5      0x166 Obj-XC32-EX16_ENC28\BerkeleyUDPClientDemo.o
 .debug_abbrev  0x0000673b      0x166 Obj-XC32-EX16_ENC28\GenericTCPClient.o
 .debug_abbrev  0x000068a1      0x166 Obj-XC32-EX16_ENC28\GenericTCPServer.o
 .debug_abbrev  0x00006a07      0x1ab Obj-XC32-EX16_ENC28\PingDemo.o
 .debug_abbrev  0x00006bb2      0x166 Obj-XC32-EX16_ENC28\SMTPDemo.o
 .debug_abbrev  0x00006d18      0x1fc Obj-XC32-EX16_ENC28\UARTConfig.o
 .debug_abbrev  0x00006f14      0x166 Obj-XC32-EX16_ENC28\MPFSImg2.o
 .debug_abbrev  0x0000707a       0x34 d:/program files (x86)/microchip/xc32/v1.20/bin/../lib/gcc/pic32mx/4.5.2/../../../../pic32mx/lib/size\libmchp_peripheral_32MX795F512L.a(soft_reset_lib.o)
 .debug_abbrev  0x000070ae       0x25 d:/program files (x86)/microchip/xc32/v1.20/bin/../lib/gcc/pic32mx/4.5.2/../../../../pic32mx/lib/size\libmchp_peripheral_32MX795F512L.a(pcache.o)
 .debug_abbrev  0x000070d3       0x25 d:/program files (x86)/microchip/xc32/v1.20/bin/../lib/gcc/pic32mx/4.5.2/../../../../pic32mx/lib/size\libmchp_peripheral_32MX795F512L.a(int_disable_interrupts_lib.o)
 .debug_abbrev  0x000070f8       0x25 d:/program files (x86)/microchip/xc32/v1.20/bin/../lib/gcc/pic32mx/4.5.2/../../../../pic32mx/lib/size\libmchp_peripheral_32MX795F512L.a(int_restore_interrupts_lib.o)
 .debug_abbrev  0x0000711d       0x25 d:/program files (x86)/microchip/xc32/v1.20/bin/../lib/gcc/pic32mx/4.5.2/../../../../pic32mx/lib/size\libmchp_peripheral_32MX795F512L.a(int_enable_mv_int_lib.o)
 .debug_abbrev  0x00007142       0x25 d:/program files (x86)/microchip/xc32/v1.20/bin/../lib/gcc/pic32mx/4.5.2/../../../../pic32mx/lib/size\libmchp_peripheral_32MX795F512L.a(puts_uartx_lib_legacy.o)
 .debug_abbrev  0x00007167       0x25 d:/program files (x86)/microchip/xc32/v1.20/bin/../lib/gcc/pic32mx/4.5.2/../../../../pic32mx/lib/size\libmchp_peripheral_32MX795F512L.a(int_enable_interrupts_lib.o)
 .debug_abbrev  0x0000718c      0x13d d:/program files (x86)/microchip/xc32/v1.20/bin/../lib/gcc/pic32mx/4.5.2/size\libgcc.a(_udivdi3.o)
 .debug_abbrev  0x000072c9      0x15c d:/program files (x86)/microchip/xc32/v1.20/bin/../lib/gcc/pic32mx/4.5.2/size\libgcc.a(_umoddi3.o)
 .debug_abbrev  0x00007425       0x25 d:/program files (x86)/microchip/xc32/v1.20/bin/../lib/gcc/pic32mx/4.5.2/../../../../pic32mx/lib/size\libpic32.a(default-bootstrap-exception-handler.o)
 .debug_abbrev  0x0000744a       0x25 d:/program files (x86)/microchip/xc32/v1.20/bin/../lib/gcc/pic32mx/4.5.2/../../../../pic32mx/lib/size\libpic32.a(default-on-reset.o)
 .debug_abbrev  0x0000746f       0x25 d:/program files (x86)/microchip/xc32/v1.20/bin/../lib/gcc/pic32mx/4.5.2/../../../../pic32mx/lib/size\libpic32.a(default-on-bootstrap.o)
 .debug_abbrev  0x00007494       0x25 d:/program files (x86)/microchip/xc32/v1.20/bin/../lib/gcc/pic32mx/4.5.2/../../../../pic32mx/lib/size\libpic32.a(defaultinterrupt.o)
 .debug_abbrev  0x000074b9       0x25 d:/program files (x86)/microchip/xc32/v1.20/bin/../lib/gcc/pic32mx/4.5.2/../../../../pic32mx/lib/size\libc.a(atoi.o)
 .debug_abbrev  0x000074de       0x25 d:/program files (x86)/microchip/xc32/v1.20/bin/../lib/gcc/pic32mx/4.5.2/../../../../pic32mx/lib/size\libc.a(atol.o)
 .debug_abbrev  0x00007503        0x1 d:/program files (x86)/microchip/xc32/v1.20/bin/../lib/gcc/pic32mx/4.5.2/../../../../pic32mx/lib/size\libc.a(ctype.o)
 .debug_abbrev  0x00007504       0x25 d:/program files (x86)/microchip/xc32/v1.20/bin/../lib/gcc/pic32mx/4.5.2/../../../../pic32mx/lib/size\libc.a(ltoa.o)
 .debug_abbrev  0x00007529       0x25 d:/program files (x86)/microchip/xc32/v1.20/bin/../lib/gcc/pic32mx/4.5.2/../../../../pic32mx/lib/size\libc.a(strncpy.o)

.debug_line     0x00000000     0x8cc4
 *(.debug_line)
 .debug_line    0x00000000      0x21f Obj-XC32-EX16_ENC28\Announce.o
 .debug_line    0x0000021f      0x141 Obj-XC32-EX16_ENC28\ARCFOUR.o
 .debug_line    0x00000360      0x247 Obj-XC32-EX16_ENC28\ARP.o
 .debug_line    0x000005a7      0x141 Obj-XC32-EX16_ENC28\AutoIP.o
 .debug_line    0x000006e8      0x141 Obj-XC32-EX16_ENC28\BerkeleyAPI.o
 .debug_line    0x00000829      0x141 Obj-XC32-EX16_ENC28\BigInt.o
 .debug_line    0x0000096a      0x18b Obj-XC32-EX16_ENC28\Delay.o
 .debug_line    0x00000af5      0x40a Obj-XC32-EX16_ENC28\DHCP.o
 .debug_line    0x00000eff      0x3ea Obj-XC32-EX16_ENC28\DHCPs.o
 .debug_line    0x000012e9      0x323 Obj-XC32-EX16_ENC28\DNS.o
 .debug_line    0x0000160c      0x141 Obj-XC32-EX16_ENC28\DNSs.o
 .debug_line    0x0000174d      0x141 Obj-XC32-EX16_ENC28\DynDNS.o
 .debug_line    0x0000188e      0x5a0 Obj-XC32-EX16_ENC28\ENC28J60.o
 .debug_line    0x00001e2e      0x141 Obj-XC32-EX16_ENC28\ENCX24J600.o
 .debug_line    0x00001f6f      0x141 Obj-XC32-EX16_ENC28\FileSystem.o
 .debug_line    0x000020b0      0x141 Obj-XC32-EX16_ENC28\FTP.o
 .debug_line    0x000021f1      0x141 Obj-XC32-EX16_ENC28\Hashes.o
 .debug_line    0x00002332      0x3e2 Obj-XC32-EX16_ENC28\Helpers.o
 .debug_line    0x00002714      0x6ce Obj-XC32-EX16_ENC28\HTTP2.o
 .debug_line    0x00002de2      0x246 Obj-XC32-EX16_ENC28\ICMP.o
 .debug_line    0x00003028      0x1fb Obj-XC32-EX16_ENC28\IP.o
 .debug_line    0x00003223      0x230 Obj-XC32-EX16_ENC28\LCDBlocking.o
 .debug_line    0x00003453      0x3b8 Obj-XC32-EX16_ENC28\MPFS2.o
 .debug_line    0x0000380b      0x252 Obj-XC32-EX16_ENC28\NBNS.o
 .debug_line    0x00003a5d      0x141 Obj-XC32-EX16_ENC28\Random.o
 .debug_line    0x00003b9e      0x1e6 Obj-XC32-EX16_ENC28\Reboot.o
 .debug_line    0x00003d84      0x141 Obj-XC32-EX16_ENC28\RSA.o
 .debug_line    0x00003ec5      0x141 Obj-XC32-EX16_ENC28\SMTP.o
 .debug_line    0x00004006      0x141 Obj-XC32-EX16_ENC28\SNMP.o
 .debug_line    0x00004147      0x141 Obj-XC32-EX16_ENC28\SNMPv3.o
 .debug_line    0x00004288      0x141 Obj-XC32-EX16_ENC28\SNMPv3USM.o
 .debug_line    0x000043c9      0x210 Obj-XC32-EX16_ENC28\SNTP.o
 .debug_line    0x000045d9      0x2d8 Obj-XC32-EX16_ENC28\SPIEEPROM.o
 .debug_line    0x000048b1      0x141 Obj-XC32-EX16_ENC28\SPIFlash.o
 .debug_line    0x000049f2      0x141 Obj-XC32-EX16_ENC28\SPIRAM.o
 .debug_line    0x00004b33      0x141 Obj-XC32-EX16_ENC28\SSL.o
 .debug_line    0x00004c74      0x22a Obj-XC32-EX16_ENC28\StackTsk.o
 .debug_line    0x00004e9e      0xb6f Obj-XC32-EX16_ENC28\TCP.o
 .debug_line    0x00005a0d      0x249 Obj-XC32-EX16_ENC28\TCPPerformanceTest.o
 .debug_line    0x00005c56      0x141 Obj-XC32-EX16_ENC28\Telnet.o
 .debug_line    0x00005d97      0x141 Obj-XC32-EX16_ENC28\TFTPc.o
 .debug_line    0x00005ed8      0x1d6 Obj-XC32-EX16_ENC28\Tick.o
 .debug_line    0x000060ae      0x141 Obj-XC32-EX16_ENC28\UART2TCPBridge.o
 .debug_line    0x000061ef      0x18a Obj-XC32-EX16_ENC28\UART.o
 .debug_line    0x00006379      0x37f Obj-XC32-EX16_ENC28\UDP.o
 .debug_line    0x000066f8      0x141 Obj-XC32-EX16_ENC28\UDPPerformanceTest.o
 .debug_line    0x00006839      0x141 Obj-XC32-EX16_ENC28\ZeroconfHelper.o
 .debug_line    0x0000697a      0x141 Obj-XC32-EX16_ENC28\ZeroconfLinkLocal.o
 .debug_line    0x00006abb      0x141 Obj-XC32-EX16_ENC28\ZeroconfMulticastDNS.o
 .debug_line    0x00006bfc      0x48b Obj-XC32-EX16_ENC28\CustomHTTPApp.o
 .debug_line    0x00007087      0x141 Obj-XC32-EX16_ENC28\CustomSNMPApp.o
 .debug_line    0x000071c8      0x141 Obj-XC32-EX16_ENC28\CustomSSLCert.o
 .debug_line    0x00007309      0x374 Obj-XC32-EX16_ENC28\MainDemo.o
 .debug_line    0x0000767d      0x141 Obj-XC32-EX16_ENC28\BerkeleyTCPClientDemo.o
 .debug_line    0x000077be      0x141 Obj-XC32-EX16_ENC28\BerkeleyTCPServerDemo.o
 .debug_line    0x000078ff      0x141 Obj-XC32-EX16_ENC28\BerkeleyUDPClientDemo.o
 .debug_line    0x00007a40      0x141 Obj-XC32-EX16_ENC28\GenericTCPClient.o
 .debug_line    0x00007b81      0x141 Obj-XC32-EX16_ENC28\GenericTCPServer.o
 .debug_line    0x00007cc2      0x1c9 Obj-XC32-EX16_ENC28\PingDemo.o
 .debug_line    0x00007e8b      0x141 Obj-XC32-EX16_ENC28\SMTPDemo.o
 .debug_line    0x00007fcc      0x265 Obj-XC32-EX16_ENC28\UARTConfig.o
 .debug_line    0x00008231      0x141 Obj-XC32-EX16_ENC28\MPFSImg2.o
 .debug_line    0x00008372       0xbf d:/program files (x86)/microchip/xc32/v1.20/bin/../lib/gcc/pic32mx/4.5.2/../../../../pic32mx/lib/size\libmchp_peripheral_32MX795F512L.a(soft_reset_lib.o)
 .debug_line    0x00008431       0x62 d:/program files (x86)/microchip/xc32/v1.20/bin/../lib/gcc/pic32mx/4.5.2/../../../../pic32mx/lib/size\libmchp_peripheral_32MX795F512L.a(pcache.o)
 .debug_line    0x00008493       0x73 d:/program files (x86)/microchip/xc32/v1.20/bin/../lib/gcc/pic32mx/4.5.2/../../../../pic32mx/lib/size\libmchp_peripheral_32MX795F512L.a(int_disable_interrupts_lib.o)
 .debug_line    0x00008506       0x73 d:/program files (x86)/microchip/xc32/v1.20/bin/../lib/gcc/pic32mx/4.5.2/../../../../pic32mx/lib/size\libmchp_peripheral_32MX795F512L.a(int_restore_interrupts_lib.o)
 .debug_line    0x00008579       0x6e d:/program files (x86)/microchip/xc32/v1.20/bin/../lib/gcc/pic32mx/4.5.2/../../../../pic32mx/lib/size\libmchp_peripheral_32MX795F512L.a(int_enable_mv_int_lib.o)
 .debug_line    0x000085e7       0x6f d:/program files (x86)/microchip/xc32/v1.20/bin/../lib/gcc/pic32mx/4.5.2/../../../../pic32mx/lib/size\libmchp_peripheral_32MX795F512L.a(puts_uartx_lib_legacy.o)
 .debug_line    0x00008656       0x72 d:/program files (x86)/microchip/xc32/v1.20/bin/../lib/gcc/pic32mx/4.5.2/../../../../pic32mx/lib/size\libmchp_peripheral_32MX795F512L.a(int_enable_interrupts_lib.o)
 .debug_line    0x000086c8      0x119 d:/program files (x86)/microchip/xc32/v1.20/bin/../lib/gcc/pic32mx/4.5.2/size\libgcc.a(_udivdi3.o)
 .debug_line    0x000087e1      0x11f d:/program files (x86)/microchip/xc32/v1.20/bin/../lib/gcc/pic32mx/4.5.2/size\libgcc.a(_umoddi3.o)
 .debug_line    0x00008900       0x8b d:/program files (x86)/microchip/xc32/v1.20/bin/../lib/gcc/pic32mx/4.5.2/../../../../pic32mx/lib/size\libpic32.a(default-bootstrap-exception-handler.o)
 .debug_line    0x0000898b       0x78 d:/program files (x86)/microchip/xc32/v1.20/bin/../lib/gcc/pic32mx/4.5.2/../../../../pic32mx/lib/size\libpic32.a(default-on-reset.o)
 .debug_line    0x00008a03       0x7c d:/program files (x86)/microchip/xc32/v1.20/bin/../lib/gcc/pic32mx/4.5.2/../../../../pic32mx/lib/size\libpic32.a(default-on-bootstrap.o)
 .debug_line    0x00008a7f       0x8a d:/program files (x86)/microchip/xc32/v1.20/bin/../lib/gcc/pic32mx/4.5.2/../../../../pic32mx/lib/size\libpic32.a(defaultinterrupt.o)
 .debug_line    0x00008b09       0x6e d:/program files (x86)/microchip/xc32/v1.20/bin/../lib/gcc/pic32mx/4.5.2/../../../../pic32mx/lib/size\libc.a(atoi.o)
 .debug_line    0x00008b77       0x6e d:/program files (x86)/microchip/xc32/v1.20/bin/../lib/gcc/pic32mx/4.5.2/../../../../pic32mx/lib/size\libc.a(atol.o)
 .debug_line    0x00008be5        0x0 d:/program files (x86)/microchip/xc32/v1.20/bin/../lib/gcc/pic32mx/4.5.2/../../../../pic32mx/lib/size\libc.a(ctype.o)
 .debug_line    0x00008be5       0x6e d:/program files (x86)/microchip/xc32/v1.20/bin/../lib/gcc/pic32mx/4.5.2/../../../../pic32mx/lib/size\libc.a(ltoa.o)
 .debug_line    0x00008c53       0x71 d:/program files (x86)/microchip/xc32/v1.20/bin/../lib/gcc/pic32mx/4.5.2/../../../../pic32mx/lib/size\libc.a(strncpy.o)

.debug_frame    0x00000000     0x2328
 *(.debug_frame)
 .debug_frame   0x00000000       0x48 Obj-XC32-EX16_ENC28\Announce.o
 .debug_frame   0x00000048       0xd4 Obj-XC32-EX16_ENC28\ARP.o