Microchip MPLAB XC8 Compiler V2.36

Linker command line:

-W-3 --edf=C:\Program Files\Microchip\xc8\v2.36\pic\dat\en_msgs.txt -cn \
  -h+dist/PIC18F46J50/production\pic18f-ext_interrupt.X.production.sym \
  --cmf=dist/PIC18F46J50/production\pic18f-ext_interrupt.X.production.cmf \
  -z -Q18F46J50 -oC:\Users\afaid\AppData\Local\Temp\xcAsdb4.4 \
  --defsym=__MPLAB_BUILD=1 \
  -Mdist/PIC18F46J50/production/pic18f-ext_interrupt.X.production.map \
  --md=C:\Users\afaid\AppData\Local\Temp\xcAsdb4.dat -E1 -ver=XC8 Compiler \
  --acfsm=1493 -ACODE=00h-0FFF7h -ACONST=00h-0FFF7h \
  -ASMALLCONST=0F00h-0FFFhx240,0FF00h-0FFF7h -AMEDIUMCONST=0F00h-0FFF7h \
  -ACOMRAM=01h-05Fh -AABS1=00h-0EBFh -ABIGRAM=01h-0EBFh \
  -ARAM=060h-0FFh,0100h-01FFhx13,0E00h-0EBFh -ABANK0=060h-0FFh \
  -ABANK1=0100h-01FFh -ABANK2=0200h-02FFh -ABANK3=0300h-03FFh \
  -ABANK4=0400h-04FFh -ABANK5=0500h-05FFh -ABANK6=0600h-06FFh \
  -ABANK7=0700h-07FFh -ABANK8=0800h-08FFh -ABANK9=0900h-09FFh \
  -ABANK10=0A00h-0AFFh -ABANK11=0B00h-0BFFh -ABANK12=0C00h-0CFFh \
  -ABANK13=0D00h-0DFFh -ABANK14=0E00h-0EBFh \
  -ASFR=0EC0h-0EFFh,0F00h-0F5Fh,0F60h-0FFFh -ABIGSFR=0EC0h-0FFFh \
  -ACONFIG=0FFF8h-0FFFFh \
  -preset_vec=00h,intcode=08h,intcodelo=018h,powerup,init -pramtop=0F00h \
  -psmallconst=SMALLCONST -pmediumconst=MEDIUMCONST -pconst=CONST \
  -AFARRAM=00h-00h -pjflash_buffer=0F800h \
  -prdata=COMRAM,nvrram=COMRAM,nvbit=COMRAM,rbss=COMRAM,rbit=COMRAM \
  -pfarbss=FARRAM,fardata=FARRAM,nvFARRAM=FARRAM \
  -pintsave_regs=BIGRAM,bigbss=BIGRAM,bigdata=BIGRAM -pbss=RAM \
  -pidata=CODE,irdata=CODE,ibigdata=CODE,ifardata=CODE -prparam=COMRAM \
  C:\Users\afaid\AppData\Local\Temp\xcAsdb4.o \
  dist/PIC18F46J50/production\pic18f-ext_interrupt.X.production.o 

Object code version is 3.11

Machine type is 18F46J50



                Name                               Link     Load   Length Selector   Space Scale
C:\Users\afaid\AppData\Local\Temp\xcAsdb4.o
                config                             FFF8     FFF8        8        0       4
                init                                 8E       8E        4        C       0
                reset_vec                             0        0        4        0       0
dist/PIC18F46J50/production\pic18f-ext_interrupt.X.production.o
                intcodelo                            18       18       76        C       0
                intcode                               8        8        6        4       0
                config                             FFF8     FFF8        8        0       4
                temp                                 14       14        1        1       1
                text20                              284      284        2        C       0
                text19                              1A2      1A2       2E        C       0
                text18                              220      220       10        C       0
                intcode_body                        110      110       36        C       0
                text16                              282      282        2        C       0
                text15                              174      174       2E        C       0
                text14                              278      278        8        C       0
                text13                              280      280        2        C       0
                text12                              146      146       2E        C       0
                text11                              270      270        8        C       0
                text9                               266      266        A        C       0
                text8                               25C      25C        A        C       0
                text7                               1D0      1D0       26        C       0
                text6                               252      252        A        C       0
                text5                               248      248        A        C       0
                text4                                92       92       48        C       0
                text3                               23E      23E        A        C       0
                text2                                DA       DA       36        C       0
                text1                               1F6      1F6       16        C       0
                text0                               20C      20C       14        C       0
                cstackCOMRAM                          1        1        B        1       1
                cinit                               230      230        E        C       0
                nvCOMRAM                              C        C        8        1       1

TOTAL           Name                               Link     Load   Length     Space
        CLASS   CODE           
                intcodelo                            18       18       76         0
                intcode                               8        8        6         0
                init                                 8E       8E        4         0
                reset_vec                             0        0        4         0
                text20                              284      284        2         0
                text19                              1A2      1A2       2E         0
                text18                              220      220       10         0
                intcode_body                        110      110       36         0
                text16                              282      282        2         0
                text15                              174      174       2E         0
                text14                              278      278        8         0
                text13                              280      280        2         0
                text12                              146      146       2E         0
                text11                              270      270        8         0
                text9                               266      266        A         0
                text8                               25C      25C        A         0
                text7                               1D0      1D0       26         0
                text6                               252      252        A         0
                text5                               248      248        A         0
                text4                                92       92       48         0
                text3                               23E      23E        A         0
                text2                                DA       DA       36         0
                text1                               1F6      1F6       16         0
                text0                               20C      20C       14         0
                cinit                               230      230        E         0

        CLASS   CONST          

        CLASS   SMALLCONST     

        CLASS   MEDIUMCONST    

        CLASS   COMRAM         
                temp                                 14       14        1         1
                cstackCOMRAM                          1        1        B         1
                nvCOMRAM                              C        C        8         1

        CLASS   ABS1           

        CLASS   BIGRAM         

        CLASS   RAM            

        CLASS   BANK0          

        CLASS   BANK1          

        CLASS   BANK2          

        CLASS   BANK3          

        CLASS   BANK4          

        CLASS   BANK5          

        CLASS   BANK6          

        CLASS   BANK7          

        CLASS   BANK8          

        CLASS   BANK9          

        CLASS   BANK10         

        CLASS   BANK11         

        CLASS   BANK12         

        CLASS   BANK13         

        CLASS   BANK14         

        CLASS   SFR            

        CLASS   BIGSFR         

        CLASS   CONFIG         
                config                             FFF8     FFF8        8         4

        CLASS   FARRAM         

        CLASS   HEAP           

        CLASS   STACK          

        CLASS   IDLOC          



SEGMENTS        Name                           Load    Length   Top    Selector   Space  Class

                reset_vec                      000000  000004  000004         0       0  CODE    
                cstackCOMRAM                   000001  000014  000015         1       1  COMRAM  
                intcode                        000008  000006  00000E         4       0  CODE    
                intcodelo                      000018  00026E  000286         C       0  CODE    


UNUSED ADDRESS RANGES

        Name                Unused          Largest block    Delta
        BANK0            00060-000FF              A0
        BANK1            00100-001FF             100
        BANK10           00A00-00AFF             100
        BANK11           00B00-00BFF             100
        BANK12           00C00-00CFF             100
        BANK13           00D00-00DFF             100
        BANK14           00E00-00EBF              C0
        BANK2            00200-002FF             100
        BANK3            00300-003FF             100
        BANK4            00400-004FF             100
        BANK5            00500-005FF             100
        BANK6            00600-006FF             100
        BANK7            00700-007FF             100
        BANK8            00800-008FF             100
        BANK9            00900-009FF             100
        BIGRAM           00015-00EBF             EAB
        BIGSFR           00EC0-00FFF             140
        CODE             00004-00007               4
                         0000E-00017               A
                         00286-0FFF7            FD72
        COMRAM           00015-0005F              4B
        CONST            00004-00007               4
                         0000E-00017               A
                         00286-0FFF7            FD72
        MEDIUMCONST      00F00-0FFF7            F0F8
        RAM              00060-00EBF             100
        SFR              00EC0-00FFF              60
        SMALLCONST       00F00-0FFF7             100

                                  Symbol Table

INT1_SetInterruptHandler@InterruptHandler cstackCOMRAM  00008
INT2_SetInterruptHandler@InterruptHandler cstackCOMRAM  00008
TMR0_SetInterruptHandler@InterruptHandler cstackCOMRAM  00008
_ANCON0                                   (abs)         00F48
_ANCON1                                   (abs)         00F49
_EXT_INT_Initialize                       text7         001D0
_INT1_CallBack                            text15        00174
_INT1_DefaultInterruptHandler             text16        00282
_INT1_ISR                                 text14        00278
_INT1_InterruptHandler                    nvCOMRAM      0000E
_INT1_SetInterruptHandler                 text9         00266
_INT2_CallBack                            text12        00146
_INT2_DefaultInterruptHandler             text13        00280
_INT2_ISR                                 text11        00270
_INT2_InterruptHandler                    nvCOMRAM      0000C
_INT2_SetInterruptHandler                 text8         0025C
_INTCON2bits                              (abs)         00FF1
_INTCON3bits                              (abs)         00FF0
_INTCONbits                               (abs)         00FF2
_INTERRUPT_Initialize                     text6         00252
_INTERRUPT_InterruptManagerHigh           intcode       00008
_INTERRUPT_InterruptManagerLow            intcodelo     00018
_LATA                                     (abs)         00F89
_LATAbits                                 (abs)         00F89
_LATB                                     (abs)         00F8A
_LATC                                     (abs)         00F8B
_LATCbits                                 (abs)         00F8B
_LATD                                     (abs)         00F8C
_LATE                                     (abs)         00F8D
_ODCON1                                   (abs)         00F42
_ODCON2                                   (abs)         00F41
_ODCON3                                   (abs)         00F40
_OSCCON                                   (abs)         00FD3
_OSCILLATOR_Initialize                    text5         00248
_OSCTUNEbits                              (abs)         00F9B
_PIN_MANAGER_Initialize                   text4         00092
_RCONbits                                 (abs)         00FD0
_RPINR1                                   (abs)         00EE7
_RPINR2                                   (abs)         00EE8
_SYSTEM_Initialize                        text1         001F6
_T0CON                                    (abs)         00FD5
_T0CONbits                                (abs)         00FD5
_TMR0H                                    (abs)         00FD7
_TMR0L                                    (abs)         00FD6
_TMR0_CallBack                            text19        001A2
_TMR0_DefaultInterruptHandler             text20        00284
_TMR0_ISR                                 text18        00220
_TMR0_Initialize                          text2         000DA
_TMR0_InterruptHandler                    nvCOMRAM      00012
_TMR0_SetInterruptHandler                 text3         0023E
_TRISA                                    (abs)         00F92
_TRISB                                    (abs)         00F93
_TRISC                                    (abs)         00F94
_TRISD                                    (abs)         00F95
_TRISE                                    (abs)         00F96
_WDTCONbits                               (abs)         00FC0
__HRAM                                    (abs)         00000
__Habs1                                   abs1          00000
__Hbank0                                  bank0         00000
__Hbank1                                  bank1         00000
__Hbank10                                 bank10        00000
__Hbank11                                 bank11        00000
__Hbank12                                 bank12        00000
__Hbank13                                 bank13        00000
__Hbank14                                 bank14        00000
__Hbank2                                  bank2         00000
__Hbank3                                  bank3         00000
__Hbank4                                  bank4         00000
__Hbank5                                  bank5         00000
__Hbank6                                  bank6         00000
__Hbank7                                  bank7         00000
__Hbank8                                  bank8         00000
__Hbank9                                  bank9         00000
__Hbigbss                                 bigbss        00000
__Hbigdata                                bigdata       00000
__Hbigram                                 bigram        00000
__Hbigsfr                                 bigsfr        00000
__Hbss                                    bss           00000
__Hcinit                                  cinit         00000
__Hclrtext                                clrtext       00000
__Hcomram                                 comram        00000
__Hconfig                                 config        10000
__Hconst                                  const         00000
__HcstackCOMRAM                           cstackCOMRAM  00000
__Hdata                                   data          00000
__Hfarbss                                 farbss        00000
__Hfardata                                fardata       00000
__Hheap                                   heap          00000
__Hibigdata                               ibigdata      00000
__Hidata                                  idata         00000
__Hidloc                                  idloc         00000
__Hifardata                               ifardata      00000
__Hinit                                   init          00092
__Hintcode                                intcode       0000E
__Hintcode_body                           intcode_body  00000
__Hintcodelo                              intcodelo     0008E
__Hintentry                               intentry      00000
__Hintret                                 intret        00000
__Hintsave_regs                           intsave_regs  00000
__Hirdata                                 irdata        00000
__Hjflash_buffer                          jflash_buffer 0F800
__Hmediumconst                            mediumconst   00000
__HnvCOMRAM                               nvCOMRAM      00000
__HnvFARRAM                               nvFARRAM      00000
__Hnvbit                                  nvbit         00000
__Hnvrram                                 nvrram        00000
__Hparam                                  rparam        00000
__Hpowerup                                powerup       0008E
__Hram                                    ram           00000
__Hramtop                                 ramtop        00F00
__Hrbit                                   rbit          00000
__Hrbss                                   rbss          00000
__Hrdata                                  rdata         00000
__Hreset_vec                              reset_vec     00004
__Hrparam                                 rparam        00000
__Hsfr                                    sfr           00000
__Hsmallconst                             smallconst    00000
__Hspace_0                                (abs)         0F800
__Hspace_1                                (abs)         00015
__Hspace_2                                (abs)         00000
__Hspace_4                                (abs)         1FFF8
__Hstack                                  stack         00000
__Hstruct                                 struct        00000
__Htemp                                   temp          00015
__Htext                                   text          00000
__Htext0                                  text0         00000
__Htext1                                  text1         00000
__Htext11                                 text11        00000
__Htext12                                 text12        00000
__Htext13                                 text13        00000
__Htext14                                 text14        00000
__Htext15                                 text15        00000
__Htext16                                 text16        00000
__Htext18                                 text18        00000
__Htext19                                 text19        00000
__Htext2                                  text2         00000
__Htext20                                 text20        00000
__Htext21                                 text21        00000
__Htext3                                  text3         00000
__Htext4                                  text4         00000
__Htext5                                  text5         00000
__Htext6                                  text6         00000
__Htext7                                  text7         00000
__Htext8                                  text8         00000
__Htext9                                  text9         00000
__LRAM                                    (abs)         00001
__Labs1                                   abs1          00000
__Lbank0                                  bank0         00000
__Lbank1                                  bank1         00000
__Lbank10                                 bank10        00000
__Lbank11                                 bank11        00000
__Lbank12                                 bank12        00000
__Lbank13                                 bank13        00000
__Lbank14                                 bank14        00000
__Lbank2                                  bank2         00000
__Lbank3                                  bank3         00000
__Lbank4                                  bank4         00000
__Lbank5                                  bank5         00000
__Lbank6                                  bank6         00000
__Lbank7                                  bank7         00000
__Lbank8                                  bank8         00000
__Lbank9                                  bank9         00000
__Lbigbss                                 bigbss        00000
__Lbigdata                                bigdata       00000
__Lbigram                                 bigram        00000
__Lbigsfr                                 bigsfr        00000
__Lbss                                    bss           00000
__Lcinit                                  cinit         00000
__Lclrtext                                clrtext       00000
__Lcomram                                 comram        00000
__Lconfig                                 config        00000
__Lconst                                  const         00000
__LcstackCOMRAM                           cstackCOMRAM  00000
__Ldata                                   data          00000
__Lfarbss                                 farbss        00000
__Lfardata                                fardata       00000
__Lheap                                   heap          00000
__Libigdata                               ibigdata      00000
__Lidata                                  idata         00000
__Lidloc                                  idloc         00000
__Lifardata                               ifardata      00000
__Linit                                   init          0008E
__Lintcode                                intcode       00008
__Lintcode_body                           intcode_body  00000
__Lintcodelo                              intcodelo     00018
__Lintentry                               intentry      00000
__Lintret                                 intret        00000
__Lintsave_regs                           intsave_regs  00000
__Lirdata                                 irdata        00000
__Ljflash_buffer                          jflash_buffer 0F800
__Lmediumconst                            mediumconst   00000
__LnvCOMRAM                               nvCOMRAM      00000
__LnvFARRAM                               nvFARRAM      00000
__Lnvbit                                  nvbit         00000
__Lnvrram                                 nvrram        00000
__Lparam                                  rparam        00000
__Lpowerup                                powerup       0008E
__Lram                                    ram           00000
__Lramtop                                 ramtop        00F00
__Lrbit                                   rbit          00000
__Lrbss                                   rbss          00000
__Lrdata                                  rdata         00000
__Lreset_vec                              reset_vec     00000
__Lrparam                                 rparam        00000
__Lsfr                                    sfr           00000
__Lsmallconst                             smallconst    00000
__Lspace_0                                (abs)         00000
__Lspace_1                                (abs)         00000
__Lspace_2                                (abs)         00000
__Lspace_4                                (abs)         00000
__Lstack                                  stack         00000
__Lstruct                                 struct        00000
__Ltemp                                   temp          00014
__Ltext                                   text          00000
__Ltext0                                  text0         00000
__Ltext1                                  text1         00000
__Ltext11                                 text11        00000
__Ltext12                                 text12        00000
__Ltext13                                 text13        00000
__Ltext14                                 text14        00000
__Ltext15                                 text15        00000
__Ltext16                                 text16        00000
__Ltext18                                 text18        00000
__Ltext19                                 text19        00000
__Ltext2                                  text2         00000
__Ltext20                                 text20        00000
__Ltext21                                 text21        00000
__Ltext3                                  text3         00000
__Ltext4                                  text4         00000
__Ltext5                                  text5         00000
__Ltext6                                  text6         00000
__Ltext7                                  text7         00000
__Ltext8                                  text8         00000
__Ltext9                                  text9         00000
__S0                                      (abs)         00286
__S1                                      (abs)         00015
__S4                                      (abs)         00000
___heap_hi                                (abs)         00000
___heap_lo                                (abs)         00000
___inthi_sp                               stack         00000
___intlo_sp                               stack         00000
___param_bank                             (abs)         00000
___rparam_used                            (abs)         00001
___sp                                     stack         00000
__accesstop                               (abs)         00060
__activetblptr                            (abs)         00002
__end_of_EXT_INT_Initialize               text7         001F6
__end_of_INT1_CallBack                    text15        001A2
__end_of_INT1_DefaultInterruptHandler     text16        00284
__end_of_INT1_ISR                         text14        00280
__end_of_INT1_SetInterruptHandler         text9         00270
__end_of_INT2_CallBack                    text12        00174
__end_of_INT2_DefaultInterruptHandler     text13        00282
__end_of_INT2_ISR                         text11        00278
__end_of_INT2_SetInterruptHandler         text8         00266
__end_of_INTERRUPT_Initialize             text6         0025C
__end_of_INTERRUPT_InterruptManagerHigh   intcode_body  00146
__end_of_INTERRUPT_InterruptManagerLow    intcodelo     0008E
__end_of_OSCILLATOR_Initialize            text5         00252
__end_of_PIN_MANAGER_Initialize           text4         000DA
__end_of_SYSTEM_Initialize                text1         0020C
__end_of_TMR0_CallBack                    text19        001D0
__end_of_TMR0_DefaultInterruptHandler     text20        00286
__end_of_TMR0_ISR                         text18        00230
__end_of_TMR0_Initialize                  text2         00110
__end_of_TMR0_SetInterruptHandler         text3         00248
__end_of__initialization                  cinit         00230
__end_of_main                             text0         00220
__initialization                          cinit         00230
__mediumconst                             mediumconst   00000
__pcinit                                  cinit         00230
__pcstackCOMRAM                           cstackCOMRAM  00001
__pintcode                                intcode       00008
__pintcode_body                           intcode_body  00110
__pintcodelo                              intcodelo     00018
__pnvCOMRAM                               nvCOMRAM      0000C
__ptext0                                  text0         0020C
__ptext1                                  text1         001F6
__ptext11                                 text11        00270
__ptext12                                 text12        00146
__ptext13                                 text13        00280
__ptext14                                 text14        00278
__ptext15                                 text15        00174
__ptext16                                 text16        00282
__ptext18                                 text18        00220
__ptext19                                 text19        001A2
__ptext2                                  text2         000DA
__ptext20                                 text20        00284
__ptext21                                 text21        00000
__ptext3                                  text3         0023E
__ptext4                                  text4         00092
__ptext5                                  text5         00248
__ptext6                                  text6         00252
__ptext7                                  text7         001D0
__ptext8                                  text8         0025C
__ptext9                                  text9         00266
__ramtop                                  ramtop        00F00
__smallconst                              smallconst    00000
_main                                     text0         0020C
_timer0ReloadVal                          nvCOMRAM      00010
btemp                                     temp          00014
end_of_initialization                     cinit         00230
int$flags                                 temp          00014
int_func                                  intcode_body  00110
intlevel0                                 text          00000
intlevel1                                 text          00000
intlevel2                                 text          00000
intlevel3                                 text          00000
isa$std                                   (abs)         00001
isa$xinst                                 (abs)         00000
stackhi                                   (abs)         00000
stacklo                                   (abs)         00000
start                                     init          0008E
start_initialization                      cinit         00230
ttemp5                                    temp          00015
ttemp6                                    temp          00018
ttemp7                                    temp          0001C
wtemp8                                    temp          00015


MODULE INFORMATION

Module		Function		Class		Link	Load	Size
mcc_generated_files/interrupt_manager.c
		_INTERRUPT_Initialize		CODE           	0252	0000	10
		_INTERRUPT_InterruptManagerLow		CODE           	0018	0000	118
		_INTERRUPT_InterruptManagerHigh		CODE           	0008	0000	60

mcc_generated_files/interrupt_manager.c estimated size: 188

mcc_generated_files/tmr0.c
		_TMR0_SetInterruptHandler		CODE           	023E	0000	10
		_TMR0_DefaultInterruptHandler		CODE           	0284	0000	2
		_TMR0_CallBack 		CODE           	01A2	0000	46
		_TMR0_ISR      		CODE           	0220	0000	16
		_TMR0_Initialize		CODE           	00DA	0000	54

mcc_generated_files/tmr0.c estimated size: 128

mcc_generated_files/pin_manager.c
		_PIN_MANAGER_Initialize		CODE           	0092	0000	72

mcc_generated_files/pin_manager.c estimated size: 72

mcc_generated_files/ext_int.c
		_INT1_SetInterruptHandler		CODE           	0266	0000	10
		_EXT_INT_Initialize		CODE           	01D0	0000	38
		_INT2_SetInterruptHandler		CODE           	025C	0000	10
		_INT1_DefaultInterruptHandler		CODE           	0282	0000	2
		_INT1_CallBack 		CODE           	0174	0000	46
		_INT2_DefaultInterruptHandler		CODE           	0280	0000	2
		_INT2_CallBack 		CODE           	0146	0000	46
		_INT1_ISR      		CODE           	0278	0000	8
		_INT2_ISR      		CODE           	0270	0000	8

mcc_generated_files/ext_int.c estimated size: 170

shared
		__initialization		CODE           	0230	0000	1

shared estimated size: 1

mcc_generated_files/mcc.c
		_OSCILLATOR_Initialize		CODE           	0248	0000	10
		_SYSTEM_Initialize		CODE           	01F6	0000	22

mcc_generated_files/mcc.c estimated size: 32

main.c
		_main          		CODE           	020C	0000	20

main.c estimated size: 20

