Microchip MPLAB XC8 Compiler V2.36

Linker command line:

-W-3 --edf=C:\Program Files\Microchip\xc8\v2.36\pic\dat\en_msgs.txt -cn \
  -h+dist/default/production\pic18f-ext_interrupt.X.production.sym \
  --cmf=dist/default/production\pic18f-ext_interrupt.X.production.cmf -z \
  -Q18F46J50 -oC:\Users\afaid\AppData\Local\Temp\xcAsejo.4 \
  --defsym=__MPLAB_BUILD=1 \
  -Mdist/default/production/pic18f-ext_interrupt.X.production.map \
  --md=C:\Users\afaid\AppData\Local\Temp\xcAsejo.dat -E1 -ver=XC8 Compiler \
  --acfsm=1493 -ACODE=00h-0FFF7h -ACONST=00h-0FFF7h \
  -ASMALLCONST=0F00h-0FFFhx240,0FF00h-0FFF7h -AMEDIUMCONST=0F00h-0FFF7h \
  -ACOMRAM=01h-05Fh -AABS1=00h-0EBFh -ABIGRAM=01h-0EBFh \
  -ARAM=060h-0FFh,0100h-01FFhx13,0E00h-0EBFh -ABANK0=060h-0FFh \
  -ABANK1=0100h-01FFh -ABANK2=0200h-02FFh -ABANK3=0300h-03FFh \
  -ABANK4=0400h-04FFh -ABANK5=0500h-05FFh -ABANK6=0600h-06FFh \
  -ABANK7=0700h-07FFh -ABANK8=0800h-08FFh -ABANK9=0900h-09FFh \
  -ABANK10=0A00h-0AFFh -ABANK11=0B00h-0BFFh -ABANK12=0C00h-0CFFh \
  -ABANK13=0D00h-0DFFh -ABANK14=0E00h-0EBFh \
  -ASFR=0EC0h-0EFFh,0F00h-0F5Fh,0F60h-0FFFh -ABIGSFR=0EC0h-0FFFh \
  -ACONFIG=0FFF8h-0FFFFh \
  -preset_vec=00h,intcode=08h,intcodelo=018h,powerup,init -pramtop=0F00h \
  -psmallconst=SMALLCONST -pmediumconst=MEDIUMCONST -pconst=CONST \
  -AFARRAM=00h-00h -pjflash_buffer=0F800h \
  -prdata=COMRAM,nvrram=COMRAM,nvbit=COMRAM,rbss=COMRAM,rbit=COMRAM \
  -pfarbss=FARRAM,fardata=FARRAM,nvFARRAM=FARRAM \
  -pintsave_regs=BIGRAM,bigbss=BIGRAM,bigdata=BIGRAM -pbss=RAM \
  -pidata=CODE,irdata=CODE,ibigdata=CODE,ifardata=CODE -prparam=COMRAM \
  C:\Users\afaid\AppData\Local\Temp\xcAsejo.o \
  dist/default/production\pic18f-ext_interrupt.X.production.o 

Object code version is 3.11

Machine type is 18F46J50



                Name                               Link     Load   Length Selector   Space Scale
C:\Users\afaid\AppData\Local\Temp\xcAsejo.o
                config                             FFF8     FFF8        8        0       4
                init                                 8A       8A        4        C       0
                reset_vec                             0        0        4        0       0
dist/default/production\pic18f-ext_interrupt.X.production.o
                intcodelo                            18       18       72        C       0
                intcode                               8        8        6        4       0
                config                             FFF8     FFF8        8        0       4
                temp                                 16       16        1        1       1
                text24                              2EC      2EC        2        C       0
                text23                              224      224       2E        C       0
                text22                              2DE      2DE        8        C       0
                text21                              2EA      2EA        2        C       0
                text20                              1F6      1F6       2E        C       0
                text19                              268      268       10        C       0
                intcode_body                         8E       8E       58        C       0
                text17                              2E8      2E8        2        C       0
                text16                              1C8      1C8       2E        C       0
                text15                              2D6      2D6        8        C       0
                text14                              2E6      2E6        2        C       0
                text13                              19A      19A       2E        C       0
                text12                              2CE      2CE        8        C       0
                text10                              2C4      2C4        A        C       0
                text9                               2BA      2BA        A        C       0
                text8                               2B0      2B0        A        C       0
                text7                               12C      12C       38        C       0
                text6                               2A6      2A6        A        C       0
                text5                               29C      29C        A        C       0
                text4                                E6       E6       46        C       0
                text3                               292      292        A        C       0
                text2                               164      164       36        C       0
                text1                               252      252       16        C       0
                text0                               286      286        C        C       0
                cstackCOMRAM                          1        1        B        1       1
                cinit                               278      278        E        C       0
                nvCOMRAM                              C        C        A        1       1

TOTAL           Name                               Link     Load   Length     Space
        CLASS   CODE           
                intcodelo                            18       18       72         0
                intcode                               8        8        6         0
                init                                 8A       8A        4         0
                reset_vec                             0        0        4         0
                text24                              2EC      2EC        2         0
                text23                              224      224       2E         0
                text22                              2DE      2DE        8         0
                text21                              2EA      2EA        2         0
                text20                              1F6      1F6       2E         0
                text19                              268      268       10         0
                intcode_body                         8E       8E       58         0
                text17                              2E8      2E8        2         0
                text16                              1C8      1C8       2E         0
                text15                              2D6      2D6        8         0
                text14                              2E6      2E6        2         0
                text13                              19A      19A       2E         0
                text12                              2CE      2CE        8         0
                text10                              2C4      2C4        A         0
                text9                               2BA      2BA        A         0
                text8                               2B0      2B0        A         0
                text7                               12C      12C       38         0
                text6                               2A6      2A6        A         0
                text5                               29C      29C        A         0
                text4                                E6       E6       46         0
                text3                               292      292        A         0
                text2                               164      164       36         0
                text1                               252      252       16         0
                text0                               286      286        C         0
                cinit                               278      278        E         0

        CLASS   CONST          

        CLASS   SMALLCONST     

        CLASS   MEDIUMCONST    

        CLASS   COMRAM         
                temp                                 16       16        1         1
                cstackCOMRAM                          1        1        B         1
                nvCOMRAM                              C        C        A         1

        CLASS   ABS1           

        CLASS   BIGRAM         

        CLASS   RAM            

        CLASS   BANK0          

        CLASS   BANK1          

        CLASS   BANK2          

        CLASS   BANK3          

        CLASS   BANK4          

        CLASS   BANK5          

        CLASS   BANK6          

        CLASS   BANK7          

        CLASS   BANK8          

        CLASS   BANK9          

        CLASS   BANK10         

        CLASS   BANK11         

        CLASS   BANK12         

        CLASS   BANK13         

        CLASS   BANK14         

        CLASS   SFR            

        CLASS   BIGSFR         

        CLASS   CONFIG         
                config                             FFF8     FFF8        8         4

        CLASS   FARRAM         

        CLASS   HEAP           

        CLASS   STACK          

        CLASS   IDLOC          



SEGMENTS        Name                           Load    Length   Top    Selector   Space  Class

                reset_vec                      000000  000004  000004         0       0  CODE    
                cstackCOMRAM                   000001  000016  000017         1       1  COMRAM  
                intcode                        000008  000006  00000E         4       0  CODE    
                intcodelo                      000018  0002D6  0002EE         C       0  CODE    


UNUSED ADDRESS RANGES

        Name                Unused          Largest block    Delta
        BANK0            00060-000FF              A0
        BANK1            00100-001FF             100
        BANK10           00A00-00AFF             100
        BANK11           00B00-00BFF             100
        BANK12           00C00-00CFF             100
        BANK13           00D00-00DFF             100
        BANK14           00E00-00EBF              C0
        BANK2            00200-002FF             100
        BANK3            00300-003FF             100
        BANK4            00400-004FF             100
        BANK5            00500-005FF             100
        BANK6            00600-006FF             100
        BANK7            00700-007FF             100
        BANK8            00800-008FF             100
        BANK9            00900-009FF             100
        BIGRAM           00017-00EBF             EA9
        BIGSFR           00EC0-00FFF             140
        CODE             00004-00007               4
                         0000E-00017               A
                         002EE-0FFF7            FD0A
        COMRAM           00017-0005F              49
        CONST            00004-00007               4
                         0000E-00017               A
                         002EE-0FFF7            FD0A
        MEDIUMCONST      00F00-0FFF7            F0F8
        RAM              00060-00EBF             100
        SFR              00EC0-00FFF              60
        SMALLCONST       00F00-0FFF7             100

                                  Symbol Table

INT0_SetInterruptHandler@InterruptHandler cstackCOMRAM  00008
INT1_SetInterruptHandler@InterruptHandler cstackCOMRAM  00008
INT2_SetInterruptHandler@InterruptHandler cstackCOMRAM  00008
TMR0_SetInterruptHandler@InterruptHandler cstackCOMRAM  00008
_ANCON0                                   (abs)         00F48
_ANCON1                                   (abs)         00F49
_EXT_INT_Initialize                       text7         0012C
_INT0_CallBack                            text23        00224
_INT0_DefaultInterruptHandler             text24        002EC
_INT0_ISR                                 text22        002DE
_INT0_InterruptHandler                    nvCOMRAM      00010
_INT0_SetInterruptHandler                 text10        002C4
_INT1_CallBack                            text16        001C8
_INT1_DefaultInterruptHandler             text17        002E8
_INT1_ISR                                 text15        002D6
_INT1_InterruptHandler                    nvCOMRAM      0000E
_INT1_SetInterruptHandler                 text9         002BA
_INT2_CallBack                            text13        0019A
_INT2_DefaultInterruptHandler             text14        002E6
_INT2_ISR                                 text12        002CE
_INT2_InterruptHandler                    nvCOMRAM      0000C
_INT2_SetInterruptHandler                 text8         002B0
_INTCON2bits                              (abs)         00FF1
_INTCON3bits                              (abs)         00FF0
_INTCONbits                               (abs)         00FF2
_INTERRUPT_Initialize                     text6         002A6
_INTERRUPT_InterruptManagerHigh           intcode       00008
_INTERRUPT_InterruptManagerLow            intcodelo     00018
_LATA                                     (abs)         00F89
_LATB                                     (abs)         00F8A
_LATC                                     (abs)         00F8B
_LATD                                     (abs)         00F8C
_LATE                                     (abs)         00F8D
_ODCON1                                   (abs)         00F42
_ODCON2                                   (abs)         00F41
_ODCON3                                   (abs)         00F40
_OSCCON                                   (abs)         00FD3
_OSCILLATOR_Initialize                    text5         0029C
_OSCTUNEbits                              (abs)         00F9B
_PIN_MANAGER_Initialize                   text4         000E6
_RCONbits                                 (abs)         00FD0
_RPINR1                                   (abs)         00EE7
_RPINR2                                   (abs)         00EE8
_SYSTEM_Initialize                        text1         00252
_T0CON                                    (abs)         00FD5
_T0CONbits                                (abs)         00FD5
_TMR0H                                    (abs)         00FD7
_TMR0L                                    (abs)         00FD6
_TMR0_CallBack                            text20        001F6
_TMR0_DefaultInterruptHandler             text21        002EA
_TMR0_ISR                                 text19        00268
_TMR0_Initialize                          text2         00164
_TMR0_InterruptHandler                    nvCOMRAM      00014
_TMR0_SetInterruptHandler                 text3         00292
_TRISA                                    (abs)         00F92
_TRISB                                    (abs)         00F93
_TRISC                                    (abs)         00F94
_TRISD                                    (abs)         00F95
_TRISE                                    (abs)         00F96
_WDTCONbits                               (abs)         00FC0
__HRAM                                    (abs)         00000
__Habs1                                   abs1          00000
__Hbank0                                  bank0         00000
__Hbank1                                  bank1         00000
__Hbank10                                 bank10        00000
__Hbank11                                 bank11        00000
__Hbank12                                 bank12        00000
__Hbank13                                 bank13        00000
__Hbank14                                 bank14        00000
__Hbank2                                  bank2         00000
__Hbank3                                  bank3         00000
__Hbank4                                  bank4         00000
__Hbank5                                  bank5         00000
__Hbank6                                  bank6         00000
__Hbank7                                  bank7         00000
__Hbank8                                  bank8         00000
__Hbank9                                  bank9         00000
__Hbigbss                                 bigbss        00000
__Hbigdata                                bigdata       00000
__Hbigram                                 bigram        00000
__Hbigsfr                                 bigsfr        00000
__Hbss                                    bss           00000
__Hcinit                                  cinit         00000
__Hclrtext                                clrtext       00000
__Hcomram                                 comram        00000
__Hconfig                                 config        10000
__Hconst                                  const         00000
__HcstackCOMRAM                           cstackCOMRAM  00000
__Hdata                                   data          00000
__Hfarbss                                 farbss        00000
__Hfardata                                fardata       00000
__Hheap                                   heap          00000
__Hibigdata                               ibigdata      00000
__Hidata                                  idata         00000
__Hidloc                                  idloc         00000
__Hifardata                               ifardata      00000
__Hinit                                   init          0008E
__Hintcode                                intcode       0000E
__Hintcode_body                           intcode_body  00000
__Hintcodelo                              intcodelo     0008A
__Hintentry                               intentry      00000
__Hintret                                 intret        00000
__Hintsave_regs                           intsave_regs  00000
__Hirdata                                 irdata        00000
__Hjflash_buffer                          jflash_buffer 0F800
__Hmediumconst                            mediumconst   00000
__HnvCOMRAM                               nvCOMRAM      00000
__HnvFARRAM                               nvFARRAM      00000
__Hnvbit                                  nvbit         00000
__Hnvrram                                 nvrram        00000
__Hparam                                  rparam        00000
__Hpowerup                                powerup       0008A
__Hram                                    ram           00000
__Hramtop                                 ramtop        00F00
__Hrbit                                   rbit          00000
__Hrbss                                   rbss          00000
__Hrdata                                  rdata         00000
__Hreset_vec                              reset_vec     00004
__Hrparam                                 rparam        00000
__Hsfr                                    sfr           00000
__Hsmallconst                             smallconst    00000
__Hspace_0                                (abs)         0F800
__Hspace_1                                (abs)         00017
__Hspace_2                                (abs)         00000
__Hspace_4                                (abs)         1FFF8
__Hstack                                  stack         00000
__Hstruct                                 struct        00000
__Htemp                                   temp          00017
__Htext                                   text          00000
__Htext0                                  text0         00000
__Htext1                                  text1         00000
__Htext10                                 text10        00000
__Htext12                                 text12        00000
__Htext13                                 text13        00000
__Htext14                                 text14        00000
__Htext15                                 text15        00000
__Htext16                                 text16        00000
__Htext17                                 text17        00000
__Htext19                                 text19        00000
__Htext2                                  text2         00000
__Htext20                                 text20        00000
__Htext21                                 text21        00000
__Htext22                                 text22        00000
__Htext23                                 text23        00000
__Htext24                                 text24        00000
__Htext25                                 text25        00000
__Htext3                                  text3         00000
__Htext4                                  text4         00000
__Htext5                                  text5         00000
__Htext6                                  text6         00000
__Htext7                                  text7         00000
__Htext8                                  text8         00000
__Htext9                                  text9         00000
__LRAM                                    (abs)         00001
__Labs1                                   abs1          00000
__Lbank0                                  bank0         00000
__Lbank1                                  bank1         00000
__Lbank10                                 bank10        00000
__Lbank11                                 bank11        00000
__Lbank12                                 bank12        00000
__Lbank13                                 bank13        00000
__Lbank14                                 bank14        00000
__Lbank2                                  bank2         00000
__Lbank3                                  bank3         00000
__Lbank4                                  bank4         00000
__Lbank5                                  bank5         00000
__Lbank6                                  bank6         00000
__Lbank7                                  bank7         00000
__Lbank8                                  bank8         00000
__Lbank9                                  bank9         00000
__Lbigbss                                 bigbss        00000
__Lbigdata                                bigdata       00000
__Lbigram                                 bigram        00000
__Lbigsfr                                 bigsfr        00000
__Lbss                                    bss           00000
__Lcinit                                  cinit         00000
__Lclrtext                                clrtext       00000
__Lcomram                                 comram        00000
__Lconfig                                 config        00000
__Lconst                                  const         00000
__LcstackCOMRAM                           cstackCOMRAM  00000
__Ldata                                   data          00000
__Lfarbss                                 farbss        00000
__Lfardata                                fardata       00000
__Lheap                                   heap          00000
__Libigdata                               ibigdata      00000
__Lidata                                  idata         00000
__Lidloc                                  idloc         00000
__Lifardata                               ifardata      00000
__Linit                                   init          0008A
__Lintcode                                intcode       00008
__Lintcode_body                           intcode_body  00000
__Lintcodelo                              intcodelo     00018
__Lintentry                               intentry      00000
__Lintret                                 intret        00000
__Lintsave_regs                           intsave_regs  00000
__Lirdata                                 irdata        00000
__Ljflash_buffer                          jflash_buffer 0F800
__Lmediumconst                            mediumconst   00000
__LnvCOMRAM                               nvCOMRAM      00000
__LnvFARRAM                               nvFARRAM      00000
__Lnvbit                                  nvbit         00000
__Lnvrram                                 nvrram        00000
__Lparam                                  rparam        00000
__Lpowerup                                powerup       0008A
__Lram                                    ram           00000
__Lramtop                                 ramtop        00F00
__Lrbit                                   rbit          00000
__Lrbss                                   rbss          00000
__Lrdata                                  rdata         00000
__Lreset_vec                              reset_vec     00000
__Lrparam                                 rparam        00000
__Lsfr                                    sfr           00000
__Lsmallconst                             smallconst    00000
__Lspace_0                                (abs)         00000
__Lspace_1                                (abs)         00000
__Lspace_2                                (abs)         00000
__Lspace_4                                (abs)         00000
__Lstack                                  stack         00000
__Lstruct                                 struct        00000
__Ltemp                                   temp          00016
__Ltext                                   text          00000
__Ltext0                                  text0         00000
__Ltext1                                  text1         00000
__Ltext10                                 text10        00000
__Ltext12                                 text12        00000
__Ltext13                                 text13        00000
__Ltext14                                 text14        00000
__Ltext15                                 text15        00000
__Ltext16                                 text16        00000
__Ltext17                                 text17        00000
__Ltext19                                 text19        00000
__Ltext2                                  text2         00000
__Ltext20                                 text20        00000
__Ltext21                                 text21        00000
__Ltext22                                 text22        00000
__Ltext23                                 text23        00000
__Ltext24                                 text24        00000
__Ltext25                                 text25        00000
__Ltext3                                  text3         00000
__Ltext4                                  text4         00000
__Ltext5                                  text5         00000
__Ltext6                                  text6         00000
__Ltext7                                  text7         00000
__Ltext8                                  text8         00000
__Ltext9                                  text9         00000
__S0                                      (abs)         002EE
__S1                                      (abs)         00017
__S4                                      (abs)         00000
___heap_hi                                (abs)         00000
___heap_lo                                (abs)         00000
___inthi_sp                               stack         00000
___intlo_sp                               stack         00000
___param_bank                             (abs)         00000
___rparam_used                            (abs)         00001
___sp                                     stack         00000
__accesstop                               (abs)         00060
__activetblptr                            (abs)         00002
__end_of_EXT_INT_Initialize               text7         00164
__end_of_INT0_CallBack                    text23        00252
__end_of_INT0_DefaultInterruptHandler     text24        002EE
__end_of_INT0_ISR                         text22        002E6
__end_of_INT0_SetInterruptHandler         text10        002CE
__end_of_INT1_CallBack                    text16        001F6
__end_of_INT1_DefaultInterruptHandler     text17        002EA
__end_of_INT1_ISR                         text15        002DE
__end_of_INT1_SetInterruptHandler         text9         002C4
__end_of_INT2_CallBack                    text13        001C8
__end_of_INT2_DefaultInterruptHandler     text14        002E8
__end_of_INT2_ISR                         text12        002D6
__end_of_INT2_SetInterruptHandler         text8         002BA
__end_of_INTERRUPT_Initialize             text6         002B0
__end_of_INTERRUPT_InterruptManagerHigh   intcode_body  000E6
__end_of_INTERRUPT_InterruptManagerLow    intcodelo     0008A
__end_of_OSCILLATOR_Initialize            text5         002A6
__end_of_PIN_MANAGER_Initialize           text4         0012C
__end_of_SYSTEM_Initialize                text1         00268
__end_of_TMR0_CallBack                    text20        00224
__end_of_TMR0_DefaultInterruptHandler     text21        002EC
__end_of_TMR0_ISR                         text19        00278
__end_of_TMR0_Initialize                  text2         0019A
__end_of_TMR0_SetInterruptHandler         text3         0029C
__end_of__initialization                  cinit         00278
__end_of_main                             text0         00292
__initialization                          cinit         00278
__mediumconst                             mediumconst   00000
__pcinit                                  cinit         00278
__pcstackCOMRAM                           cstackCOMRAM  00001
__pintcode                                intcode       00008
__pintcode_body                           intcode_body  0008E
__pintcodelo                              intcodelo     00018
__pnvCOMRAM                               nvCOMRAM      0000C
__ptext0                                  text0         00286
__ptext1                                  text1         00252
__ptext10                                 text10        002C4
__ptext12                                 text12        002CE
__ptext13                                 text13        0019A
__ptext14                                 text14        002E6
__ptext15                                 text15        002D6
__ptext16                                 text16        001C8
__ptext17                                 text17        002E8
__ptext19                                 text19        00268
__ptext2                                  text2         00164
__ptext20                                 text20        001F6
__ptext21                                 text21        002EA
__ptext22                                 text22        002DE
__ptext23                                 text23        00224
__ptext24                                 text24        002EC
__ptext25                                 text25        00000
__ptext3                                  text3         00292
__ptext4                                  text4         000E6
__ptext5                                  text5         0029C
__ptext6                                  text6         002A6
__ptext7                                  text7         0012C
__ptext8                                  text8         002B0
__ptext9                                  text9         002BA
__ramtop                                  ramtop        00F00
__smallconst                              smallconst    00000
_main                                     text0         00286
_timer0ReloadVal                          nvCOMRAM      00012
btemp                                     temp          00016
end_of_initialization                     cinit         00278
int$flags                                 temp          00016
int_func                                  intcode_body  0008E
intlevel0                                 text          00000
intlevel1                                 text          00000
intlevel2                                 text          00000
intlevel3                                 text          00000
isa$std                                   (abs)         00001
isa$xinst                                 (abs)         00000
stackhi                                   (abs)         00000
stacklo                                   (abs)         00000
start                                     init          0008A
start_initialization                      cinit         00278
ttemp5                                    temp          00017
ttemp6                                    temp          0001A
ttemp7                                    temp          0001E
wtemp8                                    temp          00017


MODULE INFORMATION

Module		Function		Class		Link	Load	Size
mcc_generated_files/interrupt_manager.c
		_INTERRUPT_Initialize		CODE           	02A6	0000	10
		_INTERRUPT_InterruptManagerLow		CODE           	0018	0000	114
		_INTERRUPT_InterruptManagerHigh		CODE           	0008	0000	94

mcc_generated_files/interrupt_manager.c estimated size: 218

mcc_generated_files/tmr0.c
		_TMR0_SetInterruptHandler		CODE           	0292	0000	10
		_TMR0_DefaultInterruptHandler		CODE           	02EA	0000	2
		_TMR0_CallBack 		CODE           	01F6	0000	46
		_TMR0_ISR      		CODE           	0268	0000	16
		_TMR0_Initialize		CODE           	0164	0000	54

mcc_generated_files/tmr0.c estimated size: 128

mcc_generated_files/pin_manager.c
		_PIN_MANAGER_Initialize		CODE           	00E6	0000	70

mcc_generated_files/pin_manager.c estimated size: 70

mcc_generated_files/ext_int.c
		_INT0_SetInterruptHandler		CODE           	02C4	0000	10
		_INT1_SetInterruptHandler		CODE           	02BA	0000	10
		_EXT_INT_Initialize		CODE           	012C	0000	56
		_INT2_SetInterruptHandler		CODE           	02B0	0000	10
		_INT0_DefaultInterruptHandler		CODE           	02EC	0000	2
		_INT0_CallBack 		CODE           	0224	0000	46
		_INT1_DefaultInterruptHandler		CODE           	02E8	0000	2
		_INT1_CallBack 		CODE           	01C8	0000	46
		_INT2_DefaultInterruptHandler		CODE           	02E6	0000	2
		_INT2_CallBack 		CODE           	019A	0000	46
		_INT0_ISR      		CODE           	02DE	0000	8
		_INT1_ISR      		CODE           	02D6	0000	8
		_INT2_ISR      		CODE           	02CE	0000	8

mcc_generated_files/ext_int.c estimated size: 254

shared
		__initialization		CODE           	0278	0000	1

shared estimated size: 1

mcc_generated_files/mcc.c
		_OSCILLATOR_Initialize		CODE           	029C	0000	10
		_SYSTEM_Initialize		CODE           	0252	0000	22

mcc_generated_files/mcc.c estimated size: 32

main.c
		_main          		CODE           	0286	0000	12

main.c estimated size: 12

