Archive member included because of file (symbol)

d:/program files (x86)/microchip/mplab c32 suite/bin/../lib/gcc/pic32mx/4.5.1/../../../../pic32mx/lib\liblega-c.a(memset.o)
                              build/PIC32_USB_Starter_Kit_II/production/_ext/926206843/usb_device.o (memset)
d:/program files (x86)/microchip/mplab c32 suite/bin/../lib/gcc/pic32mx/4.5.1/../../../../pic32mx/lib\liblega-c.a(legacy-general-exception.o)
                              d:/program files (x86)/microchip/mplab c32 suite/bin/../lib/gcc/pic32mx/4.5.1/../../../../pic32mx/lib/crt0.o (_general_exception_context)
d:/program files (x86)/microchip/mplab c32 suite/bin/../lib/gcc/pic32mx/4.5.1/../../../../pic32mx/lib\liblega-c.a(default-general-exception-handler.o)
                              d:/program files (x86)/microchip/mplab c32 suite/bin/../lib/gcc/pic32mx/4.5.1/../../../../pic32mx/lib\liblega-c.a(legacy-general-exception.o) (_general_exception_handler)
d:/program files (x86)/microchip/mplab c32 suite/bin/../lib/gcc/pic32mx/4.5.1/../../../../pic32mx/lib\liblega-c.a(default-bootstrap-exception-handler.o)
                              d:/program files (x86)/microchip/mplab c32 suite/bin/../lib/gcc/pic32mx/4.5.1/../../../../pic32mx/lib/crt0.o (_bootstrap_exception_handler)
d:/program files (x86)/microchip/mplab c32 suite/bin/../lib/gcc/pic32mx/4.5.1/../../../../pic32mx/lib\liblega-c.a(default-on-reset.o)
                              d:/program files (x86)/microchip/mplab c32 suite/bin/../lib/gcc/pic32mx/4.5.1/../../../../pic32mx/lib/crt0.o (_on_reset)
d:/program files (x86)/microchip/mplab c32 suite/bin/../lib/gcc/pic32mx/4.5.1/../../../../pic32mx/lib\liblega-c.a(default-on-bootstrap.o)
                              d:/program files (x86)/microchip/mplab c32 suite/bin/../lib/gcc/pic32mx/4.5.1/../../../../pic32mx/lib/crt0.o (_on_bootstrap)
d:/program files (x86)/microchip/mplab c32 suite/bin/../lib/gcc/pic32mx/4.5.1/../../../../pic32mx/lib\liblega-c.a(default-nmi-handler.o)
                              d:/program files (x86)/microchip/mplab c32 suite/bin/../lib/gcc/pic32mx/4.5.1/../../../../pic32mx/lib/crt0.o (_nmi_handler)
d:/program files (x86)/microchip/mplab c32 suite/bin/../lib/gcc/pic32mx/4.5.1/../../../../pic32mx/lib\libmchp_peripheral_32MX795F512L.a(pcache.o)
                              build/PIC32_USB_Starter_Kit_II/production/_ext/1472/main.o (CheKseg0CacheOn)
d:/program files (x86)/microchip/mplab c32 suite/bin/../lib/gcc/pic32mx/4.5.1/../../../../pic32mx/lib\libmchp_peripheral_32MX795F512L.a(int_enable_interrupts_lib.o)
                              build/PIC32_USB_Starter_Kit_II/production/_ext/926206843/usb_device.o (INTEnableInterrupts)
d:/program files (x86)/microchip/mplab c32 suite/bin/../lib/gcc/pic32mx/4.5.1/../../../../pic32mx/lib\libmchp_peripheral_32MX795F512L.a(int_disable_interrupts_lib.o)
                              build/PIC32_USB_Starter_Kit_II/production/_ext/1472/main.o (INTDisableInterrupts)
d:/program files (x86)/microchip/mplab c32 suite/bin/../lib/gcc/pic32mx/4.5.1/../../../../pic32mx/lib\libmchp_peripheral_32MX795F512L.a(int_restore_interrupts_lib.o)
                              build/PIC32_USB_Starter_Kit_II/production/_ext/1472/main.o (INTRestoreInterrupts)
d:/program files (x86)/microchip/mplab c32 suite/bin/../lib/gcc/pic32mx/4.5.1/../../../../pic32mx/lib\libmchp_peripheral_32MX795F512L.a(int_enable_mv_int_lib.o)
                              build/PIC32_USB_Starter_Kit_II/production/_ext/926206843/usb_device.o (INTEnableSystemMultiVectoredInt)
d:/program files (x86)/microchip/mplab c32 suite/bin/../lib/gcc/pic32mx/4.5.1/../../../../pic32mx/lib\libmchp_peripheral_32MX795F512L.a(int_tbl_lib.o)
                              build/PIC32_USB_Starter_Kit_II/production/_ext/926206843/usb_device.o (INTClearFlag)

Allocating common symbols
Common symbol       size              file

stringPrinted       0x4               build/PIC32_USB_Starter_Kit_II/production/_ext/1472/main.o
ep_data_in          0x3               build/PIC32_USB_Starter_Kit_II/production/_ext/926206843/usb_device.o
inPipes             0x10              build/PIC32_USB_Starter_Kit_II/production/_ext/926206843/usb_device.o
control_signal_bitmap
                    0x4               build/PIC32_USB_Starter_Kit_II/production/_ext/1083301514/usb_function_cdc.o
USBDeferStatusStagePacket
                    0x4               build/PIC32_USB_Starter_Kit_II/production/_ext/926206843/usb_device.o
USTATcopy           0x1               build/PIC32_USB_Starter_Kit_II/production/_ext/926206843/usb_device.o
CtrlTrfData         0x8               build/PIC32_USB_Starter_Kit_II/production/_ext/926206843/usb_device.o
RemoteWakeup        0x4               build/PIC32_USB_Starter_Kit_II/production/_ext/926206843/usb_device.o
cdc_tx_len          0x1               build/PIC32_USB_Starter_Kit_II/production/_ext/1083301514/usb_function_cdc.o
controlTransferState
                    0x1               build/PIC32_USB_Starter_Kit_II/production/_ext/926206843/usb_device.o
cdc_trf_state       0x1               build/PIC32_USB_Starter_Kit_II/production/_ext/1083301514/usb_function_cdc.o
USBStatusStageTimeoutCounter
                    0x1               build/PIC32_USB_Starter_Kit_II/production/_ext/926206843/usb_device.o
cdc_data_tx         0x40              build/PIC32_USB_Starter_Kit_II/production/_ext/1083301514/usb_function_cdc.o
pDst                0x4               build/PIC32_USB_Starter_Kit_II/production/_ext/926206843/usb_device.o
USBDeferINDataStagePackets
                    0x4               build/PIC32_USB_Starter_Kit_II/production/_ext/926206843/usb_device.o
cdc_notice          0xa               build/PIC32_USB_Starter_Kit_II/production/_ext/1083301514/usb_function_cdc.o
buttonPressed       0x4               build/PIC32_USB_Starter_Kit_II/production/_ext/1472/main.o
ep_data_out         0x3               build/PIC32_USB_Starter_Kit_II/production/_ext/926206843/usb_device.o
cdc_mem_type        0x1               build/PIC32_USB_Starter_Kit_II/production/_ext/1083301514/usb_function_cdc.o
SetupPkt            0x8               build/PIC32_USB_Starter_Kit_II/production/_ext/926206843/usb_device.o
pBDTEntryEP0OutNext
                    0x4               build/PIC32_USB_Starter_Kit_II/production/_ext/926206843/usb_device.o
USBAlternateInterface
                    0x2               build/PIC32_USB_Starter_Kit_II/production/_ext/926206843/usb_device.o
outPipes            0xb               build/PIC32_USB_Starter_Kit_II/production/_ext/926206843/usb_device.o
CDCDataInHandle     0x4               build/PIC32_USB_Starter_Kit_II/production/_ext/1083301514/usb_function_cdc.o
USBStatusStageEnabledFlag2
                    0x4               build/PIC32_USB_Starter_Kit_II/production/_ext/926206843/usb_device.o
BothEP0OutUOWNsSet  0x4               build/PIC32_USB_Starter_Kit_II/production/_ext/926206843/usb_device.o
USBBusIsSuspended   0x4               build/PIC32_USB_Starter_Kit_II/production/_ext/926206843/usb_device.o
USBDeferOUTDataStagePackets
                    0x4               build/PIC32_USB_Starter_Kit_II/production/_ext/926206843/usb_device.o
pCDCSrc             0x4               build/PIC32_USB_Starter_Kit_II/production/_ext/1083301514/usb_function_cdc.o
pBDTEntryOut        0xc               build/PIC32_USB_Starter_Kit_II/production/_ext/926206843/usb_device.o
USBActiveConfiguration
                    0x1               build/PIC32_USB_Starter_Kit_II/production/_ext/926206843/usb_device.o
USB_Out_Buffer      0x40              build/PIC32_USB_Starter_Kit_II/production/_ext/1472/main.o
USB_In_Buffer       0x40              build/PIC32_USB_Starter_Kit_II/production/_ext/1472/main.o
cdc_rx_len          0x1               build/PIC32_USB_Starter_Kit_II/production/_ext/1083301514/usb_function_cdc.o
BaudRateGen         0x4               build/PIC32_USB_Starter_Kit_II/production/_ext/1083301514/usb_function_cdc.o
pCDCDst             0x4               build/PIC32_USB_Starter_Kit_II/production/_ext/1083301514/usb_function_cdc.o
USBStatusStageEnabledFlag1
                    0x4               build/PIC32_USB_Starter_Kit_II/production/_ext/926206843/usb_device.o
buttonCount         0x1               build/PIC32_USB_Starter_Kit_II/production/_ext/1472/main.o
USBDeviceState      0x4               build/PIC32_USB_Starter_Kit_II/production/_ext/926206843/usb_device.o
pBDTEntryIn         0xc               build/PIC32_USB_Starter_Kit_II/production/_ext/926206843/usb_device.o
pBDTEntryEP0OutCurrent
                    0x4               build/PIC32_USB_Starter_Kit_II/production/_ext/926206843/usb_device.o
line_coding         0x8               build/PIC32_USB_Starter_Kit_II/production/_ext/1083301514/usb_function_cdc.o
shortPacketStatus   0x1               build/PIC32_USB_Starter_Kit_II/production/_ext/926206843/usb_device.o
cdc_data_rx         0x40              build/PIC32_USB_Starter_Kit_II/production/_ext/1083301514/usb_function_cdc.o
CDCDataOutHandle    0x4               build/PIC32_USB_Starter_Kit_II/production/_ext/1083301514/usb_function_cdc.o
BDT                 0x60              build/PIC32_USB_Starter_Kit_II/production/_ext/926206843/usb_device.o
dummy_encapsulated_cmd_response
                    0x8               build/PIC32_USB_Starter_Kit_II/production/_ext/1083301514/usb_function_cdc.o
endpoint_number     0x1               build/PIC32_USB_Starter_Kit_II/production/_ext/926206843/usb_device.o

Microchip PIC32 Memory-Usage Report

kseg0 Program-Memory Usage
section                    address  length [bytes]      (dec)  Description
-------                 ----------  -------------------------  -----------
.text                   0x9d000008         0x4cc0       19648  App's exec code 
.rodata                 0x9d004cc8          0x8a8        2216  Read-only const 
.text.general_exception 0x9d005570           0xd0         208   
.text                   0x9d005640           0xa8         168  App's exec code 
.text.INTEnable         0x9d0056e8           0x58          88   
.text.INTSetVectorPrior 0x9d005740           0x3c          60   
.text.INTSetVectorSubPr 0x9d00577c           0x3c          60   
.text.INTEnableSystemMu 0x9d0057b8           0x34          52   
.dinit                  0x9d0057ec           0x34          52   
.text.INTGetVectorPrior 0x9d005820           0x30          48   
.text.INTGetVectorSubPr 0x9d005850           0x30          48   
.text.INTClearFlag      0x9d005880           0x2c          44   
.text.INTSetFlag        0x9d0058ac           0x2c          44   
.text.INTGetFlag        0x9d0058d8           0x2c          44   
.text.INTGetEnable      0x9d005904           0x2c          44   
.text.INTRestoreInterru 0x9d005930           0x1c          28   
.rodata                 0x9d00594c           0x18          24  Read-only const 
.text                   0x9d005964           0x18          24  App's exec code 
.text.CheKseg0CacheOff  0x9d00597c           0x18          24   
.text.CheKseg0CacheOn   0x9d005994           0x18          24   
.text                   0x9d0059ac           0x30          48  App's exec code 
.text.INTEnableInterrup 0x9d0059dc            0x8           8   
.text.INTDisableInterru 0x9d0059e4            0x8           8   
      Total kseg0_program_mem used  :      0x59e4       23012  4.4% of 0x80000

kseg0 Boot-Memory Usage
section                    address  length [bytes]      (dec)  Description
-------                 ----------  -------------------------  -----------
         Total kseg0_boot_mem used  :           0           0  <1% of 0x970

Exception-Memory Usage 
section                    address  length [bytes]      (dec)  Description
-------                 ----------  -------------------------  -----------
.app_excpt              0x9fc01180           0x10          16  General-Exception 
.vector_45              0x9fc017a0            0x8           8  Interrupt Vector 45 
          Total exception_mem used  :        0x18          24  0.6% of 0x1000

kseg1 Boot-Memory Usage
section                    address  length [bytes]      (dec)  Description
-------                 ----------  -------------------------  -----------
.reset                  0xbfc00000          0x1f4         500  Reset handler 
.bev_excpt              0xbfc00380           0x10          16  BEV-Exception 
         Total kseg1_boot_mem used  :       0x204         516  44.2% of 0x490
        --------------------------------------------------------------------------
         Total Program Memory used  :      0x5c00       23552  4.4% of 0x81e00
        --------------------------------------------------------------------------


kseg1 Data-Memory Usage
section                    address  length [bytes]      (dec)  Description
-------                 ----------  -------------------------  -----------
.sbss                   0xa0000000           0x99         153  Small uninit data 
.bss                    0xa0000200          0x36c         876  Uninitialized data 
         Total kseg1_data_mem used  :       0x405        1029  0.8% of 0x20000
        --------------------------------------------------------------------------
            Total Data Memory used  :       0x405        1029  0.8% of 0x20000
        --------------------------------------------------------------------------


Dynamic Data-Memory Reservation
section                    address  length [bytes]      (dec)  Description
-------                 ----------  -------------------------  -----------
heap                    0xa0000570              0           0  Reserved for heap 
stack                   0xa0000588        0x1fa68      129640  Reserved for stack 

        --------------------------------------------------------------------------

Discarded input sections

 .reginfo       0x00000000       0x18 d:/program files (x86)/microchip/mplab c32 suite/bin/../lib/gcc/pic32mx/4.5.1/../../../../pic32mx/lib/crt0.o
 .pdr           0x00000000       0xa0 d:/program files (x86)/microchip/mplab c32 suite/bin/../lib/gcc/pic32mx/4.5.1/../../../../pic32mx/lib/crt0.o
 .reginfo       0x00000000       0x18 build/PIC32_USB_Starter_Kit_II/production/_ext/926206843/usb_device.o
 .pdr           0x00000000      0x360 build/PIC32_USB_Starter_Kit_II/production/_ext/926206843/usb_device.o
 .reginfo       0x00000000       0x18 build/PIC32_USB_Starter_Kit_II/production/_ext/1083301514/usb_function_cdc.o
 .pdr           0x00000000      0x100 build/PIC32_USB_Starter_Kit_II/production/_ext/1083301514/usb_function_cdc.o
 .reginfo       0x00000000       0x18 build/PIC32_USB_Starter_Kit_II/production/_ext/1472/main.o
 .pdr           0x00000000      0x1c0 build/PIC32_USB_Starter_Kit_II/production/_ext/1472/main.o
 .reginfo       0x00000000       0x18 build/PIC32_USB_Starter_Kit_II/production/_ext/1472/usb_descriptors.o
 .pdr           0x00000000        0x0 build/PIC32_USB_Starter_Kit_II/production/_ext/1472/usb_descriptors.o
 .reginfo       0x00000000       0x18 d:/program files (x86)/microchip/mplab c32 suite/bin/../lib/gcc/pic32mx/4.5.1/../../../../pic32mx/lib\liblega-c.a(memset.o)
 .pdr           0x00000000       0x20 d:/program files (x86)/microchip/mplab c32 suite/bin/../lib/gcc/pic32mx/4.5.1/../../../../pic32mx/lib\liblega-c.a(memset.o)
 .reginfo       0x00000000       0x18 d:/program files (x86)/microchip/mplab c32 suite/bin/../lib/gcc/pic32mx/4.5.1/../../../../pic32mx/lib\liblega-c.a(legacy-general-exception.o)
 .pdr           0x00000000       0x20 d:/program files (x86)/microchip/mplab c32 suite/bin/../lib/gcc/pic32mx/4.5.1/../../../../pic32mx/lib\liblega-c.a(legacy-general-exception.o)
 .reginfo       0x00000000       0x18 d:/program files (x86)/microchip/mplab c32 suite/bin/../lib/gcc/pic32mx/4.5.1/../../../../pic32mx/lib\liblega-c.a(default-general-exception-handler.o)
 .pdr           0x00000000       0x20 d:/program files (x86)/microchip/mplab c32 suite/bin/../lib/gcc/pic32mx/4.5.1/../../../../pic32mx/lib\liblega-c.a(default-general-exception-handler.o)
 .reginfo       0x00000000       0x18 d:/program files (x86)/microchip/mplab c32 suite/bin/../lib/gcc/pic32mx/4.5.1/../../../../pic32mx/lib\liblega-c.a(default-bootstrap-exception-handler.o)
 .pdr           0x00000000       0x20 d:/program files (x86)/microchip/mplab c32 suite/bin/../lib/gcc/pic32mx/4.5.1/../../../../pic32mx/lib\liblega-c.a(default-bootstrap-exception-handler.o)
 .reginfo       0x00000000       0x18 d:/program files (x86)/microchip/mplab c32 suite/bin/../lib/gcc/pic32mx/4.5.1/../../../../pic32mx/lib\liblega-c.a(default-on-reset.o)
 .pdr           0x00000000       0x20 d:/program files (x86)/microchip/mplab c32 suite/bin/../lib/gcc/pic32mx/4.5.1/../../../../pic32mx/lib\liblega-c.a(default-on-reset.o)
 .reginfo       0x00000000       0x18 d:/program files (x86)/microchip/mplab c32 suite/bin/../lib/gcc/pic32mx/4.5.1/../../../../pic32mx/lib\liblega-c.a(default-on-bootstrap.o)
 .pdr           0x00000000       0x20 d:/program files (x86)/microchip/mplab c32 suite/bin/../lib/gcc/pic32mx/4.5.1/../../../../pic32mx/lib\liblega-c.a(default-on-bootstrap.o)
 .reginfo       0x00000000       0x18 d:/program files (x86)/microchip/mplab c32 suite/bin/../lib/gcc/pic32mx/4.5.1/../../../../pic32mx/lib\liblega-c.a(default-nmi-handler.o)
 .pdr           0x00000000       0x20 d:/program files (x86)/microchip/mplab c32 suite/bin/../lib/gcc/pic32mx/4.5.1/../../../../pic32mx/lib\liblega-c.a(default-nmi-handler.o)
 .reginfo       0x00000000       0x18 d:/program files (x86)/microchip/mplab c32 suite/bin/../lib/gcc/pic32mx/4.5.1/../../../../pic32mx/lib\libmchp_peripheral_32MX795F512L.a(pcache.o)
 .pdr           0x00000000       0x40 d:/program files (x86)/microchip/mplab c32 suite/bin/../lib/gcc/pic32mx/4.5.1/../../../../pic32mx/lib\libmchp_peripheral_32MX795F512L.a(pcache.o)
 .reginfo       0x00000000       0x18 d:/program files (x86)/microchip/mplab c32 suite/bin/../lib/gcc/pic32mx/4.5.1/../../../../pic32mx/lib\libmchp_peripheral_32MX795F512L.a(int_enable_interrupts_lib.o)
 .pdr           0x00000000       0x20 d:/program files (x86)/microchip/mplab c32 suite/bin/../lib/gcc/pic32mx/4.5.1/../../../../pic32mx/lib\libmchp_peripheral_32MX795F512L.a(int_enable_interrupts_lib.o)
 .reginfo       0x00000000       0x18 d:/program files (x86)/microchip/mplab c32 suite/bin/../lib/gcc/pic32mx/4.5.1/../../../../pic32mx/lib\libmchp_peripheral_32MX795F512L.a(int_disable_interrupts_lib.o)
 .pdr           0x00000000       0x20 d:/program files (x86)/microchip/mplab c32 suite/bin/../lib/gcc/pic32mx/4.5.1/../../../../pic32mx/lib\libmchp_peripheral_32MX795F512L.a(int_disable_interrupts_lib.o)
 .reginfo       0x00000000       0x18 d:/program files (x86)/microchip/mplab c32 suite/bin/../lib/gcc/pic32mx/4.5.1/../../../../pic32mx/lib\libmchp_peripheral_32MX795F512L.a(int_restore_interrupts_lib.o)
 .pdr           0x00000000       0x20 d:/program files (x86)/microchip/mplab c32 suite/bin/../lib/gcc/pic32mx/4.5.1/../../../../pic32mx/lib\libmchp_peripheral_32MX795F512L.a(int_restore_interrupts_lib.o)
 .reginfo       0x00000000       0x18 d:/program files (x86)/microchip/mplab c32 suite/bin/../lib/gcc/pic32mx/4.5.1/../../../../pic32mx/lib\libmchp_peripheral_32MX795F512L.a(int_enable_mv_int_lib.o)
 .pdr           0x00000000       0x20 d:/program files (x86)/microchip/mplab c32 suite/bin/../lib/gcc/pic32mx/4.5.1/../../../../pic32mx/lib\libmchp_peripheral_32MX795F512L.a(int_enable_mv_int_lib.o)
 .reginfo       0x00000000       0x18 d:/program files (x86)/microchip/mplab c32 suite/bin/../lib/gcc/pic32mx/4.5.1/../../../../pic32mx/lib\libmchp_peripheral_32MX795F512L.a(int_tbl_lib.o)
 .pdr           0x00000000      0x120 d:/program files (x86)/microchip/mplab c32 suite/bin/../lib/gcc/pic32mx/4.5.1/../../../../pic32mx/lib\libmchp_peripheral_32MX795F512L.a(int_tbl_lib.o)
 .reginfo       0x00000000       0x18 d:/program files (x86)/microchip/mplab c32 suite/bin/../lib/gcc/pic32mx/4.5.1/../../../../pic32mx/lib/./proc/32MX795F512L\processor.o
 .pdr           0x00000000        0x0 d:/program files (x86)/microchip/mplab c32 suite/bin/../lib/gcc/pic32mx/4.5.1/../../../../pic32mx/lib/./proc/32MX795F512L\processor.o

Memory Configuration

Name             Origin             Length             Attributes
kseg0_program_mem 0x9d000000         0x00080000         xr
kseg0_boot_mem   0x9fc00490         0x00000970
exception_mem    0x9fc01000         0x00001000
kseg1_boot_mem   0xbfc00000         0x00000490
debug_exec_mem   0xbfc02000         0x00000ff0
config3          0xbfc02ff0         0x00000004
config2          0xbfc02ff4         0x00000004
config1          0xbfc02ff8         0x00000004
config0          0xbfc02ffc         0x00000004
kseg1_data_mem   0xa0000000         0x00020000         w !x
sfrs             0xbf800000         0x00100000
configsfrs       0xbfc02ff0         0x00000010
*default*        0x00000000         0xffffffff

Linker script and memory map

LOAD d:/program files (x86)/microchip/mplab c32 suite/bin/../lib/gcc/pic32mx/4.5.1/../../../../pic32mx/lib/crt0.o
LOAD build/PIC32_USB_Starter_Kit_II/production/_ext/926206843/usb_device.o
LOAD build/PIC32_USB_Starter_Kit_II/production/_ext/1083301514/usb_function_cdc.o
LOAD build/PIC32_USB_Starter_Kit_II/production/_ext/1472/main.o
LOAD build/PIC32_USB_Starter_Kit_II/production/_ext/1472/usb_descriptors.o
                0x00000001                __MPLAB_BUILD = 0x1
LOAD d:/program files (x86)/microchip/mplab c32 suite/bin/../lib/gcc/pic32mx/4.5.1\libgcc.a
START GROUP
LOAD d:/program files (x86)/microchip/mplab c32 suite/bin/../lib/gcc/pic32mx/4.5.1/../../../../pic32mx/lib\libdebug.a
LOAD d:/program files (x86)/microchip/mplab c32 suite/bin/../lib/gcc/pic32mx/4.5.1/../../../../pic32mx/lib\liblega-c.a
LOAD d:/program files (x86)/microchip/mplab c32 suite/bin/../lib/gcc/pic32mx/4.5.1/../../../../pic32mx/lib\libm.a
LOAD d:/program files (x86)/microchip/mplab c32 suite/bin/../lib/gcc/pic32mx/4.5.1/../../../../pic32mx/lib\libe.a
LOAD d:/program files (x86)/microchip/mplab c32 suite/bin/../lib/gcc/pic32mx/4.5.1/../../../../pic32mx/lib\libdsp.a
LOAD d:/program files (x86)/microchip/mplab c32 suite/bin/../lib/gcc/pic32mx/4.5.1/../../../../pic32mx/lib\libmchp_peripheral.a
LOAD d:/program files (x86)/microchip/mplab c32 suite/bin/../lib/gcc/pic32mx/4.5.1/../../../../pic32mx/lib\libmchp_peripheral_32MX795F512L.a
END GROUP
LOAD d:/program files (x86)/microchip/mplab c32 suite/bin/../lib/gcc/pic32mx/4.5.1\libgcc.a
                0x00000400                PROVIDE (_min_stack_size, 0x400)
                0x00000000                PROVIDE (_min_heap_size, 0x0)
LOAD d:/program files (x86)/microchip/mplab c32 suite/bin/../lib/gcc/pic32mx/4.5.1/../../../../pic32mx/lib/./proc/32MX795F512L\processor.o
                0x00000001                PROVIDE (_vector_spacing, 0x1)
                0x9fc01000                _ebase_address = 0x9fc01000
                0xbfc00000                _RESET_ADDR = 0xbfc00000
                0xbfc00380                _BEV_EXCPT_ADDR = 0xbfc00380
                0xbfc00480                _DBG_EXCPT_ADDR = 0xbfc00480
                0xbfc02000                _DBG_CODE_ADDR = 0xbfc02000
                0x00000ff0                _DBG_CODE_SIZE = 0xff0
                0x9fc01180                _GEN_EXCPT_ADDR = (_ebase_address + 0x180)

.config_BFC02FF0
 *(.config_BFC02FF0)

.config_BFC02FF4
                0xbfc02ff4        0x4
 *(.config_BFC02FF4)
 .config_BFC02FF4
                0xbfc02ff4        0x4 build/PIC32_USB_Starter_Kit_II/production/_ext/1472/main.o

.config_BFC02FF8
                0xbfc02ff8        0x4
 *(.config_BFC02FF8)
 .config_BFC02FF8
                0xbfc02ff8        0x4 build/PIC32_USB_Starter_Kit_II/production/_ext/1472/main.o

.config_BFC02FFC
                0xbfc02ffc        0x4
 *(.config_BFC02FFC)
 .config_BFC02FFC
                0xbfc02ffc        0x4 build/PIC32_USB_Starter_Kit_II/production/_ext/1472/main.o
                0xbfc02000                PROVIDE (_DBG_CODE_ADDR, 0xbfc02000)
                0x00000ff0                PROVIDE (_DBG_CODE_SIZE, 0xff0)

.reset          0xbfc00000      0x1f4
 *(.reset)
 .reset         0xbfc00000       0x10 d:/program files (x86)/microchip/mplab c32 suite/bin/../lib/gcc/pic32mx/4.5.1/../../../../pic32mx/lib/crt0.o
                0xbfc00000                _reset
 *(.reset.startup)
 .reset.startup
                0xbfc00010      0x1e4 d:/program files (x86)/microchip/mplab c32 suite/bin/../lib/gcc/pic32mx/4.5.1/../../../../pic32mx/lib/crt0.o

.bev_excpt      0xbfc00380       0x10
 *(.bev_handler)
 .bev_handler   0xbfc00380       0x10 d:/program files (x86)/microchip/mplab c32 suite/bin/../lib/gcc/pic32mx/4.5.1/../../../../pic32mx/lib/crt0.o

.dbg_excpt      0xbfc00480        0x0
                0xbfc00480                . = (. + DEFINED (_DEBUGGER)?0x8:0x0)

.dbg_code       0xbfc02000        0x0
                0xbfc02000                . = (. + DEFINED (_DEBUGGER)?_DBG_CODE_SIZE:0x0)

.app_excpt      0x9fc01180       0x10
 *(.gen_handler)
 .gen_handler   0x9fc01180       0x10 d:/program files (x86)/microchip/mplab c32 suite/bin/../lib/gcc/pic32mx/4.5.1/../../../../pic32mx/lib/crt0.o

.vector_0       0x9fc01200        0x0
 *(.vector_0)
                0x00000001                ASSERT (((_vector_spacing == 0x0) || (SIZEOF (.vector_0) <= (_vector_spacing << 0x5))), function at exception vector 0 too large)

.vector_1       0x9fc01220        0x0
 *(.vector_1)
                0x00000001                ASSERT (((_vector_spacing == 0x0) || (SIZEOF (.vector_1) <= (_vector_spacing << 0x5))), function at exception vector 1 too large)

.vector_2       0x9fc01240        0x0
 *(.vector_2)
                0x00000001                ASSERT (((_vector_spacing == 0x0) || (SIZEOF (.vector_2) <= (_vector_spacing << 0x5))), function at exception vector 2 too large)

.vector_3       0x9fc01260        0x0
 *(.vector_3)
                0x00000001                ASSERT (((_vector_spacing == 0x0) || (SIZEOF (.vector_3) <= (_vector_spacing << 0x5))), function at exception vector 3 too large)

.vector_4       0x9fc01280        0x0
 *(.vector_4)
                0x00000001                ASSERT (((_vector_spacing == 0x0) || (SIZEOF (.vector_4) <= (_vector_spacing << 0x5))), function at exception vector 4 too large)

.vector_5       0x9fc012a0        0x0
 *(.vector_5)
                0x00000001                ASSERT (((_vector_spacing == 0x0) || (SIZEOF (.vector_5) <= (_vector_spacing << 0x5))), function at exception vector 5 too large)

.vector_6       0x9fc012c0        0x0
 *(.vector_6)
                0x00000001                ASSERT (((_vector_spacing == 0x0) || (SIZEOF (.vector_6) <= (_vector_spacing << 0x5))), function at exception vector 6 too large)

.vector_7       0x9fc012e0        0x0
 *(.vector_7)
                0x00000001                ASSERT (((_vector_spacing == 0x0) || (SIZEOF (.vector_7) <= (_vector_spacing << 0x5))), function at exception vector 7 too large)

.vector_8       0x9fc01300        0x0
 *(.vector_8)
                0x00000001                ASSERT (((_vector_spacing == 0x0) || (SIZEOF (.vector_8) <= (_vector_spacing << 0x5))), function at exception vector 8 too large)

.vector_9       0x9fc01320        0x0
 *(.vector_9)
                0x00000001                ASSERT (((_vector_spacing == 0x0) || (SIZEOF (.vector_9) <= (_vector_spacing << 0x5))), function at exception vector 9 too large)

.vector_10      0x9fc01340        0x0
 *(.vector_10)
                0x00000001                ASSERT (((_vector_spacing == 0x0) || (SIZEOF (.vector_10) <= (_vector_spacing << 0x5))), function at exception vector 10 too large)

.vector_11      0x9fc01360        0x0
 *(.vector_11)
                0x00000001                ASSERT (((_vector_spacing == 0x0) || (SIZEOF (.vector_11) <= (_vector_spacing << 0x5))), function at exception vector 11 too large)

.vector_12      0x9fc01380        0x0
 *(.vector_12)
                0x00000001                ASSERT (((_vector_spacing == 0x0) || (SIZEOF (.vector_12) <= (_vector_spacing << 0x5))), function at exception vector 12 too large)

.vector_13      0x9fc013a0        0x0
 *(.vector_13)
                0x00000001                ASSERT (((_vector_spacing == 0x0) || (SIZEOF (.vector_13) <= (_vector_spacing << 0x5))), function at exception vector 13 too large)

.vector_14      0x9fc013c0        0x0
 *(.vector_14)
                0x00000001                ASSERT (((_vector_spacing == 0x0) || (SIZEOF (.vector_14) <= (_vector_spacing << 0x5))), function at exception vector 14 too large)

.vector_15      0x9fc013e0        0x0
 *(.vector_15)
                0x00000001                ASSERT (((_vector_spacing == 0x0) || (SIZEOF (.vector_15) <= (_vector_spacing << 0x5))), function at exception vector 15 too large)

.vector_16      0x9fc01400        0x0
 *(.vector_16)
                0x00000001                ASSERT (((_vector_spacing == 0x0) || (SIZEOF (.vector_16) <= (_vector_spacing << 0x5))), function at exception vector 16 too large)

.vector_17      0x9fc01420        0x0
 *(.vector_17)
                0x00000001                ASSERT (((_vector_spacing == 0x0) || (SIZEOF (.vector_17) <= (_vector_spacing << 0x5))), function at exception vector 17 too large)

.vector_18      0x9fc01440        0x0
 *(.vector_18)
                0x00000001                ASSERT (((_vector_spacing == 0x0) || (SIZEOF (.vector_18) <= (_vector_spacing << 0x5))), function at exception vector 18 too large)

.vector_19      0x9fc01460        0x0
 *(.vector_19)
                0x00000001                ASSERT (((_vector_spacing == 0x0) || (SIZEOF (.vector_19) <= (_vector_spacing << 0x5))), function at exception vector 19 too large)

.vector_20      0x9fc01480        0x0
 *(.vector_20)
                0x00000001                ASSERT (((_vector_spacing == 0x0) || (SIZEOF (.vector_20) <= (_vector_spacing << 0x5))), function at exception vector 20 too large)

.vector_21      0x9fc014a0        0x0
 *(.vector_21)
                0x00000001                ASSERT (((_vector_spacing == 0x0) || (SIZEOF (.vector_21) <= (_vector_spacing << 0x5))), function at exception vector 21 too large)

.vector_22      0x9fc014c0        0x0
 *(.vector_22)
                0x00000001                ASSERT (((_vector_spacing == 0x0) || (SIZEOF (.vector_22) <= (_vector_spacing << 0x5))), function at exception vector 22 too large)

.vector_23      0x9fc014e0        0x0
 *(.vector_23)
                0x00000001                ASSERT (((_vector_spacing == 0x0) || (SIZEOF (.vector_23) <= (_vector_spacing << 0x5))), function at exception vector 23 too large)

.vector_24      0x9fc01500        0x0
 *(.vector_24)
                0x00000001                ASSERT (((_vector_spacing == 0x0) || (SIZEOF (.vector_24) <= (_vector_spacing << 0x5))), function at exception vector 24 too large)

.vector_25      0x9fc01520        0x0
 *(.vector_25)
                0x00000001                ASSERT (((_vector_spacing == 0x0) || (SIZEOF (.vector_25) <= (_vector_spacing << 0x5))), function at exception vector 25 too large)

.vector_26      0x9fc01540        0x0
 *(.vector_26)
                0x00000001                ASSERT (((_vector_spacing == 0x0) || (SIZEOF (.vector_26) <= (_vector_spacing << 0x5))), function at exception vector 26 too large)

.vector_27      0x9fc01560        0x0
 *(.vector_27)
                0x00000001                ASSERT (((_vector_spacing == 0x0) || (SIZEOF (.vector_27) <= (_vector_spacing << 0x5))), function at exception vector 27 too large)

.vector_28      0x9fc01580        0x0
 *(.vector_28)
                0x00000001                ASSERT (((_vector_spacing == 0x0) || (SIZEOF (.vector_28) <= (_vector_spacing << 0x5))), function at exception vector 28 too large)

.vector_29      0x9fc015a0        0x0
 *(.vector_29)
                0x00000001                ASSERT (((_vector_spacing == 0x0) || (SIZEOF (.vector_29) <= (_vector_spacing << 0x5))), function at exception vector 29 too large)

.vector_30      0x9fc015c0        0x0
 *(.vector_30)
                0x00000001                ASSERT (((_vector_spacing == 0x0) || (SIZEOF (.vector_30) <= (_vector_spacing << 0x5))), function at exception vector 30 too large)

.vector_31      0x9fc015e0        0x0
 *(.vector_31)
                0x00000001                ASSERT (((_vector_spacing == 0x0) || (SIZEOF (.vector_31) <= (_vector_spacing << 0x5))), function at exception vector 31 too large)

.vector_32      0x9fc01600        0x0
 *(.vector_32)
                0x00000001                ASSERT (((_vector_spacing == 0x0) || (SIZEOF (.vector_32) <= (_vector_spacing << 0x5))), function at exception vector 32 too large)

.vector_33      0x9fc01620        0x0
 *(.vector_33)
                0x00000001                ASSERT (((_vector_spacing == 0x0) || (SIZEOF (.vector_33) <= (_vector_spacing << 0x5))), function at exception vector 33 too large)

.vector_34      0x9fc01640        0x0
 *(.vector_34)
                0x00000001                ASSERT (((_vector_spacing == 0x0) || (SIZEOF (.vector_34) <= (_vector_spacing << 0x5))), function at exception vector 34 too large)

.vector_35      0x9fc01660        0x0
 *(.vector_35)
                0x00000001                ASSERT (((_vector_spacing == 0x0) || (SIZEOF (.vector_35) <= (_vector_spacing << 0x5))), function at exception vector 35 too large)

.vector_36      0x9fc01680        0x0
 *(.vector_36)
                0x00000001                ASSERT (((_vector_spacing == 0x0) || (SIZEOF (.vector_36) <= (_vector_spacing << 0x5))), function at exception vector 36 too large)

.vector_37      0x9fc016a0        0x0
 *(.vector_37)
                0x00000001                ASSERT (((_vector_spacing == 0x0) || (SIZEOF (.vector_37) <= (_vector_spacing << 0x5))), function at exception vector 37 too large)

.vector_38      0x9fc016c0        0x0
 *(.vector_38)
                0x00000001                ASSERT (((_vector_spacing == 0x0) || (SIZEOF (.vector_38) <= (_vector_spacing << 0x5))), function at exception vector 38 too large)

.vector_39      0x9fc016e0        0x0
 *(.vector_39)
                0x00000001                ASSERT (((_vector_spacing == 0x0) || (SIZEOF (.vector_39) <= (_vector_spacing << 0x5))), function at exception vector 39 too large)

.vector_40      0x9fc01700        0x0
 *(.vector_40)
                0x00000001                ASSERT (((_vector_spacing == 0x0) || (SIZEOF (.vector_40) <= (_vector_spacing << 0x5))), function at exception vector 40 too large)

.vector_41      0x9fc01720        0x0
 *(.vector_41)
                0x00000001                ASSERT (((_vector_spacing == 0x0) || (SIZEOF (.vector_41) <= (_vector_spacing << 0x5))), function at exception vector 41 too large)

.vector_42      0x9fc01740        0x0
 *(.vector_42)
                0x00000001                ASSERT (((_vector_spacing == 0x0) || (SIZEOF (.vector_42) <= (_vector_spacing << 0x5))), function at exception vector 42 too large)

.vector_43      0x9fc01760        0x0
 *(.vector_43)
                0x00000001                ASSERT (((_vector_spacing == 0x0) || (SIZEOF (.vector_43) <= (_vector_spacing << 0x5))), function at exception vector 43 too large)

.vector_44      0x9fc01780        0x0
 *(.vector_44)
                0x00000001                ASSERT (((_vector_spacing == 0x0) || (SIZEOF (.vector_44) <= (_vector_spacing << 0x5))), function at exception vector 44 too large)

.vector_45      0x9fc017a0        0x8
 *(.vector_45)
 .vector_45     0x9fc017a0        0x8 build/PIC32_USB_Starter_Kit_II/production/_ext/926206843/usb_device.o
                0x00000001                ASSERT (((_vector_spacing == 0x0) || (SIZEOF (.vector_45) <= (_vector_spacing << 0x5))), function at exception vector 45 too large)

.vector_46      0x9fc017c0        0x0
 *(.vector_46)
                0x00000001                ASSERT (((_vector_spacing == 0x0) || (SIZEOF (.vector_46) <= (_vector_spacing << 0x5))), function at exception vector 46 too large)

.vector_47      0x9fc017e0        0x0
 *(.vector_47)
                0x00000001                ASSERT (((_vector_spacing == 0x0) || (SIZEOF (.vector_47) <= (_vector_spacing << 0x5))), function at exception vector 47 too large)

.vector_48      0x9fc01800        0x0
 *(.vector_48)
                0x00000001                ASSERT (((_vector_spacing == 0x0) || (SIZEOF (.vector_48) <= (_vector_spacing << 0x5))), function at exception vector 48 too large)

.vector_49      0x9fc01820        0x0
 *(.vector_49)
                0x00000001                ASSERT (((_vector_spacing == 0x0) || (SIZEOF (.vector_49) <= (_vector_spacing << 0x5))), function at exception vector 49 too large)

.vector_50      0x9fc01840        0x0
 *(.vector_50)
                0x00000001                ASSERT (((_vector_spacing == 0x0) || (SIZEOF (.vector_50) <= (_vector_spacing << 0x5))), function at exception vector 50 too large)

.vector_51      0x9fc01860        0x0
 *(.vector_51)
                0x00000001                ASSERT (((_vector_spacing == 0x0) || (SIZEOF (.vector_51) <= (_vector_spacing << 0x5))), function at exception vector 51 too large)

.vector_52      0x9fc01880        0x0
 *(.vector_52)
                0x00000001                ASSERT (((_vector_spacing == 0x0) || (SIZEOF (.vector_52) <= (_vector_spacing << 0x5))), function at exception vector 52 too large)

.vector_53      0x9fc018a0        0x0
 *(.vector_53)
                0x00000001                ASSERT (((_vector_spacing == 0x0) || (SIZEOF (.vector_53) <= (_vector_spacing << 0x5))), function at exception vector 53 too large)

.vector_54      0x9fc018c0        0x0
 *(.vector_54)
                0x00000001                ASSERT (((_vector_spacing == 0x0) || (SIZEOF (.vector_54) <= (_vector_spacing << 0x5))), function at exception vector 54 too large)

.vector_55      0x9fc018e0        0x0
 *(.vector_55)
                0x00000001                ASSERT (((_vector_spacing == 0x0) || (SIZEOF (.vector_55) <= (_vector_spacing << 0x5))), function at exception vector 55 too large)

.vector_56      0x9fc01900        0x0
 *(.vector_56)
                0x00000001                ASSERT (((_vector_spacing == 0x0) || (SIZEOF (.vector_56) <= (_vector_spacing << 0x5))), function at exception vector 56 too large)

.vector_57      0x9fc01920        0x0
 *(.vector_57)
                0x00000001                ASSERT (((_vector_spacing == 0x0) || (SIZEOF (.vector_57) <= (_vector_spacing << 0x5))), function at exception vector 57 too large)

.vector_58      0x9fc01940        0x0
 *(.vector_58)
                0x00000001                ASSERT (((_vector_spacing == 0x0) || (SIZEOF (.vector_58) <= (_vector_spacing << 0x5))), function at exception vector 58 too large)

.vector_59      0x9fc01960        0x0
 *(.vector_59)
                0x00000001                ASSERT (((_vector_spacing == 0x0) || (SIZEOF (.vector_59) <= (_vector_spacing << 0x5))), function at exception vector 59 too large)

.vector_60      0x9fc01980        0x0
 *(.vector_60)
                0x00000001                ASSERT (((_vector_spacing == 0x0) || (SIZEOF (.vector_60) <= (_vector_spacing << 0x5))), function at exception vector 60 too large)

.vector_61      0x9fc019a0        0x0
 *(.vector_61)
                0x00000001                ASSERT (((_vector_spacing == 0x0) || (SIZEOF (.vector_61) <= (_vector_spacing << 0x5))), function at exception vector 61 too large)

.vector_62      0x9fc019c0        0x0
 *(.vector_62)
                0x00000001                ASSERT (((_vector_spacing == 0x0) || (SIZEOF (.vector_62) <= (_vector_spacing << 0x5))), function at exception vector 62 too large)

.vector_63      0x9fc019e0        0x0
 *(.vector_63)
                0x00000001                ASSERT (((_vector_spacing == 0x0) || (SIZEOF (.vector_63) <= (_vector_spacing << 0x5))), function at exception vector 63 too large)

.startup
 *(.startup)

.text
 *(.stub .gnu.linkonce.t.*)
 *(.text.*personality*)
 *(.mips16.fn.*)
 *(.mips16.call.*)
 *(.gnu.warning)

.rodata         0x9d000000        0x0
 *(.rodata.* .gnu.linkonce.r.*)
 *(.rodata1)
                0x9d000000                . = ALIGN (0x4)

.sdata2         0x9fc00490        0x0
 *(.sdata2 .sdata2.* .gnu.linkonce.s2.*)
                0x9fc00490                . = ALIGN (0x4)

.sbss2          0x9fc00490        0x0
 *(.sbss2 .sbss2.* .gnu.linkonce.sb2.*)
                0x9fc00490                . = ALIGN (0x4)

.eh_frame_hdr
 *(.eh_frame_hdr)

.eh_frame
 *(.eh_frame)

.dbg_data       0xa0000000        0x0
                0xa0000000                . = (. + DEFINED (_DEBUGGER)?0x200:0x0)

.persist        0xa0000000        0x0
                0xa0000000                _persist_begin = .
 *(.persist .persist.*)
                0xa0000000                . = ALIGN (0x4)
                0xa0000000                _persist_end = .

.eh_frame
 *(.eh_frame)
                0xa0000000                . = .
                0xa0007ff0                _gp = (ALIGN (0x10) + 0x7ff0)

.got
 *(.got.plt)
 *(.got)

.sdata          0xa0000000        0x0
                0xa0000000                _sdata_begin = .
 *(.sdata .sdata.* .gnu.linkonce.s.*)
                0xa0000000                _sdata_end = .

.lit8
 *(.lit8)

.lit4
 *(.lit4)
                0xa0000000                . = ALIGN (0x4)
                0xa0000000                _data_end = .
                0xa0000000                _bss_begin = .

.sbss           0xa0000000       0x99
                0xa0000000                _sbss_begin = .
 *(.dynsbss)
 *(.sbss .sbss.* .gnu.linkonce.sb.*)
 .sbss          0xa0000000        0x4 build/PIC32_USB_Starter_Kit_II/production/_ext/1472/main.o
 *(.scommon)
 .scommon       0xa0000004       0x5a build/PIC32_USB_Starter_Kit_II/production/_ext/926206843/usb_device.o
                0xa0000004                ep_data_in
                0xa0000008                USBDeferStatusStagePacket
                0xa000000c                USTATcopy
                0xa0000010                CtrlTrfData
                0xa0000018                RemoteWakeup
                0xa000001c                controlTransferState
                0xa000001d                USBStatusStageTimeoutCounter
                0xa0000020                pDst
                0xa0000024                USBDeferINDataStagePackets
                0xa0000028                ep_data_out
                0xa000002c                SetupPkt
                0xa0000034                pBDTEntryEP0OutNext
                0xa0000038                USBAlternateInterface
                0xa000003c                USBStatusStageEnabledFlag2
                0xa0000040                BothEP0OutUOWNsSet
                0xa0000044                USBBusIsSuspended
                0xa0000048                USBDeferOUTDataStagePackets
                0xa000004c                USBActiveConfiguration
                0xa0000050                USBStatusStageEnabledFlag1
                0xa0000054                USBDeviceState
                0xa0000058                pBDTEntryEP0OutCurrent
                0xa000005c                shortPacketStatus
                0xa000005d                endpoint_number
 *fill*         0xa000005e        0x2 00
 .scommon       0xa0000060       0x30 build/PIC32_USB_Starter_Kit_II/production/_ext/1083301514/usb_function_cdc.o
                0xa0000060                control_signal_bitmap
                0xa0000064                cdc_tx_len
                0xa0000065                cdc_trf_state
                0xa0000066                cdc_mem_type
                0xa0000068                CDCDataInHandle
                0xa000006c                pCDCSrc
                0xa0000070                cdc_rx_len
                0xa0000074                BaudRateGen
                0xa0000078                pCDCDst
                0xa000007c                line_coding
                0xa0000084                CDCDataOutHandle
                0xa0000088                dummy_encapsulated_cmd_response
 .scommon       0xa0000090        0x9 build/PIC32_USB_Starter_Kit_II/production/_ext/1472/main.o
                0xa0000090                stringPrinted
                0xa0000094                buttonPressed
                0xa0000098                buttonCount
                0xa0000099                _sbss_end = .

.bss            0xa0000200      0x36c
 *(.dynbss)
 *(COMMON)
 COMMON         0xa0000200      0x260 build/PIC32_USB_Starter_Kit_II/production/_ext/926206843/usb_device.o
                0xa0000200                inPipes
                0xa0000210                outPipes
                0xa000021c                pBDTEntryOut
                0xa0000228                pBDTEntryIn
                0xa0000400                BDT
 COMMON         0xa0000460       0x8c build/PIC32_USB_Starter_Kit_II/production/_ext/1083301514/usb_function_cdc.o
                0xa0000460                cdc_data_tx
                0xa00004a0                cdc_notice
                0xa00004ac                cdc_data_rx
 COMMON         0xa00004ec       0x80 build/PIC32_USB_Starter_Kit_II/production/_ext/1472/main.o
                0xa00004ec                USB_Out_Buffer
                0xa000052c                USB_In_Buffer
                0xa000056c                . = ALIGN (0x4)
                0xa000056c                . = ALIGN (0x4)
                0xa000056c                _end = .
                0xa000056c                _bss_end = .
                0x00020000                _bmxdudba_address = 0x20000
                0x00020000                _bmxdupba_address = 0x20000

/DISCARD/
 *(.pdr)
 *(.reginfo)
 *(.rel.dyn)
 *(.note.GNU-stack)
 *(.note.GNU-stack)
 *(.gnu_debuglink)
 *(.gnu.lto_*)
 *(.discard)

.stab
 *(.stab)

.stabstr
 *(.stabstr)

.stab.excl
 *(.stab.excl)

.stab.exclstr
 *(.stab.exclstr)

.stab.index
 *(.stab.index)

.stab.indexstr
 *(.stab.indexstr)

.comment        0x00000000       0xf7
 *(.comment)
 .comment       0x00000000       0x51 build/PIC32_USB_Starter_Kit_II/production/_ext/926206843/usb_device.o
                                 0x52 (size before relaxing)
 .comment       0x00000000       0x52 build/PIC32_USB_Starter_Kit_II/production/_ext/1083301514/usb_function_cdc.o
 .comment       0x00000000       0x52 build/PIC32_USB_Starter_Kit_II/production/_ext/1472/main.o
 .comment       0x00000000       0x52 build/PIC32_USB_Starter_Kit_II/production/_ext/1472/usb_descriptors.o
 .comment       0x00000051       0x55 d:/program files (x86)/microchip/mplab c32 suite/bin/../lib/gcc/pic32mx/4.5.1/../../../../pic32mx/lib\liblega-c.a(memset.o)
                                 0x56 (size before relaxing)
 .comment       0x00000000       0x52 d:/program files (x86)/microchip/mplab c32 suite/bin/../lib/gcc/pic32mx/4.5.1/../../../../pic32mx/lib\liblega-c.a(default-general-exception-handler.o)
 .comment       0x00000000       0x52 d:/program files (x86)/microchip/mplab c32 suite/bin/../lib/gcc/pic32mx/4.5.1/../../../../pic32mx/lib\liblega-c.a(default-bootstrap-exception-handler.o)
 .comment       0x00000000       0x52 d:/program files (x86)/microchip/mplab c32 suite/bin/../lib/gcc/pic32mx/4.5.1/../../../../pic32mx/lib\liblega-c.a(default-on-reset.o)
 .comment       0x00000000       0x52 d:/program files (x86)/microchip/mplab c32 suite/bin/../lib/gcc/pic32mx/4.5.1/../../../../pic32mx/lib\liblega-c.a(default-on-bootstrap.o)
 .comment       0x000000a6       0x51 d:/program files (x86)/microchip/mplab c32 suite/bin/../lib/gcc/pic32mx/4.5.1/../../../../pic32mx/lib\libmchp_peripheral_32MX795F512L.a(pcache.o)
                                 0x52 (size before relaxing)
 .comment       0x00000000       0x52 d:/program files (x86)/microchip/mplab c32 suite/bin/../lib/gcc/pic32mx/4.5.1/../../../../pic32mx/lib\libmchp_peripheral_32MX795F512L.a(int_enable_interrupts_lib.o)
 .comment       0x00000000       0x52 d:/program files (x86)/microchip/mplab c32 suite/bin/../lib/gcc/pic32mx/4.5.1/../../../../pic32mx/lib\libmchp_peripheral_32MX795F512L.a(int_disable_interrupts_lib.o)
 .comment       0x00000000       0x52 d:/program files (x86)/microchip/mplab c32 suite/bin/../lib/gcc/pic32mx/4.5.1/../../../../pic32mx/lib\libmchp_peripheral_32MX795F512L.a(int_restore_interrupts_lib.o)
 .comment       0x00000000       0x52 d:/program files (x86)/microchip/mplab c32 suite/bin/../lib/gcc/pic32mx/4.5.1/../../../../pic32mx/lib\libmchp_peripheral_32MX795F512L.a(int_enable_mv_int_lib.o)
 .comment       0x00000000       0x52 d:/program files (x86)/microchip/mplab c32 suite/bin/../lib/gcc/pic32mx/4.5.1/../../../../pic32mx/lib\libmchp_peripheral_32MX795F512L.a(int_tbl_lib.o)

.debug
 *(.debug)

.line
 *(.line)

.debug_srcinfo
 *(.debug_srcinfo)

.debug_sfnames
 *(.debug_sfnames)

.debug_aranges  0x00000000      0x168
 *(.debug_aranges)
 .debug_aranges
                0x00000000       0x20 build/PIC32_USB_Starter_Kit_II/production/_ext/926206843/usb_device.o
 .debug_aranges
                0x00000020       0x20 build/PIC32_USB_Starter_Kit_II/production/_ext/1083301514/usb_function_cdc.o
 .debug_aranges
                0x00000040       0x20 build/PIC32_USB_Starter_Kit_II/production/_ext/1472/main.o
 .debug_aranges
                0x00000060       0x28 d:/program files (x86)/microchip/mplab c32 suite/bin/../lib/gcc/pic32mx/4.5.1/../../../../pic32mx/lib\libmchp_peripheral_32MX795F512L.a(pcache.o)
 .debug_aranges
                0x00000088       0x20 d:/program files (x86)/microchip/mplab c32 suite/bin/../lib/gcc/pic32mx/4.5.1/../../../../pic32mx/lib\libmchp_peripheral_32MX795F512L.a(int_enable_interrupts_lib.o)
 .debug_aranges
                0x000000a8       0x20 d:/program files (x86)/microchip/mplab c32 suite/bin/../lib/gcc/pic32mx/4.5.1/../../../../pic32mx/lib\libmchp_peripheral_32MX795F512L.a(int_disable_interrupts_lib.o)
 .debug_aranges
                0x000000c8       0x20 d:/program files (x86)/microchip/mplab c32 suite/bin/../lib/gcc/pic32mx/4.5.1/../../../../pic32mx/lib\libmchp_peripheral_32MX795F512L.a(int_restore_interrupts_lib.o)
 .debug_aranges
                0x000000e8       0x20 d:/program files (x86)/microchip/mplab c32 suite/bin/../lib/gcc/pic32mx/4.5.1/../../../../pic32mx/lib\libmchp_peripheral_32MX795F512L.a(int_enable_mv_int_lib.o)
 .debug_aranges
                0x00000108       0x60 d:/program files (x86)/microchip/mplab c32 suite/bin/../lib/gcc/pic32mx/4.5.1/../../../../pic32mx/lib\libmchp_peripheral_32MX795F512L.a(int_tbl_lib.o)

.debug_pubnames
                0x00000000      0x88b
 *(.debug_pubnames)
 .debug_pubnames
                0x00000000      0x33a build/PIC32_USB_Starter_Kit_II/production/_ext/926206843/usb_device.o
 .debug_pubnames
                0x0000033a      0x1b2 build/PIC32_USB_Starter_Kit_II/production/_ext/1083301514/usb_function_cdc.o
 .debug_pubnames
                0x000004ec      0x171 build/PIC32_USB_Starter_Kit_II/production/_ext/1472/main.o
 .debug_pubnames
                0x0000065d       0x73 build/PIC32_USB_Starter_Kit_II/production/_ext/1472/usb_descriptors.o
 .debug_pubnames
                0x000006d0       0x3b d:/program files (x86)/microchip/mplab c32 suite/bin/../lib/gcc/pic32mx/4.5.1/../../../../pic32mx/lib\libmchp_peripheral_32MX795F512L.a(pcache.o)
 .debug_pubnames
                0x0000070b       0x2a d:/program files (x86)/microchip/mplab c32 suite/bin/../lib/gcc/pic32mx/4.5.1/../../../../pic32mx/lib\libmchp_peripheral_32MX795F512L.a(int_enable_interrupts_lib.o)
 .debug_pubnames
                0x00000735       0x2b d:/program files (x86)/microchip/mplab c32 suite/bin/../lib/gcc/pic32mx/4.5.1/../../../../pic32mx/lib\libmchp_peripheral_32MX795F512L.a(int_disable_interrupts_lib.o)
 .debug_pubnames
                0x00000760       0x2b d:/program files (x86)/microchip/mplab c32 suite/bin/../lib/gcc/pic32mx/4.5.1/../../../../pic32mx/lib\libmchp_peripheral_32MX795F512L.a(int_restore_interrupts_lib.o)
 .debug_pubnames
                0x0000078b       0x36 d:/program files (x86)/microchip/mplab c32 suite/bin/../lib/gcc/pic32mx/4.5.1/../../../../pic32mx/lib\libmchp_peripheral_32MX795F512L.a(int_enable_mv_int_lib.o)
 .debug_pubnames
                0x000007c1       0xca d:/program files (x86)/microchip/mplab c32 suite/bin/../lib/gcc/pic32mx/4.5.1/../../../../pic32mx/lib\libmchp_peripheral_32MX795F512L.a(int_tbl_lib.o)

.debug_info     0x00000000     0xa876
 *(.debug_info .gnu.linkonce.wi.*)
 .debug_info    0x00000000     0x3c4d build/PIC32_USB_Starter_Kit_II/production/_ext/926206843/usb_device.o
 .debug_info    0x00003c4d     0x2a09 build/PIC32_USB_Starter_Kit_II/production/_ext/1083301514/usb_function_cdc.o
 .debug_info    0x00006656     0x246f build/PIC32_USB_Starter_Kit_II/production/_ext/1472/main.o
 .debug_info    0x00008ac5     0x1802 build/PIC32_USB_Starter_Kit_II/production/_ext/1472/usb_descriptors.o
 .debug_info    0x0000a2c7       0xd4 d:/program files (x86)/microchip/mplab c32 suite/bin/../lib/gcc/pic32mx/4.5.1/../../../../pic32mx/lib\libmchp_peripheral_32MX795F512L.a(pcache.o)
 .debug_info    0x0000a39b       0xc9 d:/program files (x86)/microchip/mplab c32 suite/bin/../lib/gcc/pic32mx/4.5.1/../../../../pic32mx/lib\libmchp_peripheral_32MX795F512L.a(int_enable_interrupts_lib.o)
 .debug_info    0x0000a464       0xcb d:/program files (x86)/microchip/mplab c32 suite/bin/../lib/gcc/pic32mx/4.5.1/../../../../pic32mx/lib\libmchp_peripheral_32MX795F512L.a(int_disable_interrupts_lib.o)
 .debug_info    0x0000a52f       0xcb d:/program files (x86)/microchip/mplab c32 suite/bin/../lib/gcc/pic32mx/4.5.1/../../../../pic32mx/lib\libmchp_peripheral_32MX795F512L.a(int_restore_interrupts_lib.o)
 .debug_info    0x0000a5fa       0xd1 d:/program files (x86)/microchip/mplab c32 suite/bin/../lib/gcc/pic32mx/4.5.1/../../../../pic32mx/lib\libmchp_peripheral_32MX795F512L.a(int_enable_mv_int_lib.o)
 .debug_info    0x0000a6cb      0x1ab d:/program files (x86)/microchip/mplab c32 suite/bin/../lib/gcc/pic32mx/4.5.1/../../../../pic32mx/lib\libmchp_peripheral_32MX795F512L.a(int_tbl_lib.o)

.debug_abbrev   0x00000000      0xb81
 *(.debug_abbrev)
 .debug_abbrev  0x00000000      0x2f5 build/PIC32_USB_Starter_Kit_II/production/_ext/926206843/usb_device.o
 .debug_abbrev  0x000002f5      0x29f build/PIC32_USB_Starter_Kit_II/production/_ext/1083301514/usb_function_cdc.o
 .debug_abbrev  0x00000594      0x32a build/PIC32_USB_Starter_Kit_II/production/_ext/1472/main.o
 .debug_abbrev  0x000008be      0x1e5 build/PIC32_USB_Starter_Kit_II/production/_ext/1472/usb_descriptors.o
 .debug_abbrev  0x00000aa3       0x25 d:/program files (x86)/microchip/mplab c32 suite/bin/../lib/gcc/pic32mx/4.5.1/../../../../pic32mx/lib\libmchp_peripheral_32MX795F512L.a(pcache.o)
 .debug_abbrev  0x00000ac8       0x25 d:/program files (x86)/microchip/mplab c32 suite/bin/../lib/gcc/pic32mx/4.5.1/../../../../pic32mx/lib\libmchp_peripheral_32MX795F512L.a(int_enable_interrupts_lib.o)
 .debug_abbrev  0x00000aed       0x25 d:/program files (x86)/microchip/mplab c32 suite/bin/../lib/gcc/pic32mx/4.5.1/../../../../pic32mx/lib\libmchp_peripheral_32MX795F512L.a(int_disable_interrupts_lib.o)
 .debug_abbrev  0x00000b12       0x25 d:/program files (x86)/microchip/mplab c32 suite/bin/../lib/gcc/pic32mx/4.5.1/../../../../pic32mx/lib\libmchp_peripheral_32MX795F512L.a(int_restore_interrupts_lib.o)
 .debug_abbrev  0x00000b37       0x25 d:/program files (x86)/microchip/mplab c32 suite/bin/../lib/gcc/pic32mx/4.5.1/../../../../pic32mx/lib\libmchp_peripheral_32MX795F512L.a(int_enable_mv_int_lib.o)
 .debug_abbrev  0x00000b5c       0x25 d:/program files (x86)/microchip/mplab c32 suite/bin/../lib/gcc/pic32mx/4.5.1/../../../../pic32mx/lib\libmchp_peripheral_32MX795F512L.a(int_tbl_lib.o)

.debug_line     0x00000000     0x11e0
 *(.debug_line)
 .debug_line    0x00000000      0x6ca build/PIC32_USB_Starter_Kit_II/production/_ext/926206843/usb_device.o
 .debug_line    0x000006ca      0x310 build/PIC32_USB_Starter_Kit_II/production/_ext/1083301514/usb_function_cdc.o
 .debug_line    0x000009da      0x38a build/PIC32_USB_Starter_Kit_II/production/_ext/1472/main.o
 .debug_line    0x00000d64      0x1f0 build/PIC32_USB_Starter_Kit_II/production/_ext/1472/usb_descriptors.o
 .debug_line    0x00000f54       0x62 d:/program files (x86)/microchip/mplab c32 suite/bin/../lib/gcc/pic32mx/4.5.1/../../../../pic32mx/lib\libmchp_peripheral_32MX795F512L.a(pcache.o)
 .debug_line    0x00000fb6       0x72 d:/program files (x86)/microchip/mplab c32 suite/bin/../lib/gcc/pic32mx/4.5.1/../../../../pic32mx/lib\libmchp_peripheral_32MX795F512L.a(int_enable_interrupts_lib.o)
 .debug_line    0x00001028       0x73 d:/program files (x86)/microchip/mplab c32 suite/bin/../lib/gcc/pic32mx/4.5.1/../../../../pic32mx/lib\libmchp_peripheral_32MX795F512L.a(int_disable_interrupts_lib.o)
 .debug_line    0x0000109b       0x73 d:/program files (x86)/microchip/mplab c32 suite/bin/../lib/gcc/pic32mx/4.5.1/../../../../pic32mx/lib\libmchp_peripheral_32MX795F512L.a(int_restore_interrupts_lib.o)
 .debug_line    0x0000110e       0x6e d:/program files (x86)/microchip/mplab c32 suite/bin/../lib/gcc/pic32mx/4.5.1/../../../../pic32mx/lib\libmchp_peripheral_32MX795F512L.a(int_enable_mv_int_lib.o)
 .debug_line    0x0000117c       0x64 d:/program files (x86)/microchip/mplab c32 suite/bin/../lib/gcc/pic32mx/4.5.1/../../../../pic32mx/lib\libmchp_peripheral_32MX795F512L.a(int_tbl_lib.o)

.debug_frame    0x00000000      0x69c
 *(.debug_frame)
 .debug_frame   0x00000000      0x2e8 build/PIC32_USB_Starter_Kit_II/production/_ext/926206843/usb_device.o
 .debug_frame   0x000002e8       0xe0 build/PIC32_USB_Starter_Kit_II/production/_ext/1083301514/usb_function_cdc.o
 .debug_frame   0x000003c8      0x17c build/PIC32_USB_Starter_Kit_II/production/_ext/1472/main.o
 .debug_frame   0x00000544       0x30 d:/program files (x86)/microchip/mplab c32 suite/bin/../lib/gcc/pic32mx/4.5.1/../../../../pic32mx/lib\libmchp_peripheral_32MX795F512L.a(pcache.o)
 .debug_frame   0x00000574       0x20 d:/program files (x86)/microchip/mplab c32 suite/bin/../lib/gcc/pic32mx/4.5.1/../../../../pic32mx/lib\libmchp_peripheral_32MX795F512L.a(int_enable_interrupts_lib.o)
 .debug_frame   0x00000594       0x20 d:/program files (x86)/microchip/mplab c32 suite/bin/../lib/gcc/pic32mx/4.5.1/../../../../pic32mx/lib\libmchp_peripheral_32MX795F512L.a(int_disable_interrupts_lib.o)
 .debug_frame   0x000005b4       0x20 d:/program files (x86)/microchip/mplab c32 suite/bin/../lib/gcc/pic32mx/4.5.1/../../../../pic32mx/lib\libmchp_peripheral_32MX795F512L.a(int_restore_interrupts_lib.o)
 .debug_frame   0x000005d4       0x28 d:/program files (x86)/microchip/mplab c32 suite/bin/../lib/gcc/pic32mx/4.5.1/../../../../pic32mx/lib\libmchp_peripheral_32MX795F512L.a(int_enable_mv_int_lib.o)
 .debug_frame   0x000005fc       0xa0 d:/program files (x86)/microchip/mplab c32 suite/bin/../lib/gcc/pic32mx/4.5.1/../../../../pic32mx/lib\libmchp_peripheral_32MX795F512L.a(int_tbl_lib.o)

.debug_str      0x00000000      0x920
 *(.debug_str)
 .debug_str     0x00000000      0x3c3 build/PIC32_USB_Starter_Kit_II/production/_ext/926206843/usb_device.o
 .debug_str     0x000003c3      0x204 build/PIC32_USB_Starter_Kit_II/production/_ext/1083301514/usb_function_cdc.o
 .debug_str     0x000005c7      0x200 build/PIC32_USB_Starter_Kit_II/production/_ext/1472/main.o
 .debug_str     0x000007c7      0x159 build/PIC32_USB_Starter_Kit_II/production/_ext/1472/usb_descriptors.o
 .debug_str     0x00000920        0x0 d:/program files (x86)/microchip/mplab c32 suite/bin/../lib/gcc/pic32mx/4.5.1/../../../../pic32mx/lib\libmchp_peripheral_32MX795F512L.a(pcache.o)
 .debug_str     0x00000920        0x0 d:/program files (x86)/microchip/mplab c32 suite/bin/../lib/gcc/pic32mx/4.5.1/../../../../pic32mx/lib\libmchp_peripheral_32MX795F512L.a(int_enable_interrupts_lib.o)
 .debug_str     0x00000920        0x0 d:/program files (x86)/microchip/mplab c32 suite/bin/../lib/gcc/pic32mx/4.5.1/../../../../pic32mx/lib\libmchp_peripheral_32MX795F512L.a(int_disable_interrupts_lib.o)
 .debug_str     0x00000920        0x0 d:/program files (x86)/microchip/mplab c32 suite/bin/../lib/gcc/pic32mx/4.5.1/../../../../pic32mx/lib\libmchp_peripheral_32MX795F512L.a(int_restore_interrupts_lib.o)
 .debug_str     0x00000920        0x0 d:/program files (x86)/microchip/mplab c32 suite/bin/../lib/gcc/pic32mx/4.5.1/../../../../pic32mx/lib\libmchp_peripheral_32MX795F512L.a(int_enable_mv_int_lib.o)
 .debug_str     0x00000920        0x0 d:/program files (x86)/microchip/mplab c32 suite/bin/../lib/gcc/pic32mx/4.5.1/../../../../pic32mx/lib\libmchp_peripheral_32MX795F512L.a(int_tbl_lib.o)

.debug_loc
 *(.debug_loc)

.debug_macinfo
 *(.debug_macinfo)

.debug_weaknames
 *(.debug_weaknames)

.debug_funcnames
 *(.debug_funcnames)

.debug_typenames
 *(.debug_typenames)

.debug_varnames
 *(.debug_varnames)

.debug_pubtypes
                0x00000000      0x7a1
 *(.debug_pubtypes)
 .debug_pubtypes
                0x00000000      0x2af build/PIC32_USB_Starter_Kit_II/production/_ext/926206843/usb_device.o
 .debug_pubtypes
                0x000002af      0x249 build/PIC32_USB_Starter_Kit_II/production/_ext/1083301514/usb_function_cdc.o
 .debug_pubtypes
                0x000004f8      0x17b build/PIC32_USB_Starter_Kit_II/production/_ext/1472/main.o
 .debug_pubtypes
                0x00000673      0x12e build/PIC32_USB_Starter_Kit_II/production/_ext/1472/usb_descriptors.o

.debug_ranges   0x00000000       0xf0
 *(.debug_ranges)
 .debug_ranges  0x00000000       0x18 build/PIC32_USB_Starter_Kit_II/production/_ext/926206843/usb_device.o
 .debug_ranges  0x00000018       0x30 build/PIC32_USB_Starter_Kit_II/production/_ext/1472/main.o
 .debug_ranges  0x00000048       0x18 d:/program files (x86)/microchip/mplab c32 suite/bin/../lib/gcc/pic32mx/4.5.1/../../../../pic32mx/lib\libmchp_peripheral_32MX795F512L.a(pcache.o)
 .debug_ranges  0x00000060       0x10 d:/program files (x86)/microchip/mplab c32 suite/bin/../lib/gcc/pic32mx/4.5.1/../../../../pic32mx/lib\libmchp_peripheral_32MX795F512L.a(int_enable_interrupts_lib.o)
 .debug_ranges  0x00000070       0x10 d:/program files (x86)/microchip/mplab c32 suite/bin/../lib/gcc/pic32mx/4.5.1/../../../../pic32mx/lib\libmchp_peripheral_32MX795F512L.a(int_disable_interrupts_lib.o)
 .debug_ranges  0x00000080       0x10 d:/program files (x86)/microchip/mplab c32 suite/bin/../lib/gcc/pic32mx/4.5.1/../../../../pic32mx/lib\libmchp_peripheral_32MX795F512L.a(int_restore_interrupts_lib.o)
 .debug_ranges  0x00000090       0x10 d:/program files (x86)/microchip/mplab c32 suite/bin/../lib/gcc/pic32mx/4.5.1/../../../../pic32mx/lib\libmchp_peripheral_32MX795F512L.a(int_enable_mv_int_lib.o)
 .debug_ranges  0x000000a0       0x50 d:/program files (x86)/microchip/mplab c32 suite/bin/../lib/gcc/pic32mx/4.5.1/../../../../pic32mx/lib\libmchp_peripheral_32MX795F512L.a(int_tbl_lib.o)

.gnu.attributes
                0x00000000       0x10
 *(.gnu.attributes)
 .gnu.attributes
                0x00000000       0x10 build/PIC32_USB_Starter_Kit_II/production/_ext/926206843/usb_device.o
 .gnu.attributes
                0x00000010       0x10 build/PIC32_USB_Starter_Kit_II/production/_ext/1083301514/usb_function_cdc.o
 .gnu.attributes
                0x00000020       0x10 build/PIC32_USB_Starter_Kit_II/production/_ext/1472/main.o
 .gnu.attributes
                0x00000030       0x10 build/PIC32_USB_Starter_Kit_II/production/_ext/1472/usb_descriptors.o
 .gnu.attributes
                0x00000040       0x10 d:/program files (x86)/microchip/mplab c32 suite/bin/../lib/gcc/pic32mx/4.5.1/../../../../pic32mx/lib\liblega-c.a(default-general-exception-handler.o)
 .gnu.attributes
                0x00000050       0x10 d:/program files (x86)/microchip/mplab c32 suite/bin/../lib/gcc/pic32mx/4.5.1/../../../../pic32mx/lib\liblega-c.a(default-bootstrap-exception-handler.o)
 .gnu.attributes
                0x00000060       0x10 d:/program files (x86)/microchip/mplab c32 suite/bin/../lib/gcc/pic32mx/4.5.1/../../../../pic32mx/lib\liblega-c.a(default-on-reset.o)
 .gnu.attributes
                0x00000070       0x10 d:/program files (x86)/microchip/mplab c32 suite/bin/../lib/gcc/pic32mx/4.5.1/../../../../pic32mx/lib\liblega-c.a(default-on-bootstrap.o)
 .gnu.attributes
                0x00000080       0x10 d:/program files (x86)/microchip/mplab c32 suite/bin/../lib/gcc/pic32mx/4.5.1/../../../../pic32mx/lib\libmchp_peripheral_32MX795F512L.a(pcache.o)
 .gnu.attributes
                0x00000090       0x10 d:/program files (x86)/microchip/mplab c32 suite/bin/../lib/gcc/pic32mx/4.5.1/../../../../pic32mx/lib\libmchp_peripheral_32MX795F512L.a(int_enable_interrupts_lib.o)
 .gnu.attributes
                0x000000a0       0x10 d:/program files (x86)/microchip/mplab c32 suite/bin/../lib/gcc/pic32mx/4.5.1/../../../../pic32mx/lib\libmchp_peripheral_32MX795F512L.a(int_disable_interrupts_lib.o)
 .gnu.attributes
                0x000000b0       0x10 d:/program files (x86)/microchip/mplab c32 suite/bin/../lib/gcc/pic32mx/4.5.1/../../../../pic32mx/lib\libmchp_peripheral_32MX795F512L.a(int_restore_interrupts_lib.o)
 .gnu.attributes
                0x000000c0       0x10 d:/program files (x86)/microchip/mplab c32 suite/bin/../lib/gcc/pic32mx/4.5.1/../../../../pic32mx/lib\libmchp_peripheral_32MX795F512L.a(int_enable_mv_int_lib.o)
 .gnu.attributes
                0x000000d0       0x10 d:/program files (x86)/microchip/mplab c32 suite/bin/../lib/gcc/pic32mx/4.5.1/../../../../pic32mx/lib\libmchp_peripheral_32MX795F512L.a(int_tbl_lib.o)
OUTPUT(dist/PIC32_USB_Starter_Kit_II/production/MPLAB.X.production.elf elf32-tradlittlemips)
LOAD stack
LOAD data_init

.stack          0xa0000588      0x400
 .stack         0xa0000588      0x400 stack

.bss%z1         0x00000000        0x0
 .bss           0x00000000        0x0 d:/program files (x86)/microchip/mplab c32 suite/bin/../lib/gcc/pic32mx/4.5.1/../../../../pic32mx/lib/./proc/32MX795F512L\processor.o

.data%z2        0x00000000        0x0
 .data          0x00000000        0x0 d:/program files (x86)/microchip/mplab c32 suite/bin/../lib/gcc/pic32mx/4.5.1/../../../../pic32mx/lib/./proc/32MX795F512L\processor.o

.mdebug.abi32%z3
                0x00000000        0x0
 .mdebug.abi32  0x00000000        0x0 d:/program files (x86)/microchip/mplab c32 suite/bin/../lib/gcc/pic32mx/4.5.1/../../../../pic32mx/lib\libmchp_peripheral_32MX795F512L.a(int_tbl_lib.o)

.bss%z4         0x00000000        0x0
 .bss           0x00000000        0x0 d:/program files (x86)/microchip/mplab c32 suite/bin/../lib/gcc/pic32mx/4.5.1/../../../../pic32mx/lib\libmchp_peripheral_32MX795F512L.a(int_tbl_lib.o)

.data%z5        0x00000000        0x0
 .data          0x00000000        0x0 d:/program files (x86)/microchip/mplab c32 suite/bin/../lib/gcc/pic32mx/4.5.1/../../../../pic32mx/lib\libmchp_peripheral_32MX795F512L.a(int_tbl_lib.o)

.mdebug.abi32%z6
                0x00000000        0x0
 .mdebug.abi32  0x00000000        0x0 d:/program files (x86)/microchip/mplab c32 suite/bin/../lib/gcc/pic32mx/4.5.1/../../../../pic32mx/lib\libmchp_peripheral_32MX795F512L.a(int_enable_mv_int_lib.o)

.bss%z7         0x00000000        0x0
 .bss           0x00000000        0x0 d:/program files (x86)/microchip/mplab c32 suite/bin/../lib/gcc/pic32mx/4.5.1/../../../../pic32mx/lib\libmchp_peripheral_32MX795F512L.a(int_enable_mv_int_lib.o)

.data%z8        0x00000000        0x0
 .data          0x00000000        0x0 d:/program files (x86)/microchip/mplab c32 suite/bin/../lib/gcc/pic32mx/4.5.1/../../../../pic32mx/lib\libmchp_peripheral_32MX795F512L.a(int_enable_mv_int_lib.o)

.mdebug.abi32%z9
                0x00000000        0x0
 .mdebug.abi32  0x00000000        0x0 d:/program files (x86)/microchip/mplab c32 suite/bin/../lib/gcc/pic32mx/4.5.1/../../../../pic32mx/lib\libmchp_peripheral_32MX795F512L.a(int_restore_interrupts_lib.o)

.bss%z10        0x00000000        0x0
 .bss           0x00000000        0x0 d:/program files (x86)/microchip/mplab c32 suite/bin/../lib/gcc/pic32mx/4.5.1/../../../../pic32mx/lib\libmchp_peripheral_32MX795F512L.a(int_restore_interrupts_lib.o)

.data%z11       0x00000000        0x0
 .data          0x00000000        0x0 d:/program files (x86)/microchip/mplab c32 suite/bin/../lib/gcc/pic32mx/4.5.1/../../../../pic32mx/lib\libmchp_peripheral_32MX795F512L.a(int_restore_interrupts_lib.o)

.mdebug.abi32%z12
                0x00000000        0x0
 .mdebug.abi32  0x00000000        0x0 d:/program files (x86)/microchip/mplab c32 suite/bin/../lib/gcc/pic32mx/4.5.1/../../../../pic32mx/lib\libmchp_peripheral_32MX795F512L.a(int_disable_interrupts_lib.o)

.bss%z13        0x00000000        0x0
 .bss           0x00000000        0x0 d:/program files (x86)/microchip/mplab c32 suite/bin/../lib/gcc/pic32mx/4.5.1/../../../../pic32mx/lib\libmchp_peripheral_32MX795F512L.a(int_disable_interrupts_lib.o)

.data%z14       0x00000000        0x0
 .data          0x00000000        0x0 d:/program files (x86)/microchip/mplab c32 suite/bin/../lib/gcc/pic32mx/4.5.1/../../../../pic32mx/lib\libmchp_peripheral_32MX795F512L.a(int_disable_interrupts_lib.o)

.mdebug.abi32%z15
                0x00000000        0x0
 .mdebug.abi32  0x00000000        0x0 d:/program files (x86)/microchip/mplab c32 suite/bin/../lib/gcc/pic32mx/4.5.1/../../../../pic32mx/lib\libmchp_peripheral_32MX795F512L.a(int_enable_interrupts_lib.o)

.bss%z16        0x00000000        0x0
 .bss           0x00000000        0x0 d:/program files (x86)/microchip/mplab c32 suite/bin/../lib/gcc/pic32mx/4.5.1/../../../../pic32mx/lib\libmchp_peripheral_32MX795F512L.a(int_enable_interrupts_lib.o)

.data%z17       0x00000000        0x0
 .data          0x00000000        0x0 d:/program files (x86)/microchip/mplab c32 suite/bin/../lib/gcc/pic32mx/4.5.1/../../../../pic32mx/lib\libmchp_peripheral_32MX795F512L.a(int_enable_interrupts_lib.o)

.mdebug.abi32%z18
                0x00000000        0x0
 .mdebug.abi32  0x00000000        0x0 d:/program files (x86)/microchip/mplab c32 suite/bin/../lib/gcc/pic32mx/4.5.1/../../../../pic32mx/lib\libmchp_peripheral_32MX795F512L.a(pcache.o)

.bss%z19        0x00000000        0x0
 .bss           0x00000000        0x0 d:/program files (x86)/microchip/mplab c32 suite/bin/../lib/gcc/pic32mx/4.5.1/../../../../pic32mx/lib\libmchp_peripheral_32MX795F512L.a(pcache.o)

.data%z20       0x00000000        0x0
 .data          0x00000000        0x0 d:/program files (x86)/microchip/mplab c32 suite/bin/../lib/gcc/pic32mx/4.5.1/../../../../pic32mx/lib\libmchp_peripheral_32MX795F512L.a(pcache.o)

.bss%z21        0x00000000        0x0
 .bss           0x00000000        0x0 d:/program files (x86)/microchip/mplab c32 suite/bin/../lib/gcc/pic32mx/4.5.1/../../../../pic32mx/lib\liblega-c.a(default-nmi-handler.o)

.data%z22       0x00000000        0x0
 .data          0x00000000        0x0 d:/program files (x86)/microchip/mplab c32 suite/bin/../lib/gcc/pic32mx/4.5.1/../../../../pic32mx/lib\liblega-c.a(default-nmi-handler.o)

.mdebug.abi32%z23
                0x00000000        0x0
 .mdebug.abi32  0x00000000        0x0 d:/program files (x86)/microchip/mplab c32 suite/bin/../lib/gcc/pic32mx/4.5.1/../../../../pic32mx/lib\liblega-c.a(default-on-bootstrap.o)

.bss%z24        0x00000000        0x0
 .bss           0x00000000        0x0 d:/program files (x86)/microchip/mplab c32 suite/bin/../lib/gcc/pic32mx/4.5.1/../../../../pic32mx/lib\liblega-c.a(default-on-bootstrap.o)

.data%z25       0x00000000        0x0
 .data          0x00000000        0x0 d:/program files (x86)/microchip/mplab c32 suite/bin/../lib/gcc/pic32mx/4.5.1/../../../../pic32mx/lib\liblega-c.a(default-on-bootstrap.o)

.mdebug.abi32%z26
                0x00000000        0x0
 .mdebug.abi32  0x00000000        0x0 d:/program files (x86)/microchip/mplab c32 suite/bin/../lib/gcc/pic32mx/4.5.1/../../../../pic32mx/lib\liblega-c.a(default-on-reset.o)

.bss%z27        0x00000000        0x0
 .bss           0x00000000        0x0 d:/program files (x86)/microchip/mplab c32 suite/bin/../lib/gcc/pic32mx/4.5.1/../../../../pic32mx/lib\liblega-c.a(default-on-reset.o)

.data%z28       0x00000000        0x0
 .data          0x00000000        0x0 d:/program files (x86)/microchip/mplab c32 suite/bin/../lib/gcc/pic32mx/4.5.1/../../../../pic32mx/lib\liblega-c.a(default-on-reset.o)

.mdebug.abi32%z29
                0x00000000        0x0
 .mdebug.abi32  0x00000000        0x0 d:/program files (x86)/microchip/mplab c32 suite/bin/../lib/gcc/pic32mx/4.5.1/../../../../pic32mx/lib\liblega-c.a(default-bootstrap-exception-handler.o)

.bss%z30        0x00000000        0x0
 .bss           0x00000000        0x0 d:/program files (x86)/microchip/mplab c32 suite/bin/../lib/gcc/pic32mx/4.5.1/../../../../pic32mx/lib\liblega-c.a(default-bootstrap-exception-handler.o)

.data%z31       0x00000000        0x0
 .data          0x00000000        0x0 d:/program files (x86)/microchip/mplab c32 suite/bin/../lib/gcc/pic32mx/4.5.1/../../../../pic32mx/lib\liblega-c.a(default-bootstrap-exception-handler.o)

.mdebug.abi32%z32
                0x00000000        0x0
 .mdebug.abi32  0x00000000        0x0 d:/program files (x86)/microchip/mplab c32 suite/bin/../lib/gcc/pic32mx/4.5.1/../../../../pic32mx/lib\liblega-c.a(default-general-exception-handler.o)

.bss%z33        0x00000000        0x0
 .bss           0x00000000        0x0 d:/program files (x86)/microchip/mplab c32 suite/bin/../lib/gcc/pic32mx/4.5.1/../../../../pic32mx/lib\liblega-c.a(default-general-exception-handler.o)

.data%z34       0x00000000        0x0
 .data          0x00000000        0x0 d:/program files (x86)/microchip/mplab c32 suite/bin/../lib/gcc/pic32mx/4.5.1/../../../../pic32mx/lib\liblega-c.a(default-general-exception-handler.o)

.bss%z35        0x00000000        0x0
 .bss           0x00000000        0x0 d:/program files (x86)/microchip/mplab c32 suite/bin/../lib/gcc/pic32mx/4.5.1/../../../../pic32mx/lib\liblega-c.a(legacy-general-exception.o)

.data%z36       0x00000000        0x0
 .data          0x00000000        0x0 d:/program files (x86)/microchip/mplab c32 suite/bin/../lib/gcc/pic32mx/4.5.1/../../../../pic32mx/lib\liblega-c.a(legacy-general-exception.o)

.bss%z37        0x00000000        0x0
 .bss           0x00000000        0x0 d:/program files (x86)/microchip/mplab c32 suite/bin/../lib/gcc/pic32mx/4.5.1/../../../../pic32mx/lib\liblega-c.a(memset.o)

.data%z38       0x00000000        0x0
 .data          0x00000000        0x0 d:/program files (x86)/microchip/mplab c32 suite/bin/../lib/gcc/pic32mx/4.5.1/../../../../pic32mx/lib\liblega-c.a(memset.o)

.mdebug.abi32%z39
                0x00000000        0x0
 .mdebug.abi32  0x00000000        0x0 build/PIC32_USB_Starter_Kit_II/production/_ext/1472/usb_descriptors.o

.bss%z40        0x00000000        0x0
 .bss           0x00000000        0x0 build/PIC32_USB_Starter_Kit_II/production/_ext/1472/usb_descriptors.o

.data%z41       0x00000000        0x0
 .data          0x00000000        0x0 build/PIC32_USB_Starter_Kit_II/production/_ext/1472/usb_descriptors.o

.mdebug.abi32%z42
                0x00000000        0x0
 .mdebug.abi32  0x00000000        0x0 build/PIC32_USB_Starter_Kit_II/production/_ext/1472/main.o

.bss%z43        0x00000000        0x0
 .bss           0x00000000        0x0 build/PIC32_USB_Starter_Kit_II/production/_ext/1472/main.o

.data%z44       0x00000000        0x0
 .data          0x00000000        0x0 build/PIC32_USB_Starter_Kit_II/production/_ext/1472/main.o

.mdebug.abi32%z45
                0x00000000        0x0
 .mdebug.abi32  0x00000000        0x0 build/PIC32_USB_Starter_Kit_II/production/_ext/1083301514/usb_function_cdc.o

.bss%z46        0x00000000        0x0
 .bss           0x00000000        0x0 build/PIC32_USB_Starter_Kit_II/production/_ext/1083301514/usb_function_cdc.o

.data%z47       0x00000000        0x0
 .data          0x00000000        0x0 build/PIC32_USB_Starter_Kit_II/production/_ext/1083301514/usb_function_cdc.o

.mdebug.abi32%z48
                0x00000000        0x0
 .mdebug.abi32  0x00000000        0x0 build/PIC32_USB_Starter_Kit_II/production/_ext/926206843/usb_device.o

.bss%z49        0x00000000        0x0
 .bss           0x00000000        0x0 build/PIC32_USB_Starter_Kit_II/production/_ext/926206843/usb_device.o

.data%z50       0x00000000        0x0
 .data          0x00000000        0x0 build/PIC32_USB_Starter_Kit_II/production/_ext/926206843/usb_device.o

.bss%z51        0x00000000        0x0
 .bss           0x00000000        0x0 d:/program files (x86)/microchip/mplab c32 suite/bin/../lib/gcc/pic32mx/4.5.1/../../../../pic32mx/lib/crt0.o

.data%z52       0x00000000        0x0
 .data          0x00000000        0x0 d:/program files (x86)/microchip/mplab c32 suite/bin/../lib/gcc/pic32mx/4.5.1/../../../../pic32mx/lib/crt0.o

.text           0x9d000008     0x4cc0
 .text          0x9d000008     0x36fc build/PIC32_USB_Starter_Kit_II/production/_ext/926206843/usb_device.o
                0x9d000008                USBDeviceInit
                0x9d000304                _USB1Interrupt
                0x9d000828                USBEnableEndpoint
                0x9d0008cc                USBTransferOnePacket
                0x9d000b4c                USBStallEndpoint
                0x9d000d5c                USBCancelIO
                0x9d001190                USBDeviceDetach
                0x9d0011c4                USBDeviceAttach
                0x9d0012b8                USBCtrlEPAllowStatusStage
                0x9d0014ec                USBCtrlEPAllowDataStage
 .text          0x9d003704      0xb8c build/PIC32_USB_Starter_Kit_II/production/_ext/1472/main.o
                0x9d003704                main
                0x9d0039f0                UserInit
                0x9d003a70                ProcessIO
                0x9d003c38                BlinkUSBStatus
                0x9d003ecc                USBCBSuspend
                0x9d003eec                USBCBWakeFromSuspend
                0x9d003f0c                USBCB_SOF_Handler
                0x9d003fc0                USBCBErrorHandler
                0x9d003fe0                USBCBCheckOtherReq
                0x9d004010                USBCBStdSetDscHandler
                0x9d004030                USBCBInitEP
                0x9d004060                USBCBSendResume
                0x9d004148                USER_USB_CALLBACK_EVENT_HANDLER
 .text          0x9d004290      0xa38 build/PIC32_USB_Starter_Kit_II/production/_ext/1083301514/usb_function_cdc.o
                0x9d004290                USBCheckCDCRequest
                0x9d004600                CDCInitEP
                0x9d00468c                USBCDCEventHandler
                0x9d00472c                getsUSBUSART
                0x9d004870                putUSBUSART
                0x9d0048e0                putsUSBUSART
                0x9d0049b4                putrsUSBUSART
                0x9d004a84                CDCTxService

.rodata         0x9d004cc8      0x8a8
 .rodata        0x9d004cc8      0x7d4 d:/program files (x86)/microchip/mplab c32 suite/bin/../lib/gcc/pic32mx/4.5.1/../../../../pic32mx/lib\libmchp_peripheral_32MX795F512L.a(int_tbl_lib.o)
                0x9d004cc8                __IntSrcTbl
                0x9d0051e4                __IntVectorTbl
 .rodata        0x9d00549c       0xd4 build/PIC32_USB_Starter_Kit_II/production/_ext/1472/usb_descriptors.o
                0x9d00549c                device_dsc
                0x9d0054b0                configDescriptor1
                0x9d0054f4                sd000
                0x9d0054f8                sd001
                0x9d00552c                sd002
                0x9d005560                USB_CD_Ptr
                0x9d005564                USB_SD_Ptr

.text.general_exception
                0x9d005570       0xd0
 .text.general_exception
                0x9d005570       0xd0 d:/program files (x86)/microchip/mplab c32 suite/bin/../lib/gcc/pic32mx/4.5.1/../../../../pic32mx/lib\liblega-c.a(legacy-general-exception.o)
                0x9d005570                _general_exception_context

.text           0x9d005640       0xa8
 .text          0x9d005640       0xa8 d:/program files (x86)/microchip/mplab c32 suite/bin/../lib/gcc/pic32mx/4.5.1/../../../../pic32mx/lib\liblega-c.a(memset.o)
                0x9d005640                memset

.text.INTEnable
                0x9d0056e8       0x58
 .text.INTEnable
                0x9d0056e8       0x58 d:/program files (x86)/microchip/mplab c32 suite/bin/../lib/gcc/pic32mx/4.5.1/../../../../pic32mx/lib\libmchp_peripheral_32MX795F512L.a(int_tbl_lib.o)
                0x9d0056e8                INTEnable

.text.INTSetVectorPriority
                0x9d005740       0x3c
 .text.INTSetVectorPriority
                0x9d005740       0x3c d:/program files (x86)/microchip/mplab c32 suite/bin/../lib/gcc/pic32mx/4.5.1/../../../../pic32mx/lib\libmchp_peripheral_32MX795F512L.a(int_tbl_lib.o)
                0x9d005740                INTSetVectorPriority

.text.INTSetVectorSubPriority
                0x9d00577c       0x3c
 .text.INTSetVectorSubPriority
                0x9d00577c       0x3c d:/program files (x86)/microchip/mplab c32 suite/bin/../lib/gcc/pic32mx/4.5.1/../../../../pic32mx/lib\libmchp_peripheral_32MX795F512L.a(int_tbl_lib.o)
                0x9d00577c                INTSetVectorSubPriority

.text.INTEnableSystemMultiVectoredInt
                0x9d0057b8       0x34
 .text.INTEnableSystemMultiVectoredInt
                0x9d0057b8       0x34 d:/program files (x86)/microchip/mplab c32 suite/bin/../lib/gcc/pic32mx/4.5.1/../../../../pic32mx/lib\libmchp_peripheral_32MX795F512L.a(int_enable_mv_int_lib.o)
                0x9d0057b8                INTEnableSystemMultiVectoredInt

.dinit          0x9d0057ec       0x34
 .dinit         0x9d0057ec       0x34 data_init

.text.INTGetVectorPriority
                0x9d005820       0x30
 .text.INTGetVectorPriority
                0x9d005820       0x30 d:/program files (x86)/microchip/mplab c32 suite/bin/../lib/gcc/pic32mx/4.5.1/../../../../pic32mx/lib\libmchp_peripheral_32MX795F512L.a(int_tbl_lib.o)
                0x9d005820                INTGetVectorPriority

.text.INTGetVectorSubPriority
                0x9d005850       0x30
 .text.INTGetVectorSubPriority
                0x9d005850       0x30 d:/program files (x86)/microchip/mplab c32 suite/bin/../lib/gcc/pic32mx/4.5.1/../../../../pic32mx/lib\libmchp_peripheral_32MX795F512L.a(int_tbl_lib.o)
                0x9d005850                INTGetVectorSubPriority

.text.INTClearFlag
                0x9d005880       0x2c
 .text.INTClearFlag
                0x9d005880       0x2c d:/program files (x86)/microchip/mplab c32 suite/bin/../lib/gcc/pic32mx/4.5.1/../../../../pic32mx/lib\libmchp_peripheral_32MX795F512L.a(int_tbl_lib.o)
                0x9d005880                INTClearFlag

.text.INTSetFlag
                0x9d0058ac       0x2c
 .text.INTSetFlag
                0x9d0058ac       0x2c d:/program files (x86)/microchip/mplab c32 suite/bin/../lib/gcc/pic32mx/4.5.1/../../../../pic32mx/lib\libmchp_peripheral_32MX795F512L.a(int_tbl_lib.o)
                0x9d0058ac                INTSetFlag

.text.INTGetFlag
                0x9d0058d8       0x2c
 .text.INTGetFlag
                0x9d0058d8       0x2c d:/program files (x86)/microchip/mplab c32 suite/bin/../lib/gcc/pic32mx/4.5.1/../../../../pic32mx/lib\libmchp_peripheral_32MX795F512L.a(int_tbl_lib.o)
                0x9d0058d8                INTGetFlag

.text.INTGetEnable
                0x9d005904       0x2c
 .text.INTGetEnable
                0x9d005904       0x2c d:/program files (x86)/microchip/mplab c32 suite/bin/../lib/gcc/pic32mx/4.5.1/../../../../pic32mx/lib\libmchp_peripheral_32MX795F512L.a(int_tbl_lib.o)
                0x9d005904                INTGetEnable

.text.INTRestoreInterrupts
                0x9d005930       0x1c
 .text.INTRestoreInterrupts
                0x9d005930       0x1c d:/program files (x86)/microchip/mplab c32 suite/bin/../lib/gcc/pic32mx/4.5.1/../../../../pic32mx/lib\libmchp_peripheral_32MX795F512L.a(int_restore_interrupts_lib.o)
                0x9d005930                INTRestoreInterrupts

.rodata         0x9d00594c       0x18
 .rodata        0x9d00594c       0x18 build/PIC32_USB_Starter_Kit_II/production/_ext/1472/main.o

.text           0x9d005964       0x18
 .text          0x9d005964       0x18 d:/program files (x86)/microchip/mplab c32 suite/bin/../lib/gcc/pic32mx/4.5.1/../../../../pic32mx/lib\liblega-c.a(default-nmi-handler.o)
                0x9d005964                _nmi_handler

.text.CheKseg0CacheOff
                0x9d00597c       0x18
 .text.CheKseg0CacheOff
                0x9d00597c       0x18 d:/program files (x86)/microchip/mplab c32 suite/bin/../lib/gcc/pic32mx/4.5.1/../../../../pic32mx/lib\libmchp_peripheral_32MX795F512L.a(pcache.o)
                0x9d00597c                CheKseg0CacheOff

.text.CheKseg0CacheOn
                0x9d005994       0x18
 .text.CheKseg0CacheOn
                0x9d005994       0x18 d:/program files (x86)/microchip/mplab c32 suite/bin/../lib/gcc/pic32mx/4.5.1/../../../../pic32mx/lib\libmchp_peripheral_32MX795F512L.a(pcache.o)
                0x9d005994                CheKseg0CacheOn

.text           0x9d0059ac       0x30
 .text          0x9d0059ac       0x10 d:/program files (x86)/microchip/mplab c32 suite/bin/../lib/gcc/pic32mx/4.5.1/../../../../pic32mx/lib/crt0.o
                0x9d0059b4                __crt0_exit
 .text          0x9d0059bc        0x8 d:/program files (x86)/microchip/mplab c32 suite/bin/../lib/gcc/pic32mx/4.5.1/../../../../pic32mx/lib\liblega-c.a(default-general-exception-handler.o)
                0x9d0059bc                _general_exception_handler
 .text          0x9d0059c4        0x8 d:/program files (x86)/microchip/mplab c32 suite/bin/../lib/gcc/pic32mx/4.5.1/../../../../pic32mx/lib\liblega-c.a(default-bootstrap-exception-handler.o)
                0x9d0059c4                _bootstrap_exception_handler
 .text          0x9d0059cc        0x8 d:/program files (x86)/microchip/mplab c32 suite/bin/../lib/gcc/pic32mx/4.5.1/../../../../pic32mx/lib\liblega-c.a(default-on-reset.o)
                0x9d0059cc                _on_reset
 .text          0x9d0059d4        0x8 d:/program files (x86)/microchip/mplab c32 suite/bin/../lib/gcc/pic32mx/4.5.1/../../../../pic32mx/lib\liblega-c.a(default-on-bootstrap.o)
                0x9d0059d4                _on_bootstrap

.text.INTEnableInterrupts
                0x9d0059dc        0x8
 .text.INTEnableInterrupts
                0x9d0059dc        0x8 d:/program files (x86)/microchip/mplab c32 suite/bin/../lib/gcc/pic32mx/4.5.1/../../../../pic32mx/lib\libmchp_peripheral_32MX795F512L.a(int_enable_interrupts_lib.o)
                0x9d0059dc                INTEnableInterrupts

.text.INTDisableInterrupts
                0x9d0059e4        0x8
 .text.INTDisableInterrupts
                0x9d0059e4        0x8 d:/program files (x86)/microchip/mplab c32 suite/bin/../lib/gcc/pic32mx/4.5.1/../../../../pic32mx/lib\libmchp_peripheral_32MX795F512L.a(int_disable_interrupts_lib.o)
                0x9d0059e4                INTDisableInterrupts

.text%z53       0x00000000        0x0
 .text          0x00000000        0x0 d:/program files (x86)/microchip/mplab c32 suite/bin/../lib/gcc/pic32mx/4.5.1/../../../../pic32mx/lib/./proc/32MX795F512L\processor.o

.text%z54       0x00000000        0x0
 .text          0x00000000        0x0 d:/program files (x86)/microchip/mplab c32 suite/bin/../lib/gcc/pic32mx/4.5.1/../../../../pic32mx/lib\libmchp_peripheral_32MX795F512L.a(int_tbl_lib.o)

.text%z55       0x00000000        0x0
 .text          0x00000000        0x0 d:/program files (x86)/microchip/mplab c32 suite/bin/../lib/gcc/pic32mx/4.5.1/../../../../pic32mx/lib\libmchp_peripheral_32MX795F512L.a(int_enable_mv_int_lib.o)

.text%z56       0x00000000        0x0
 .text          0x00000000        0x0 d:/program files (x86)/microchip/mplab c32 suite/bin/../lib/gcc/pic32mx/4.5.1/../../../../pic32mx/lib\libmchp_peripheral_32MX795F512L.a(int_restore_interrupts_lib.o)

.text%z57       0x00000000        0x0
 .text          0x00000000        0x0 d:/program files (x86)/microchip/mplab c32 suite/bin/../lib/gcc/pic32mx/4.5.1/../../../../pic32mx/lib\libmchp_peripheral_32MX795F512L.a(int_disable_interrupts_lib.o)

.text%z58       0x00000000        0x0
 .text          0x00000000        0x0 d:/program files (x86)/microchip/mplab c32 suite/bin/../lib/gcc/pic32mx/4.5.1/../../../../pic32mx/lib\libmchp_peripheral_32MX795F512L.a(int_enable_interrupts_lib.o)

.text%z59       0x00000000        0x0
 .text          0x00000000        0x0 d:/program files (x86)/microchip/mplab c32 suite/bin/../lib/gcc/pic32mx/4.5.1/../../../../pic32mx/lib\libmchp_peripheral_32MX795F512L.a(pcache.o)

.text%z60       0x00000000        0x0
 .text          0x00000000        0x0 d:/program files (x86)/microchip/mplab c32 suite/bin/../lib/gcc/pic32mx/4.5.1/../../../../pic32mx/lib\liblega-c.a(legacy-general-exception.o)

.text%z61       0x00000000        0x0
 .text          0x00000000        0x0 build/PIC32_USB_Starter_Kit_II/production/_ext/1472/usb_descriptors.o
